<html>
<body>
<pre>
<h1>µVision Build Log</h1>
<h2>Tool Versions:</h2>
IDE-Version: ¦ÌVision V5.26.2.0
Copyright (C) 2018 ARM Ltd and ARM Germany GmbH. All rights reserved.
License Information: w Administrator, z, LIC=HN012-9LMDH-CJN6Z-J894Y-RN70J-SKA6U
 
Tool Versions:
Toolchain:       MDK-ARM Plus  Version: 5.26.2.0
Toolchain Path:  C:\Keil_v5\ARM\ARMCC\Bin
C Compiler:      Armcc.exe V5.06 update 6 (build 750)
Assembler:       Armasm.exe V5.06 update 6 (build 750)
Linker/Locator:  ArmLink.exe V5.06 update 6 (build 750)
Library Manager: ArmAr.exe V5.06 update 6 (build 750)
Hex Converter:   FromElf.exe V5.06 update 6 (build 750)
CPU DLL:         SARMCM3.DLL V5.26.2.0
Dialog DLL:      DCM.DLL V1.17.2.0
Target DLL:      Segger\JL2CM3.dll V2.99.31.0
Dialog DLL:      TCM.DLL V1.36.1.0
 
<h2>Project:</h2>
C:\Users\Administrator\Desktop\github_code\STM32CubeMX_Rebuild_Recoder\MDK-ARM\Radio_Rebuild_Stm32CubeMX.uvprojx
Project File Date:  12/14/2018

<h2>Output:</h2>
*** Using Compiler 'V5.06 update 6 (build 750)', folder: 'C:\Keil_v5\ARM\ARMCC\Bin'
Build target 'Radio_Rebuild_Stm32CubeMX'
assembling startup_stm32f411xe.s...
compiling stm32f4xx_hal_msp.c...
compiling stm32f4xx_hal_mmc.c...
compiling main.c...
../Src/main.c(167): warning:  #188-D: enumerated type mixed with another type
  	HAL_GPIO_WritePin(GPIOB,PWR_CTL_Pin,1);
../Src/main.c: 1 warning, 0 errors
compiling usbd_conf.c...
compiling bsp_driver_sd.c...
../Src/bsp_driver_sd.c(155): warning:  #223-D: function "Error_Handler" declared implicitly
        Error_Handler();
../Src/bsp_driver_sd.c(197): warning:  #223-D: function "Error_Handler" declared implicitly
        Error_Handler();
../Src/bsp_driver_sd.c: 2 warnings, 0 errors
compiling usb_device.c...
compiling stm32f4xx_it.c...
compiling usbd_storage_if.c...
compiling stm32f4xx_hal_pcd_ex.c...
compiling usbd_desc.c...
compiling sd_diskio.c...
compiling fatfs.c...
compiling stm32f4xx_hal_pcd.c...
compiling stm32f4xx_hal_adc.c...
compiling stm32f4xx_ll_usb.c...
compiling stm32f4xx_hal_adc_ex.c...
compiling stm32f4xx_hal_rcc_ex.c...
compiling stm32f4xx_hal_gpio.c...
compiling stm32f4xx_ll_sdmmc.c...
compiling stm32f4xx_hal_flash_ex.c...
compiling stm32f4xx_hal_dma.c...
compiling stm32f4xx_hal_tim_ex.c...
compiling stm32f4xx_hal_dma_ex.c...
compiling stm32f4xx_hal_flash_ramfunc.c...
compiling stm32f4xx_hal_pwr.c...
compiling stm32f4xx_hal_flash.c...
compiling stm32f4xx_hal_rcc.c...
compiling stm32f4xx_hal_pwr_ex.c...
compiling stm32f4xx_hal_sd.c...
compiling stm32f4xx_hal_tim.c...
compiling stm32f4xx_hal_cortex.c...
compiling stm32f4xx_hal.c...
compiling ff_gen_drv.c...
compiling system_stm32f4xx.c...
compiling diskio.c...
compiling usbd_msc.c...
compiling syscall.c...
compiling usbd_msc_data.c...
compiling usbd_ioreq.c...
compiling usbd_core.c...
compiling usbd_msc_bot.c...
compiling usbd_ctlreq.c...
compiling usbd_msc_scsi.c...
compiling cc950.c...
compiling basic_function.c...
compiling ringbuffer.c...
compiling malloc.c...
compiling ff.c...
compiling fatfs_write_wav.c...
compiling lpc.c...
compiling filters.c...
compiling quant_lsp.c...
compiling modes_wb.c...
..\SelfCode\speex-1.2.0\libspeex\modes_wb.c(213): warning:  #1035-D: single-precision operand implicitly converted to double-precision
     QCONST16(0.9f,15),
..\SelfCode\speex-1.2.0\libspeex\modes_wb.c(259): warning:  #1035-D: single-precision operand implicitly converted to double-precision
     QCONST16(0.7f,15),
..\SelfCode\speex-1.2.0\libspeex\modes_wb.c: 2 warnings, 0 errors
compiling bits.c...
compiling cb_search.c...
compiling lsp.c...
compiling modes.c...
compiling kiss_fftr.c...
compiling sb_celp.c...
compiling ltp.c...
compiling kiss_fft.c...
compiling nb_celp.c...
..\SelfCode\speex-1.2.0\libspeex\nb_celp.c(151): warning:  #1035-D: single-precision operand implicitly converted to double-precision
        st->old_lsp[i]= DIV32(MULT16_16(QCONST16(3.1415927f, LSP_SHIFT), i+1), NB_ORDER+1);
..\SelfCode\speex-1.2.0\libspeex\nb_celp.c(330): warning:  #1035-D: single-precision operand implicitly converted to double-precision
              st->old_lsp[i]= DIV32(MULT16_16(QCONST16(3.1415927f, LSP_SHIFT), i+1), NB_ORDER+1);
..\SelfCode\speex-1.2.0\libspeex\nb_celp.c(1001): warning:  #1035-D: single-precision operand implicitly converted to double-precision
                 target[i]=MULT16_16_P13(QCONST16(2.2f,13), target[i]);
..\SelfCode\speex-1.2.0\libspeex\nb_celp.c(1005): warning:  #1035-D: single-precision operand implicitly converted to double-precision
              signal_mul(innov2, innov2, MULT16_32_Q15(QCONST16(0.454545f,15),ener), NB_SUBFRAME_SIZE);
..\SelfCode\speex-1.2.0\libspeex\nb_celp.c(1005): warning:  #1035-D: single-precision operand implicitly converted to double-precision
              signal_mul(innov2, innov2, MULT16_32_Q15(QCONST16(0.454545f,15),ener), NB_SUBFRAME_SIZE);
..\SelfCode\speex-1.2.0\libspeex\nb_celp.c(1460): warning:  #1035-D: single-precision operand implicitly converted to double-precision
        bw_lpc(QCONST16(0.93f,15), st->interp_qlpc, lpc, NB_ORDER);
..\SelfCode\speex-1.2.0\libspeex\nb_celp.c(1663): warning:  #1035-D: single-precision operand implicitly converted to double-precision
                 signal_mul(innov2, innov2, MULT16_32_Q15(QCONST16(0.454545f,15),ener), NB_SUBFRAME_SIZE);
..\SelfCode\speex-1.2.0\libspeex\nb_celp.c(1663): warning:  #1035-D: single-precision operand implicitly converted to double-precision
                 signal_mul(innov2, innov2, MULT16_32_Q15(QCONST16(0.454545f,15),ener), NB_SUBFRAME_SIZE);
..\SelfCode\speex-1.2.0\libspeex\nb_celp.c(1682): warning:  #1035-D: single-precision operand implicitly converted to double-precision
              g=MULT16_16_P14(QCONST16(1.5f,14),(g-QCONST16(.2f,6)));
..\SelfCode\speex-1.2.0\libspeex\nb_celp.c(1682): warning:  #1035-D: single-precision operand implicitly converted to double-precision
              g=MULT16_16_P14(QCONST16(1.5f,14),(g-QCONST16(.2f,6)));
..\SelfCode\speex-1.2.0\libspeex\nb_celp.c(1702): warning:  #1035-D: single-precision operand implicitly converted to double-precision
                 exc[i]= ADD16(ADD16(MULT16_16_Q15(QCONST16(.7f,15),exc[i]) , MULT16_16_Q15(QCONST16(.3f,15),st->voc_m1)),
..\SelfCode\speex-1.2.0\libspeex\nb_celp.c(1702): warning:  #1035-D: single-precision operand implicitly converted to double-precision
                 exc[i]= ADD16(ADD16(MULT16_16_Q15(QCONST16(.7f,15),exc[i]) , MULT16_16_Q15(QCONST16(.3f,15),st->voc_m1)),
..\SelfCode\speex-1.2.0\libspeex\nb_celp.c(1702): warning:  #1035-D: single-precision operand implicitly converted to double-precision
                 exc[i]= ADD16(ADD16(MULT16_16_Q15(QCONST16(.7f,15),exc[i]) , MULT16_16_Q15(QCONST16(.3f,15),st->voc_m1)),
..\SelfCode\speex-1.2.0\libspeex\nb_celp.c(1702): warning:  #1035-D: single-precision operand implicitly converted to double-precision
                 exc[i]= ADD16(ADD16(MULT16_16_Q15(QCONST16(.7f,15),exc[i]) , MULT16_16_Q15(QCONST16(.3f,15),st->voc_m1)),
..\SelfCode\speex-1.2.0\libspeex\nb_celp.c(1708): warning:  #1035-D: single-precision operand implicitly converted to double-precision
                 st->voc_mean = EXTRACT16(PSHR32(ADD32(MULT16_16(QCONST16(.8f,15),st->voc_mean), MULT16_16(QCONST16(.2f,15),exc[i])), 15));
..\SelfCode\speex-1.2.0\libspeex\nb_celp.c(1708): warning:  #1035-D: single-precision operand implicitly converted to double-precision
                 st->voc_mean = EXTRACT16(PSHR32(ADD32(MULT16_16(QCONST16(.8f,15),st->voc_mean), MULT16_16(QCONST16(.2f,15),exc[i])), 15));
..\SelfCode\speex-1.2.0\libspeex\nb_celp.c(1793): warning:  #1035-D: single-precision operand implicitly converted to double-precision
     st->max_level = MAX16(MULT16_16_Q15(QCONST16(.99f,15), st->max_level), st->level);
..\SelfCode\speex-1.2.0\libspeex\nb_celp.c(1793): warning:  #1035-D: single-precision operand implicitly converted to double-precision
     st->max_level = MAX16(MULT16_16_Q15(QCONST16(.99f,15), st->max_level), st->level);
..\SelfCode\speex-1.2.0\libspeex\nb_celp.c(1794): warning:  #1035-D: single-precision operand implicitly converted to double-precision
     st->min_level = MIN16(ADD16(1,MULT16_16_Q14(QCONST16(1.01f,14), st->min_level)), st->level);
..\SelfCode\speex-1.2.0\libspeex\nb_celp.c(1794): warning:  #1035-D: single-precision operand implicitly converted to double-precision
     st->min_level = MIN16(ADD16(1,MULT16_16_Q14(QCONST16(1.01f,14), st->min_level)), st->level);
..\SelfCode\speex-1.2.0\libspeex\nb_celp.c: 20 warnings, 0 errors
compiling smallft.c...
compiling speex.c...
compiling speex_callbacks.c...
compiling vq.c...
compiling window.c...
compiling vorbis_psy.c...
compiling speex_header.c...
compiling stereo.c...
..\SelfCode\speex-1.2.0\include\speex/speex_stereo.h(64): warning:  #1295-D: Deprecated declaration speex_stereo_state_init - give arg types
  SpeexStereoState *speex_stereo_state_init();
..\SelfCode\speex-1.2.0\libspeex\stereo.c: 1 warning, 0 errors
compiling vbr.c...
linking...
Program Size: Code=66652 RO-data=117220 RW-data=432 ZI-data=1239216  
FromELF: creating hex file...
"Radio_Rebuild_Stm32CubeMX\Radio_Rebuild_Stm32CubeMX.axf" - 0 Error(s), 26 Warning(s).

<h2>Software Packages used:</h2>

Package Vendor: ARM
                http://www.keil.com/pack/ARM.CMSIS.5.4.0.pack
                ARM.CMSIS.5.4.0
                CMSIS (Cortex Microcontroller Software Interface Standard)
   * Component: CORE Version: 5.1.2

Package Vendor: Keil
                http://www.keil.com/pack/Keil.STM32F4xx_DFP.2.13.0.pack
                Keil.STM32F4xx_DFP.2.13.0
                STMicroelectronics STM32F4 Series Device Support, Drivers and Examples

<h2>Collection of Component include folders:</h2>
  .\RTE\_Radio_Rebuild_Stm32CubeMX
  C:\Keil_v5\ARM\PACK\ARM\CMSIS\5.4.0\CMSIS\Core\Include
  C:\Keil_v5\ARM\PACK\Keil\STM32F4xx_DFP\2.13.0\Drivers\CMSIS\Device\ST\STM32F4xx\Include

<h2>Collection of Component Files used:</h2>

   * Component: ARM::CMSIS:CORE:5.1.2
Build Time Elapsed:  00:00:12
</pre>
</body>
</html>
