Component: ARM Compiler 5.06 update 6 (build 750) Tool: armlink [4d35ed]

==============================================================================

Section Cross References

    startup_stm32f411xe.o(RESET) refers to startup_stm32f411xe.o(STACK) for __initial_sp
    startup_stm32f411xe.o(RESET) refers to startup_stm32f411xe.o(.text) for Reset_Handler
    startup_stm32f411xe.o(RESET) refers to stm32f4xx_it.o(i.NMI_Handler) for NMI_Handler
    startup_stm32f411xe.o(RESET) refers to stm32f4xx_it.o(i.HardFault_Handler) for HardFault_Handler
    startup_stm32f411xe.o(RESET) refers to stm32f4xx_it.o(i.MemManage_Handler) for MemManage_Handler
    startup_stm32f411xe.o(RESET) refers to stm32f4xx_it.o(i.BusFault_Handler) for BusFault_Handler
    startup_stm32f411xe.o(RESET) refers to stm32f4xx_it.o(i.UsageFault_Handler) for UsageFault_Handler
    startup_stm32f411xe.o(RESET) refers to stm32f4xx_it.o(i.SVC_Handler) for SVC_Handler
    startup_stm32f411xe.o(RESET) refers to stm32f4xx_it.o(i.DebugMon_Handler) for DebugMon_Handler
    startup_stm32f411xe.o(RESET) refers to stm32f4xx_it.o(i.PendSV_Handler) for PendSV_Handler
    startup_stm32f411xe.o(RESET) refers to stm32f4xx_it.o(i.SysTick_Handler) for SysTick_Handler
    startup_stm32f411xe.o(RESET) refers to stm32f4xx_it.o(i.TIM3_IRQHandler) for TIM3_IRQHandler
    startup_stm32f411xe.o(RESET) refers to stm32f4xx_it.o(i.SDIO_IRQHandler) for SDIO_IRQHandler
    startup_stm32f411xe.o(RESET) refers to stm32f4xx_it.o(i.DMA2_Stream0_IRQHandler) for DMA2_Stream0_IRQHandler
    startup_stm32f411xe.o(RESET) refers to stm32f4xx_it.o(i.DMA2_Stream3_IRQHandler) for DMA2_Stream3_IRQHandler
    startup_stm32f411xe.o(RESET) refers to stm32f4xx_it.o(i.DMA2_Stream6_IRQHandler) for DMA2_Stream6_IRQHandler
    startup_stm32f411xe.o(.text) refers to system_stm32f4xx.o(i.SystemInit) for SystemInit
    startup_stm32f411xe.o(.text) refers to entry.o(.ARM.Collect$$$$00000000) for __main
    main.o(i.Fatfs_RW_test) refers to ff.o(i.f_mount) for f_mount
    main.o(i.Fatfs_RW_test) refers to stm32f4xx_hal_gpio.o(i.HAL_GPIO_WritePin) for HAL_GPIO_WritePin
    main.o(i.Fatfs_RW_test) refers to stm32f4xx_hal_gpio.o(i.HAL_GPIO_TogglePin) for HAL_GPIO_TogglePin
    main.o(i.Fatfs_RW_test) refers to ff.o(i.f_open) for f_open
    main.o(i.Fatfs_RW_test) refers to ff.o(i.f_read) for f_read
    main.o(i.Fatfs_RW_test) refers to ff.o(i.f_close) for f_close
    main.o(i.Fatfs_RW_test) refers to fatfs.o(.bss) for SDFatFS
    main.o(i.Fatfs_RW_test) refers to fatfs.o(.data) for retSD
    main.o(i.Fatfs_RW_test) refers to main.o(.data) for filename
    main.o(i.Fatfs_RW_test) refers to main.o(.bss) for fil
    main.o(i.MX_ADC1_Init) refers to stm32f4xx_hal_adc.o(i.HAL_ADC_Init) for HAL_ADC_Init
    main.o(i.MX_ADC1_Init) refers to main.o(i.Error_Handler) for Error_Handler
    main.o(i.MX_ADC1_Init) refers to stm32f4xx_hal_adc.o(i.HAL_ADC_ConfigChannel) for HAL_ADC_ConfigChannel
    main.o(i.MX_ADC1_Init) refers to main.o(.bss) for hadc1
    main.o(i.MX_DMA_Init) refers to stm32f4xx_hal_cortex.o(i.HAL_NVIC_SetPriority) for HAL_NVIC_SetPriority
    main.o(i.MX_DMA_Init) refers to stm32f4xx_hal_cortex.o(i.HAL_NVIC_EnableIRQ) for HAL_NVIC_EnableIRQ
    main.o(i.MX_GPIO_Init) refers to memseta.o(.text) for __aeabi_memclr4
    main.o(i.MX_GPIO_Init) refers to stm32f4xx_hal_gpio.o(i.HAL_GPIO_WritePin) for HAL_GPIO_WritePin
    main.o(i.MX_GPIO_Init) refers to stm32f4xx_hal_gpio.o(i.HAL_GPIO_Init) for HAL_GPIO_Init
    main.o(i.MX_SDIO_SD_Init) refers to main.o(.bss) for hsd
    main.o(i.MX_TIM3_Init) refers to stm32f4xx_hal_tim.o(i.HAL_TIM_Base_Init) for HAL_TIM_Base_Init
    main.o(i.MX_TIM3_Init) refers to main.o(i.Error_Handler) for Error_Handler
    main.o(i.MX_TIM3_Init) refers to stm32f4xx_hal_tim.o(i.HAL_TIM_ConfigClockSource) for HAL_TIM_ConfigClockSource
    main.o(i.MX_TIM3_Init) refers to stm32f4xx_hal_tim_ex.o(i.HAL_TIMEx_MasterConfigSynchronization) for HAL_TIMEx_MasterConfigSynchronization
    main.o(i.MX_TIM3_Init) refers to main.o(.bss) for htim3
    main.o(i.SystemClock_Config) refers to memseta.o(.text) for __aeabi_memclr4
    main.o(i.SystemClock_Config) refers to stm32f4xx_hal_rcc.o(i.HAL_RCC_OscConfig) for HAL_RCC_OscConfig
    main.o(i.SystemClock_Config) refers to main.o(i.Error_Handler) for Error_Handler
    main.o(i.SystemClock_Config) refers to stm32f4xx_hal_rcc.o(i.HAL_RCC_ClockConfig) for HAL_RCC_ClockConfig
    main.o(i.main) refers to stm32f4xx_hal.o(i.HAL_Init) for HAL_Init
    main.o(i.main) refers to main.o(i.SystemClock_Config) for SystemClock_Config
    main.o(i.main) refers to main.o(i.MX_GPIO_Init) for MX_GPIO_Init
    main.o(i.main) refers to main.o(i.MX_DMA_Init) for MX_DMA_Init
    main.o(i.main) refers to main.o(i.MX_ADC1_Init) for MX_ADC1_Init
    main.o(i.main) refers to main.o(i.MX_TIM3_Init) for MX_TIM3_Init
    main.o(i.main) refers to main.o(i.MX_SDIO_SD_Init) for MX_SDIO_SD_Init
    main.o(i.main) refers to fatfs.o(i.MX_FATFS_Init) for MX_FATFS_Init
[...]
    ..\Drivers\STM32F4xx_HAL_Driver\Src\stm32f4xx_hal_sd.c 0x00000000   Number         0  stm32f4xx_hal_sd.o ABSOLUTE
    ..\Drivers\STM32F4xx_HAL_Driver\Src\stm32f4xx_hal_tim.c 0x00000000   Number         0  stm32f4xx_hal_tim.o ABSOLUTE
    ..\Drivers\STM32F4xx_HAL_Driver\Src\stm32f4xx_hal_tim_ex.c 0x00000000   Number         0  stm32f4xx_hal_tim_ex.o ABSOLUTE
    ..\Drivers\STM32F4xx_HAL_Driver\Src\stm32f4xx_ll_sdmmc.c 0x00000000   Number         0  stm32f4xx_ll_sdmmc.o ABSOLUTE
    ..\Middlewares\Third_Party\FatFs\src\diskio.c 0x00000000   Number         0  diskio.o ABSOLUTE
    ..\Middlewares\Third_Party\FatFs\src\ff.c 0x00000000   Number         0  ff.o ABSOLUTE
    ..\Middlewares\Third_Party\FatFs\src\ff_gen_drv.c 0x00000000   Number         0  ff_gen_drv.o ABSOLUTE
    ..\Middlewares\Third_Party\FatFs\src\option\cc950.c 0x00000000   Number         0  cc950.o ABSOLUTE
    ..\Middlewares\Third_Party\FatFs\src\option\syscall.c 0x00000000   Number         0  syscall.o ABSOLUTE
    ..\Src\bsp_driver_sd.c                   0x00000000   Number         0  bsp_driver_sd.o ABSOLUTE
    ..\Src\fatfs.c                           0x00000000   Number         0  fatfs.o ABSOLUTE
    ..\Src\main.c                            0x00000000   Number         0  main.o ABSOLUTE
    ..\Src\sd_diskio.c                       0x00000000   Number         0  sd_diskio.o ABSOLUTE
    ..\Src\stm32f4xx_hal_msp.c               0x00000000   Number         0  stm32f4xx_hal_msp.o ABSOLUTE
    ..\Src\stm32f4xx_it.c                    0x00000000   Number         0  stm32f4xx_it.o ABSOLUTE
    ..\Src\system_stm32f4xx.c                0x00000000   Number         0  system_stm32f4xx.o ABSOLUTE
    dc.s                                     0x00000000   Number         0  dc.o ABSOLUTE
    handlers.s                               0x00000000   Number         0  handlers.o ABSOLUTE
    init.s                                   0x00000000   Number         0  init.o ABSOLUTE
    startup_stm32f411xe.s                    0x00000000   Number         0  startup_stm32f411xe.o ABSOLUTE
    RESET                                    0x08000000   Section      408  startup_stm32f411xe.o(RESET)
    .ARM.Collect$$$$00000000                 0x08000198   Section        0  entry.o(.ARM.Collect$$$$00000000)
    .ARM.Collect$$$$00000001                 0x08000198   Section        4  entry2.o(.ARM.Collect$$$$00000001)
    .ARM.Collect$$$$00000004                 0x0800019c   Section        4  entry5.o(.ARM.Collect$$$$00000004)
    .ARM.Collect$$$$00000008                 0x080001a0   Section        0  entry7b.o(.ARM.Collect$$$$00000008)
    .ARM.Collect$$$$0000000A                 0x080001a0   Section        0  entry8b.o(.ARM.Collect$$$$0000000A)
    .ARM.Collect$$$$0000000B                 0x080001a0   Section        8  entry9a.o(.ARM.Collect$$$$0000000B)
    .ARM.Collect$$$$0000000D                 0x080001a8   Section        0  entry10a.o(.ARM.Collect$$$$0000000D)
    .ARM.Collect$$$$0000000F                 0x080001a8   Section        0  entry11a.o(.ARM.Collect$$$$0000000F)
    .ARM.Collect$$$$00002712                 0x080001a8   Section        4  entry2.o(.ARM.Collect$$$$00002712)
    __lit__00000000                          0x080001a8   Data           4  entry2.o(.ARM.Collect$$$$00002712)
    .text                                    0x080001ac   Section       36  startup_stm32f411xe.o(.text)
    $v0                                      0x080001ac   Number         0  startup_stm32f411xe.o(.text)
    .text                                    0x080001d0   Section        0  uldiv.o(.text)
    .text                                    0x08000232   Section        0  memseta.o(.text)
    .text                                    0x08000256   Section        0  llshl.o(.text)
    .text                                    0x08000274   Section        0  llushr.o(.text)
    .text                                    0x08000294   Section       36  init.o(.text)
    i.ADC_Init                               0x080002b8   Section        0  stm32f4xx_hal_adc.o(i.ADC_Init)
    ADC_Init                                 0x080002b9   Thumb Code   340  stm32f4xx_hal_adc.o(i.ADC_Init)
    i.BSP_SD_AbortCallback                   0x08000414   Section        0  bsp_driver_sd.o(i.BSP_SD_AbortCallback)
    i.BSP_SD_GetCardInfo                     0x08000418   Section        0  bsp_driver_sd.o(i.BSP_SD_GetCardInfo)
    i.BSP_SD_GetCardState                    0x0800042c   Section        0  bsp_driver_sd.o(i.BSP_SD_GetCardState)
    i.BSP_SD_Init                            0x08000444   Section        0  bsp_driver_sd.o(i.BSP_SD_Init)
    i.BSP_SD_IsDetected                      0x08000474   Section        0  bsp_driver_sd.o(i.BSP_SD_IsDetected)
    i.BSP_SD_ReadBlocks_DMA                  0x08000480   Section        0  bsp_driver_sd.o(i.BSP_SD_ReadBlocks_DMA)
    i.BSP_SD_ReadCpltCallback                0x080004a8   Section        0  sd_diskio.o(i.BSP_SD_ReadCpltCallback)
    i.BSP_SD_WriteBlocks_DMA                 0x080004b4   Section        0  bsp_driver_sd.o(i.BSP_SD_WriteBlocks_DMA)
    i.BSP_SD_WriteCpltCallback               0x080004dc   Section        0  sd_diskio.o(i.BSP_SD_WriteCpltCallback)
    i.BusFault_Handler                       0x080004e8   Section        0  stm32f4xx_it.o(i.BusFault_Handler)
    i.DMA2_Stream0_IRQHandler                0x080004ec   Section        0  stm32f4xx_it.o(i.DMA2_Stream0_IRQHandler)
    i.DMA2_Stream3_IRQHandler                0x080004fc   Section        0  stm32f4xx_it.o(i.DMA2_Stream3_IRQHandler)
    i.DMA2_Stream6_IRQHandler                0x0800050c   Section        0  stm32f4xx_it.o(i.DMA2_Stream6_IRQHandler)
    i.DMA_CalcBaseAndBitshift                0x0800051c   Section        0  stm32f4xx_hal_dma.o(i.DMA_CalcBaseAndBitshift)
    DMA_CalcBaseAndBitshift                  0x0800051d   Thumb Code    46  stm32f4xx_hal_dma.o(i.DMA_CalcBaseAndBitshift)
    i.DMA_CheckFifoParam                     0x08000550   Section        0  stm32f4xx_hal_dma.o(i.DMA_CheckFifoParam)
    DMA_CheckFifoParam                       0x08000551   Thumb Code   170  stm32f4xx_hal_dma.o(i.DMA_CheckFifoParam)
    i.DMA_SetConfig                          0x080005fa   Section        0  stm32f4xx_hal_dma.o(i.DMA_SetConfig)
    DMA_SetConfig                            0x080005fb   Thumb Code    44  stm32f4xx_hal_dma.o(i.DMA_SetConfig)
    i.DebugMon_Handler                       0x08000626   Section        0  stm32f4xx_it.o(i.DebugMon_Handler)
    i.Error_Handler                          0x08000628   Section        0  main.o(i.Error_Handler)
    i.FATFS_LinkDriver                       0x0800062a   Section        0  ff_gen_drv.o(i.FATFS_LinkDriver)
    i.FATFS_LinkDriverEx                     0x0800063c   Section        0  ff_gen_drv.o(i.FATFS_LinkDriverEx)
    i.Fatfs_RW_test                          0x08000690   Section        0  main.o(i.Fatfs_RW_test)
    i.HAL_ADC_ConfigChannel                  0x08000740   Section        0  stm32f4xx_hal_adc.o(i.HAL_ADC_ConfigChannel)
    i.HAL_ADC_Init                           0x080008d4   Section        0  stm32f4xx_hal_adc.o(i.HAL_ADC_Init)
    i.HAL_ADC_MspInit                        0x0800093c   Section        0  stm32f4xx_hal_msp.o(i.HAL_ADC_MspInit)
    i.HAL_DMA_Abort_IT                       0x08000a04   Section        0  stm32f4xx_hal_dma.o(i.HAL_DMA_Abort_IT)
    i.HAL_DMA_IRQHandler                     0x08000a2c   Section        0  stm32f4xx_hal_dma.o(i.HAL_DMA_IRQHandler)
    i.HAL_DMA_Init                           0x08000c6c   Section        0  stm32f4xx_hal_dma.o(i.HAL_DMA_Init)
    i.HAL_DMA_Start_IT                       0x08000d58   Section        0  stm32f4xx_hal_dma.o(i.HAL_DMA_Start_IT)
    i.HAL_Delay                              0x08000df8   Section        0  stm32f4xx_hal.o(i.HAL_Delay)
    i.HAL_GPIO_Init                          0x08000e20   Section        0  stm32f4xx_hal_gpio.o(i.HAL_GPIO_Init)
    i.HAL_GPIO_TogglePin                     0x08000ff4   Section        0  stm32f4xx_hal_gpio.o(i.HAL_GPIO_TogglePin)
    i.HAL_GPIO_WritePin                      0x08000ffc   Section        0  stm32f4xx_hal_gpio.o(i.HAL_GPIO_WritePin)
    i.HAL_GetTick                            0x08001008   Section        0  stm32f4xx_hal.o(i.HAL_GetTick)
    i.HAL_IncTick                            0x08001014   Section        0  stm32f4xx_hal.o(i.HAL_IncTick)
    i.HAL_Init                               0x0800102c   Section        0  stm32f4xx_hal.o(i.HAL_Init)
    i.HAL_InitTick                           0x08001068   Section        0  stm32f4xx_hal.o(i.HAL_InitTick)
    i.HAL_MspInit                            0x080010b4   Section        0  stm32f4xx_hal_msp.o(i.HAL_MspInit)
    i.HAL_NVIC_EnableIRQ                     0x080010fc   Section        0  stm32f4xx_hal_cortex.o(i.HAL_NVIC_EnableIRQ)
    i.HAL_NVIC_SetPriority                   0x08001116   Section        0  stm32f4xx_hal_cortex.o(i.HAL_NVIC_SetPriority)
    i.HAL_NVIC_SetPriorityGrouping           0x08001194   Section        0  stm32f4xx_hal_cortex.o(i.HAL_NVIC_SetPriorityGrouping)
    i.HAL_RCC_ClockConfig                    0x080011bc   Section        0  stm32f4xx_hal_rcc.o(i.HAL_RCC_ClockConfig)
    i.HAL_RCC_GetSysClockFreq                0x0800133c   Section        0  stm32f4xx_hal_rcc.o(i.HAL_RCC_GetSysClockFreq)
    i.HAL_RCC_OscConfig                      0x080013ec   Section        0  stm32f4xx_hal_rcc.o(i.HAL_RCC_OscConfig)
    i.HAL_SD_AbortCallback                   0x08001834   Section        0  bsp_driver_sd.o(i.HAL_SD_AbortCallback)
    i.HAL_SD_ConfigWideBusOperation          0x0800183e   Section        0  stm32f4xx_hal_sd.o(i.HAL_SD_ConfigWideBusOperation)
    i.HAL_SD_ErrorCallback                   0x080018e6   Section        0  stm32f4xx_hal_sd.o(i.HAL_SD_ErrorCallback)
    i.HAL_SD_GetCardCSD                      0x080018e8   Section        0  stm32f4xx_hal_sd.o(i.HAL_SD_GetCardCSD)
    i.HAL_SD_GetCardInfo                     0x08001ad8   Section        0  stm32f4xx_hal_sd.o(i.HAL_SD_GetCardInfo)
    i.HAL_SD_GetCardState                    0x08001afe   Section        0  stm32f4xx_hal_sd.o(i.HAL_SD_GetCardState)
    i.HAL_SD_IRQHandler                      0x08001b28   Section        0  stm32f4xx_hal_sd.o(i.HAL_SD_IRQHandler)
    i.HAL_SD_Init                            0x08001d28   Section        0  stm32f4xx_hal_sd.o(i.HAL_SD_Init)
    i.HAL_SD_InitCard                        0x08001d60   Section        0  stm32f4xx_hal_sd.o(i.HAL_SD_InitCard)
    i.HAL_SD_MspInit                         0x08001de4   Section        0  stm32f4xx_hal_msp.o(i.HAL_SD_MspInit)
    i.HAL_SD_ReadBlocks_DMA                  0x08001f74   Section        0  stm32f4xx_hal_sd.o(i.HAL_SD_ReadBlocks_DMA)
    i.HAL_SD_RxCpltCallback                  0x0800209c   Section        0  bsp_driver_sd.o(i.HAL_SD_RxCpltCallback)
    i.HAL_SD_TxCpltCallback                  0x080020a6   Section        0  bsp_driver_sd.o(i.HAL_SD_TxCpltCallback)
    i.HAL_SD_WriteBlocks_DMA                 0x080020b0   Section        0  stm32f4xx_hal_sd.o(i.HAL_SD_WriteBlocks_DMA)
    i.HAL_SYSTICK_Config                     0x080021d4   Section        0  stm32f4xx_hal_cortex.o(i.HAL_SYSTICK_Config)
    i.HAL_TIMEx_BreakCallback                0x08002208   Section        0  stm32f4xx_hal_tim_ex.o(i.HAL_TIMEx_BreakCallback)
    i.HAL_TIMEx_CommutationCallback          0x0800220a   Section        0  stm32f4xx_hal_tim_ex.o(i.HAL_TIMEx_CommutationCallback)
    i.HAL_TIMEx_MasterConfigSynchronization  0x0800220c   Section        0  stm32f4xx_hal_tim_ex.o(i.HAL_TIMEx_MasterConfigSynchronization)
    i.HAL_TIM_Base_Init                      0x0800226e   Section        0  stm32f4xx_hal_tim.o(i.HAL_TIM_Base_Init)
    i.HAL_TIM_Base_MspInit                   0x080022a4   Section        0  stm32f4xx_hal_msp.o(i.HAL_TIM_Base_MspInit)
    i.HAL_TIM_ConfigClockSource              0x080022ec   Section        0  stm32f4xx_hal_tim.o(i.HAL_TIM_ConfigClockSource)
    i.HAL_TIM_IC_CaptureCallback             0x0800241e   Section        0  stm32f4xx_hal_tim.o(i.HAL_TIM_IC_CaptureCallback)
    i.HAL_TIM_IRQHandler                     0x08002420   Section        0  stm32f4xx_hal_tim.o(i.HAL_TIM_IRQHandler)
    i.HAL_TIM_OC_DelayElapsedCallback        0x080025b6   Section        0  stm32f4xx_hal_tim.o(i.HAL_TIM_OC_DelayElapsedCallback)
    i.HAL_TIM_PWM_PulseFinishedCallback      0x080025b8   Section        0  stm32f4xx_hal_tim.o(i.HAL_TIM_PWM_PulseFinishedCallback)
    i.HAL_TIM_PeriodElapsedCallback          0x080025ba   Section        0  stm32f4xx_hal_tim.o(i.HAL_TIM_PeriodElapsedCallback)
    i.HAL_TIM_TriggerCallback                0x080025bc   Section        0  stm32f4xx_hal_tim.o(i.HAL_TIM_TriggerCallback)
    i.HardFault_Handler                      0x080025be   Section        0  stm32f4xx_it.o(i.HardFault_Handler)
    i.MX_ADC1_Init                           0x080025c4   Section        0  main.o(i.MX_ADC1_Init)
    MX_ADC1_Init                             0x080025c5   Thumb Code    94  main.o(i.MX_ADC1_Init)
    i.MX_DMA_Init                            0x0800262c   Section        0  main.o(i.MX_DMA_Init)
    MX_DMA_Init                              0x0800262d   Thumb Code    84  main.o(i.MX_DMA_Init)
    i.MX_FATFS_Init                          0x08002684   Section        0  fatfs.o(i.MX_FATFS_Init)
    i.MX_GPIO_Init                           0x080026a0   Section        0  main.o(i.MX_GPIO_Init)
    MX_GPIO_Init                             0x080026a1   Thumb Code   210  main.o(i.MX_GPIO_Init)
    i.MX_SDIO_SD_Init                        0x08002780   Section        0  main.o(i.MX_SDIO_SD_Init)
    MX_SDIO_SD_Init                          0x08002781   Thumb Code    26  main.o(i.MX_SDIO_SD_Init)
    i.MX_TIM3_Init                           0x080027a4   Section        0  main.o(i.MX_TIM3_Init)
    MX_TIM3_Init                             0x080027a5   Thumb Code   100  main.o(i.MX_TIM3_Init)
    i.MemManage_Handler                      0x08002810   Section        0  stm32f4xx_it.o(i.MemManage_Handler)
    i.NMI_Handler                            0x08002814   Section        0  stm32f4xx_it.o(i.NMI_Handler)
    i.NVIC_GetPriorityGrouping               0x08002818   Section        0  stm32f4xx_hal_cortex.o(i.NVIC_GetPriorityGrouping)
    NVIC_GetPriorityGrouping                 0x08002819   Thumb Code    10  stm32f4xx_hal_cortex.o(i.NVIC_GetPriorityGrouping)
    i.NVIC_SetPriority                       0x08002828   Section        0  stm32f4xx_hal_cortex.o(i.NVIC_SetPriority)
    NVIC_SetPriority                         0x08002829   Thumb Code    32  stm32f4xx_hal_cortex.o(i.NVIC_SetPriority)
    i.PendSV_Handler                         0x08002850   Section        0  stm32f4xx_it.o(i.PendSV_Handler)
    i.SDIO_ConfigData                        0x08002852   Section        0  stm32f4xx_ll_sdmmc.o(i.SDIO_ConfigData)
    i.SDIO_GetCommandResponse                0x0800287e   Section        0  stm32f4xx_ll_sdmmc.o(i.SDIO_GetCommandResponse)
    i.SDIO_GetPowerState                     0x08002886   Section        0  stm32f4xx_ll_sdmmc.o(i.SDIO_GetPowerState)
    i.SDIO_GetResponse                       0x08002890   Section        0  stm32f4xx_ll_sdmmc.o(i.SDIO_GetResponse)
    i.SDIO_IRQHandler                        0x080028a8   Section        0  stm32f4xx_it.o(i.SDIO_IRQHandler)
    i.SDIO_Init                              0x080028b8   Section        0  stm32f4xx_ll_sdmmc.o(i.SDIO_Init)
    i.SDIO_PowerState_ON                     0x080028ec   Section        0  stm32f4xx_ll_sdmmc.o(i.SDIO_PowerState_ON)
    i.SDIO_ReadFIFO                          0x080028f6   Section        0  stm32f4xx_ll_sdmmc.o(i.SDIO_ReadFIFO)
    i.SDIO_SendCommand                       0x080028fe   Section        0  stm32f4xx_ll_sdmmc.o(i.SDIO_SendCommand)
    i.SDIO_WriteFIFO                         0x08002926   Section        0  stm32f4xx_ll_sdmmc.o(i.SDIO_WriteFIFO)
    i.SDMMC_CmdAppCommand                    0x08002932   Section        0  stm32f4xx_ll_sdmmc.o(i.SDMMC_CmdAppCommand)
    i.SDMMC_CmdAppOperCommand                0x0800296c   Section        0  stm32f4xx_ll_sdmmc.o(i.SDMMC_CmdAppOperCommand)
    i.SDMMC_CmdBlockLength                   0x080029a8   Section        0  stm32f4xx_ll_sdmmc.o(i.SDMMC_CmdBlockLength)
    i.SDMMC_CmdBusWidth                      0x080029e2   Section        0  stm32f4xx_ll_sdmmc.o(i.SDMMC_CmdBusWidth)
    i.SDMMC_CmdGoIdleState                   0x08002a1c   Section        0  stm32f4xx_ll_sdmmc.o(i.SDMMC_CmdGoIdleState)
    i.SDMMC_CmdOperCond                      0x08002a4a   Section        0  stm32f4xx_ll_sdmmc.o(i.SDMMC_CmdOperCond)
    i.SDMMC_CmdReadMultiBlock                0x08002a80   Section        0  stm32f4xx_ll_sdmmc.o(i.SDMMC_CmdReadMultiBlock)
    i.SDMMC_CmdReadSingleBlock               0x08002aba   Section        0  stm32f4xx_ll_sdmmc.o(i.SDMMC_CmdReadSingleBlock)
    i.SDMMC_CmdSelDesel                      0x08002af4   Section        0  stm32f4xx_ll_sdmmc.o(i.SDMMC_CmdSelDesel)
    i.SDMMC_CmdSendCID                       0x08002b30   Section        0  stm32f4xx_ll_sdmmc.o(i.SDMMC_CmdSendCID)
    i.SDMMC_CmdSendCSD                       0x08002b64   Section        0  stm32f4xx_ll_sdmmc.o(i.SDMMC_CmdSendCSD)
    i.SDMMC_CmdSendSCR                       0x08002b98   Section        0  stm32f4xx_ll_sdmmc.o(i.SDMMC_CmdSendSCR)
    i.SDMMC_CmdSendStatus                    0x08002bd2   Section        0  stm32f4xx_ll_sdmmc.o(i.SDMMC_CmdSendStatus)
    i.SDMMC_CmdSetRelAdd                     0x08002c0c   Section        0  stm32f4xx_ll_sdmmc.o(i.SDMMC_CmdSetRelAdd)
    i.SDMMC_CmdStopTransfer                  0x08002c48   Section        0  stm32f4xx_ll_sdmmc.o(i.SDMMC_CmdStopTransfer)
    i.SDMMC_CmdWriteMultiBlock               0x08002c84   Section        0  stm32f4xx_ll_sdmmc.o(i.SDMMC_CmdWriteMultiBlock)
    i.SDMMC_CmdWriteSingleBlock              0x08002cbe   Section        0  stm32f4xx_ll_sdmmc.o(i.SDMMC_CmdWriteSingleBlock)
    i.SDMMC_GetCmdError                      0x08002cf8   Section        0  stm32f4xx_ll_sdmmc.o(i.SDMMC_GetCmdError)
    SDMMC_GetCmdError                        0x08002cf9   Thumb Code    60  stm32f4xx_ll_sdmmc.o(i.SDMMC_GetCmdError)
    i.SDMMC_GetCmdResp1                      0x08002d38   Section        0  stm32f4xx_ll_sdmmc.o(i.SDMMC_GetCmdResp1)
    SDMMC_GetCmdResp1                        0x08002d39   Thumb Code   412  stm32f4xx_ll_sdmmc.o(i.SDMMC_GetCmdResp1)
    i.SDMMC_GetCmdResp2                      0x08002edc   Section        0  stm32f4xx_ll_sdmmc.o(i.SDMMC_GetCmdResp2)
    SDMMC_GetCmdResp2                        0x08002edd   Thumb Code    88  stm32f4xx_ll_sdmmc.o(i.SDMMC_GetCmdResp2)
    i.SDMMC_GetCmdResp3                      0x08002f38   Section        0  stm32f4xx_ll_sdmmc.o(i.SDMMC_GetCmdResp3)
    SDMMC_GetCmdResp3                        0x08002f39   Thumb Code    74  stm32f4xx_ll_sdmmc.o(i.SDMMC_GetCmdResp3)
    i.SDMMC_GetCmdResp6                      0x08002f88   Section        0  stm32f4xx_ll_sdmmc.o(i.SDMMC_GetCmdResp6)
    SDMMC_GetCmdResp6                        0x08002f89   Thumb Code   172  stm32f4xx_ll_sdmmc.o(i.SDMMC_GetCmdResp6)
    i.SDMMC_GetCmdResp7                      0x08003038   Section        0  stm32f4xx_ll_sdmmc.o(i.SDMMC_GetCmdResp7)
    SDMMC_GetCmdResp7                        0x08003039   Thumb Code    82  stm32f4xx_ll_sdmmc.o(i.SDMMC_GetCmdResp7)
    i.SD_CheckStatus                         0x08003090   Section        0  sd_diskio.o(i.SD_CheckStatus)
    SD_CheckStatus                           0x08003091   Thumb Code    34  sd_diskio.o(i.SD_CheckStatus)
    i.SD_DMAError                            0x080030b8   Section        0  stm32f4xx_hal_sd.o(i.SD_DMAError)
    SD_DMAError                              0x080030b9   Thumb Code    92  stm32f4xx_hal_sd.o(i.SD_DMAError)
    i.SD_DMAReceiveCplt                      0x08003114   Section        0  stm32f4xx_hal_sd.o(i.SD_DMAReceiveCplt)
    SD_DMAReceiveCplt                        0x08003115   Thumb Code    70  stm32f4xx_hal_sd.o(i.SD_DMAReceiveCplt)
    i.SD_DMARxAbort                          0x0800315a   Section        0  stm32f4xx_hal_sd.o(i.SD_DMARxAbort)
    SD_DMARxAbort                            0x0800315b   Thumb Code    76  stm32f4xx_hal_sd.o(i.SD_DMARxAbort)
    i.SD_DMATransmitCplt                     0x080031a6   Section        0  stm32f4xx_hal_sd.o(i.SD_DMATransmitCplt)
    SD_DMATransmitCplt                       0x080031a7   Thumb Code    18  stm32f4xx_hal_sd.o(i.SD_DMATransmitCplt)
    i.SD_DMATxAbort                          0x080031b8   Section        0  stm32f4xx_hal_sd.o(i.SD_DMATxAbort)
    SD_DMATxAbort                            0x080031b9   Thumb Code    76  stm32f4xx_hal_sd.o(i.SD_DMATxAbort)
    i.SD_FindSCR                             0x08003204   Section        0  stm32f4xx_hal_sd.o(i.SD_FindSCR)
    SD_FindSCR                               0x08003205   Thumb Code   300  stm32f4xx_hal_sd.o(i.SD_FindSCR)
    i.SD_InitCard                            0x08003330   Section        0  stm32f4xx_hal_sd.o(i.SD_InitCard)
    SD_InitCard                              0x08003331   Thumb Code   252  stm32f4xx_hal_sd.o(i.SD_InitCard)
    i.SD_PowerON                             0x0800342c   Section        0  stm32f4xx_hal_sd.o(i.SD_PowerON)
    SD_PowerON                               0x0800342d   Thumb Code   238  stm32f4xx_hal_sd.o(i.SD_PowerON)
    i.SD_Read_IT                             0x0800351a   Section        0  stm32f4xx_hal_sd.o(i.SD_Read_IT)
    SD_Read_IT                               0x0800351b   Thumb Code    38  stm32f4xx_hal_sd.o(i.SD_Read_IT)
    i.SD_SendStatus                          0x08003540   Section        0  stm32f4xx_hal_sd.o(i.SD_SendStatus)
    SD_SendStatus                            0x08003541   Thumb Code    50  stm32f4xx_hal_sd.o(i.SD_SendStatus)
    i.SD_WideBus_Disable                     0x08003572   Section        0  stm32f4xx_hal_sd.o(i.SD_WideBus_Disable)
    SD_WideBus_Disable                       0x08003573   Thumb Code   106  stm32f4xx_hal_sd.o(i.SD_WideBus_Disable)
    i.SD_WideBus_Enable                      0x080035dc   Section        0  stm32f4xx_hal_sd.o(i.SD_WideBus_Enable)
    SD_WideBus_Enable                        0x080035dd   Thumb Code   106  stm32f4xx_hal_sd.o(i.SD_WideBus_Enable)
    i.SD_Write_IT                            0x08003646   Section        0  stm32f4xx_hal_sd.o(i.SD_Write_IT)
    SD_Write_IT                              0x08003647   Thumb Code    38  stm32f4xx_hal_sd.o(i.SD_Write_IT)
    i.SD_initialize                          0x0800366c   Section        0  sd_diskio.o(i.SD_initialize)
    i.SD_ioctl                               0x08003690   Section        0  sd_diskio.o(i.SD_ioctl)
    i.SD_read                                0x080036fc   Section        0  sd_diskio.o(i.SD_read)
    i.SD_status                              0x0800377c   Section        0  sd_diskio.o(i.SD_status)
    i.SD_write                               0x08003788   Section        0  sd_diskio.o(i.SD_write)
    i.SVC_Handler                            0x08003808   Section        0  stm32f4xx_it.o(i.SVC_Handler)
    i.SysTick_Handler                        0x0800380a   Section        0  stm32f4xx_it.o(i.SysTick_Handler)
    i.SystemClock_Config                     0x08003814   Section        0  main.o(i.SystemClock_Config)
    i.SystemInit                             0x080038c4   Section        0  system_stm32f4xx.o(i.SystemInit)
    i.TIM3_IRQHandler                        0x08003928   Section        0  stm32f4xx_it.o(i.TIM3_IRQHandler)
    i.TIM_Base_SetConfig                     0x08003938   Section        0  stm32f4xx_hal_tim.o(i.TIM_Base_SetConfig)
    i.TIM_ETR_SetConfig                      0x080039e8   Section        0  stm32f4xx_hal_tim.o(i.TIM_ETR_SetConfig)
    TIM_ETR_SetConfig                        0x080039e9   Thumb Code    24  stm32f4xx_hal_tim.o(i.TIM_ETR_SetConfig)
    i.TIM_ITRx_SetConfig                     0x08003a00   Section        0  stm32f4xx_hal_tim.o(i.TIM_ITRx_SetConfig)
    TIM_ITRx_SetConfig                       0x08003a01   Thumb Code    20  stm32f4xx_hal_tim.o(i.TIM_ITRx_SetConfig)
    i.TIM_TI1_ConfigInputStage               0x08003a14   Section        0  stm32f4xx_hal_tim.o(i.TIM_TI1_ConfigInputStage)
    TIM_TI1_ConfigInputStage                 0x08003a15   Thumb Code    42  stm32f4xx_hal_tim.o(i.TIM_TI1_ConfigInputStage)
    i.TIM_TI2_ConfigInputStage               0x08003a3e   Section        0  stm32f4xx_hal_tim.o(i.TIM_TI2_ConfigInputStage)
    TIM_TI2_ConfigInputStage                 0x08003a3f   Thumb Code    44  stm32f4xx_hal_tim.o(i.TIM_TI2_ConfigInputStage)
    i.UsageFault_Handler                     0x08003a6a   Section        0  stm32f4xx_it.o(i.UsageFault_Handler)
    i.__scatterload_copy                     0x08003a6e   Section       14  handlers.o(i.__scatterload_copy)
    i.__scatterload_null                     0x08003a7c   Section        2  handlers.o(i.__scatterload_null)
    i.__scatterload_zeroinit                 0x08003a7e   Section       14  handlers.o(i.__scatterload_zeroinit)
    i.check_fs                               0x08003a8c   Section        0  ff.o(i.check_fs)
    check_fs                                 0x08003a8d   Thumb Code   116  ff.o(i.check_fs)
    i.chk_chr                                0x08003b08   Section        0  ff.o(i.chk_chr)
    chk_chr                                  0x08003b09   Thumb Code    20  ff.o(i.chk_chr)
    i.chk_lock                               0x08003b1c   Section        0  ff.o(i.chk_lock)
    chk_lock                                 0x08003b1d   Thumb Code   120  ff.o(i.chk_lock)
    i.clear_lock                             0x08003b98   Section        0  ff.o(i.clear_lock)
    clear_lock                               0x08003b99   Thumb Code    36  ff.o(i.clear_lock)
    i.clmt_clust                             0x08003bc0   Section        0  ff.o(i.clmt_clust)
    clmt_clust                               0x08003bc1   Thumb Code    50  ff.o(i.clmt_clust)
    i.clust2sect                             0x08003bf2   Section        0  ff.o(i.clust2sect)
    clust2sect                               0x08003bf3   Thumb Code    26  ff.o(i.clust2sect)
    i.cmp_lfn                                0x08003c0c   Section        0  ff.o(i.cmp_lfn)
    cmp_lfn                                  0x08003c0d   Thumb Code   148  ff.o(i.cmp_lfn)
    i.create_chain                           0x08003ca4   Section        0  ff.o(i.create_chain)
    create_chain                             0x08003ca5   Thumb Code   222  ff.o(i.create_chain)
    i.create_name                            0x08003d84   Section        0  ff.o(i.create_name)
    create_name                              0x08003d85   Thumb Code   600  ff.o(i.create_name)
    i.dec_lock                               0x08003ff0   Section        0  ff.o(i.dec_lock)
    dec_lock                                 0x08003ff1   Thumb Code    64  ff.o(i.dec_lock)
    i.dir_alloc                              0x08004034   Section        0  ff.o(i.dir_alloc)
    dir_alloc                                0x08004035   Thumb Code    96  ff.o(i.dir_alloc)
    i.dir_find                               0x08004094   Section        0  ff.o(i.dir_find)
    dir_find                                 0x08004095   Thumb Code   252  ff.o(i.dir_find)
    i.dir_next                               0x08004190   Section        0  ff.o(i.dir_next)
    dir_next                                 0x08004191   Thumb Code   268  ff.o(i.dir_next)
    i.dir_register                           0x0800429c   Section        0  ff.o(i.dir_register)
    dir_register                             0x0800429d   Thumb Code   322  ff.o(i.dir_register)
    i.dir_sdi                                0x080043de   Section        0  ff.o(i.dir_sdi)
    dir_sdi                                  0x080043df   Thumb Code   154  ff.o(i.dir_sdi)
    i.disk_initialize                        0x08004478   Section        0  diskio.o(i.disk_initialize)
    i.disk_ioctl                             0x080044a4   Section        0  diskio.o(i.disk_ioctl)
    i.disk_read                              0x080044cc   Section        0  diskio.o(i.disk_read)
    i.disk_status                            0x080044fc   Section        0  diskio.o(i.disk_status)
    i.disk_write                             0x08004518   Section        0  diskio.o(i.disk_write)
    i.enq_lock                               0x08004548   Section        0  ff.o(i.enq_lock)
    enq_lock                                 0x08004549   Thumb Code    34  ff.o(i.enq_lock)
    i.f_close                                0x08004570   Section        0  ff.o(i.f_close)
    i.f_mount                                0x0800459c   Section        0  ff.o(i.f_mount)
    i.f_open                                 0x080045fc   Section        0  ff.o(i.f_open)
    i.f_read                                 0x08004836   Section        0  ff.o(i.f_read)
    i.f_sync                                 0x080049e2   Section        0  ff.o(i.f_sync)
    i.ff_convert                             0x08004a84   Section        0  cc950.o(i.ff_convert)
    i.ff_wtoupper                            0x08004b00   Section        0  cc950.o(i.ff_wtoupper)
    i.find_volume                            0x08004ba4   Section        0  ff.o(i.find_volume)
    find_volume                              0x08004ba5   Thumb Code   750  ff.o(i.find_volume)
    i.follow_path                            0x08004ea4   Section        0  ff.o(i.follow_path)
    follow_path                              0x08004ea5   Thumb Code   162  ff.o(i.follow_path)
    i.gen_numname                            0x08004f48   Section        0  ff.o(i.gen_numname)
    gen_numname                              0x08004f49   Thumb Code   198  ff.o(i.gen_numname)
    i.get_fat                                0x08005014   Section        0  ff.o(i.get_fat)
    get_fat                                  0x08005015   Thumb Code   224  ff.o(i.get_fat)
    i.get_fattime                            0x080050f4   Section        0  fatfs.o(i.get_fattime)
    i.get_ldnumber                           0x080050f8   Section        0  ff.o(i.get_ldnumber)
    get_ldnumber                             0x080050f9   Thumb Code    72  ff.o(i.get_ldnumber)
    i.inc_lock                               0x08005140   Section        0  ff.o(i.inc_lock)
    inc_lock                                 0x08005141   Thumb Code   182  ff.o(i.inc_lock)
    i.ld_clust                               0x080051fc   Section        0  ff.o(i.ld_clust)
    ld_clust                                 0x080051fd   Thumb Code    38  ff.o(i.ld_clust)
    i.ld_dword                               0x08005222   Section        0  ff.o(i.ld_dword)
    ld_dword                                 0x08005223   Thumb Code    24  ff.o(i.ld_dword)
    i.ld_word                                0x0800523a   Section        0  ff.o(i.ld_word)
    ld_word                                  0x0800523b   Thumb Code    12  ff.o(i.ld_word)
    i.main                                   0x08005248   Section        0  main.o(i.main)
    i.mem_cmp                                0x08005284   Section        0  ff.o(i.mem_cmp)
    mem_cmp                                  0x08005285   Thumb Code    36  ff.o(i.mem_cmp)
    i.mem_cpy                                0x080052a8   Section        0  ff.o(i.mem_cpy)
    mem_cpy                                  0x080052a9   Thumb Code    26  ff.o(i.mem_cpy)
    i.mem_set                                0x080052c2   Section        0  ff.o(i.mem_set)
    mem_set                                  0x080052c3   Thumb Code    18  ff.o(i.mem_set)
    i.move_window                            0x080052d4   Section        0  ff.o(i.move_window)
    move_window                              0x080052d5   Thumb Code    52  ff.o(i.move_window)
    i.put_fat                                0x08005308   Section        0  ff.o(i.put_fat)
    put_fat                                  0x08005309   Thumb Code   312  ff.o(i.put_fat)
    i.put_lfn                                0x08005440   Section        0  ff.o(i.put_lfn)
    put_lfn                                  0x08005441   Thumb Code   124  ff.o(i.put_lfn)
    i.remove_chain                           0x080054c0   Section        0  ff.o(i.remove_chain)
    remove_chain                             0x080054c1   Thumb Code   154  ff.o(i.remove_chain)
    i.st_clust                               0x0800555a   Section        0  ff.o(i.st_clust)
    st_clust                                 0x0800555b   Thumb Code    36  ff.o(i.st_clust)
    i.st_dword                               0x0800557e   Section        0  ff.o(i.st_dword)
    st_dword                                 0x0800557f   Thumb Code    24  ff.o(i.st_dword)
    i.st_word                                0x08005596   Section        0  ff.o(i.st_word)
    st_word                                  0x08005597   Thumb Code    12  ff.o(i.st_word)
    i.sum_sfn                                0x080055a2   Section        0  ff.o(i.sum_sfn)
    sum_sfn                                  0x080055a3   Thumb Code    32  ff.o(i.sum_sfn)
    i.sync_fs                                0x080055c4   Section        0  ff.o(i.sync_fs)
    sync_fs                                  0x080055c5   Thumb Code   134  ff.o(i.sync_fs)
    i.sync_window                            0x08005654   Section        0  ff.o(i.sync_window)
    sync_window                              0x08005655   Thumb Code    82  ff.o(i.sync_window)
    i.validate                               0x080056a6   Section        0  ff.o(i.validate)
    validate                                 0x080056a7   Thumb Code    60  ff.o(i.validate)
    .constdata                               0x080056e4   Section       20  sd_diskio.o(.constdata)
    .constdata                               0x080056f8   Section        8  stm32f4xx_hal_dma.o(.constdata)
    flagBitshiftOffset                       0x080056f8   Data           8  stm32f4xx_hal_dma.o(.constdata)
    .constdata                               0x08005700   Section       24  system_stm32f4xx.o(.constdata)
    .constdata                               0x08005718   Section       42  ff.o(.constdata)
    LfnOfs                                   0x08005718   Data          13  ff.o(.constdata)
    cst                                      0x08005726   Data          14  ff.o(.constdata)
    cst32                                    0x08005734   Data          14  ff.o(.constdata)
    .constdata                               0x08005742   Section    108718  cc950.o(.constdata)
    uni2oem                                  0x08005742   Data       54016  cc950.o(.constdata)
    oem2uni                                  0x08012a42   Data       54016  cc950.o(.constdata)
    cvt1                                     0x0801fd42   Data         498  cc950.o(.constdata)
    cvt2                                     0x0801ff34   Data         188  cc950.o(.constdata)
    .data                                    0x20000000   Section       72  main.o(.data)
    .data                                    0x20000048   Section       12  sd_diskio.o(.data)
    Stat                                     0x20000048   Data           1  sd_diskio.o(.data)
    WriteStatus                              0x2000004c   Data           4  sd_diskio.o(.data)
    ReadStatus                               0x20000050   Data           4  sd_diskio.o(.data)
    .data                                    0x20000054   Section        5  fatfs.o(.data)
    .data                                    0x2000005c   Section        9  stm32f4xx_hal.o(.data)
    .data                                    0x20000068   Section        4  system_stm32f4xx.o(.data)
    .data                                    0x2000006c   Section        6  ff.o(.data)
    FatFs                                    0x2000006c   Data           4  ff.o(.data)
    Fsid                                     0x20000070   Data           2  ff.o(.data)
    .bss                                     0x20000074   Section    67112  main.o(.bss)
    .bss                                     0x2001069c   Section     1124  fatfs.o(.bss)
    .bss                                     0x20010b00   Section       32  ff.o(.bss)
    Files                                    0x20010b00   Data          32  ff.o(.bss)
    .bss                                     0x20010b20   Section       12  ff_gen_drv.o(.bss)
    STACK                                    0x20010b30   Section     4096  startup_stm32f411xe.o(STACK)

    Global Symbols

    Symbol Name                              Value     Ov Type        Size  Object(Section)

    BuildAttributes$$THM_ISAv4$E$P$D$K$B$S$7EM$VFPi3$EXTD16$VFPS$VFMA$PE$A:L22UL41UL21$X:L11$S22US41US21$IEEE1$IW$USESV6$~STKCKD$USESV7$~SHL$OSPACE$EBA8$MICROLIB$REQ8$PRES8$EABIv2 0x00000000   Number         0  anon$$obj.o ABSOLUTE
    __ARM_use_no_argv                        0x00000000   Number         0  main.o ABSOLUTE
    __cpp_initialize__aeabi_                  - Undefined Weak Reference
    __cxa_finalize                            - Undefined Weak Reference
    __decompress                              - Undefined Weak Reference
    _clock_init                               - Undefined Weak Reference
    _microlib_exit                            - Undefined Weak Reference
    __Vectors_Size                           0x00000198   Number         0  startup_stm32f411xe.o ABSOLUTE
    __Vectors                                0x08000000   Data           4  startup_stm32f411xe.o(RESET)
    __Vectors_End                            0x08000198   Data           0  startup_stm32f411xe.o(RESET)
    __main                                   0x08000199   Thumb Code     0  entry.o(.ARM.Collect$$$$00000000)
    _main_stk                                0x08000199   Thumb Code     0  entry2.o(.ARM.Collect$$$$00000001)
    _main_scatterload                        0x0800019d   Thumb Code     0  entry5.o(.ARM.Collect$$$$00000004)
    __main_after_scatterload                 0x080001a1   Thumb Code     0  entry5.o(.ARM.Collect$$$$00000004)
    _main_clock                              0x080001a1   Thumb Code     0  entry7b.o(.ARM.Collect$$$$00000008)
    _main_cpp_init                           0x080001a1   Thumb Code     0  entry8b.o(.ARM.Collect$$$$0000000A)
    _main_init                               0x080001a1   Thumb Code     0  entry9a.o(.ARM.Collect$$$$0000000B)
    __rt_final_cpp                           0x080001a9   Thumb Code     0  entry10a.o(.ARM.Collect$$$$0000000D)
    __rt_final_exit                          0x080001a9   Thumb Code     0  entry11a.o(.ARM.Collect$$$$0000000F)
    Reset_Handler                            0x080001ad   Thumb Code     8  startup_stm32f411xe.o(.text)
    ADC_IRQHandler                           0x080001c7   Thumb Code     0  startup_stm32f411xe.o(.text)
    DMA1_Stream0_IRQHandler                  0x080001c7   Thumb Code     0  startup_stm32f411xe.o(.text)
    DMA1_Stream1_IRQHandler                  0x080001c7   Thumb Code     0  startup_stm32f411xe.o(.text)
    DMA1_Stream2_IRQHandler                  0x080001c7   Thumb Code     0  startup_stm32f411xe.o(.text)
    DMA1_Stream3_IRQHandler                  0x080001c7   Thumb Code     0  startup_stm32f411xe.o(.text)
    DMA1_Stream4_IRQHandler                  0x080001c7   Thumb Code     0  startup_stm32f411xe.o(.text)
    DMA1_Stream5_IRQHandler                  0x080001c7   Thumb Code     0  startup_stm32f411xe.o(.text)
    DMA1_Stream6_IRQHandler                  0x080001c7   Thumb Code     0  startup_stm32f411xe.o(.text)
    DMA1_Stream7_IRQHandler                  0x080001c7   Thumb Code     0  startup_stm32f411xe.o(.text)
    DMA2_Stream1_IRQHandler                  0x080001c7   Thumb Code     0  startup_stm32f411xe.o(.text)
    DMA2_Stream2_IRQHandler                  0x080001c7   Thumb Code     0  startup_stm32f411xe.o(.text)
    DMA2_Stream4_IRQHandler                  0x080001c7   Thumb Code     0  startup_stm32f411xe.o(.text)
    DMA2_Stream5_IRQHandler                  0x080001c7   Thumb Code     0  startup_stm32f411xe.o(.text)
    DMA2_Stream7_IRQHandler                  0x080001c7   Thumb Code     0  startup_stm32f411xe.o(.text)
    EXTI0_IRQHandler                         0x080001c7   Thumb Code     0  startup_stm32f411xe.o(.text)
    EXTI15_10_IRQHandler                     0x080001c7   Thumb Code     0  startup_stm32f411xe.o(.text)
    EXTI1_IRQHandler                         0x080001c7   Thumb Code     0  startup_stm32f411xe.o(.text)
    EXTI2_IRQHandler                         0x080001c7   Thumb Code     0  startup_stm32f411xe.o(.text)
    EXTI3_IRQHandler                         0x080001c7   Thumb Code     0  startup_stm32f411xe.o(.text)
    EXTI4_IRQHandler                         0x080001c7   Thumb Code     0  startup_stm32f411xe.o(.text)
    EXTI9_5_IRQHandler                       0x080001c7   Thumb Code     0  startup_stm32f411xe.o(.text)
    FLASH_IRQHandler                         0x080001c7   Thumb Code     0  startup_stm32f411xe.o(.text)
    FPU_IRQHandler                           0x080001c7   Thumb Code     0  startup_stm32f411xe.o(.text)
    I2C1_ER_IRQHandler                       0x080001c7   Thumb Code     0  startup_stm32f411xe.o(.text)
    I2C1_EV_IRQHandler                       0x080001c7   Thumb Code     0  startup_stm32f411xe.o(.text)
    I2C2_ER_IRQHandler                       0x080001c7   Thumb Code     0  startup_stm32f411xe.o(.text)
    I2C2_EV_IRQHandler                       0x080001c7   Thumb Code     0  startup_stm32f411xe.o(.text)
    I2C3_ER_IRQHandler                       0x080001c7   Thumb Code     0  startup_stm32f411xe.o(.text)
    I2C3_EV_IRQHandler                       0x080001c7   Thumb Code     0  startup_stm32f411xe.o(.text)
    OTG_FS_IRQHandler                        0x080001c7   Thumb Code     0  startup_stm32f411xe.o(.text)
    OTG_FS_WKUP_IRQHandler                   0x080001c7   Thumb Code     0  startup_stm32f411xe.o(.text)
    PVD_IRQHandler                           0x080001c7   Thumb Code     0  startup_stm32f411xe.o(.text)
    RCC_IRQHandler                           0x080001c7   Thumb Code     0  startup_stm32f411xe.o(.text)
    RTC_Alarm_IRQHandler                     0x080001c7   Thumb Code     0  startup_stm32f411xe.o(.text)
    RTC_WKUP_IRQHandler                      0x080001c7   Thumb Code     0  startup_stm32f411xe.o(.text)
    SPI1_IRQHandler                          0x080001c7   Thumb Code     0  startup_stm32f411xe.o(.text)
    SPI2_IRQHandler                          0x080001c7   Thumb Code     0  startup_stm32f411xe.o(.text)
    SPI3_IRQHandler                          0x080001c7   Thumb Code     0  startup_stm32f411xe.o(.text)
    SPI4_IRQHandler                          0x080001c7   Thumb Code     0  startup_stm32f411xe.o(.text)
    SPI5_IRQHandler                          0x080001c7   Thumb Code     0  startup_stm32f411xe.o(.text)
    TAMP_STAMP_IRQHandler                    0x080001c7   Thumb Code     0  startup_stm32f411xe.o(.text)
    TIM1_BRK_TIM9_IRQHandler                 0x080001c7   Thumb Code     0  startup_stm32f411xe.o(.text)
    TIM1_CC_IRQHandler                       0x080001c7   Thumb Code     0  startup_stm32f411xe.o(.text)
    TIM1_TRG_COM_TIM11_IRQHandler            0x080001c7   Thumb Code     0  startup_stm32f411xe.o(.text)
    TIM1_UP_TIM10_IRQHandler                 0x080001c7   Thumb Code     0  startup_stm32f411xe.o(.text)
    TIM2_IRQHandler                          0x080001c7   Thumb Code     0  startup_stm32f411xe.o(.text)
    TIM4_IRQHandler                          0x080001c7   Thumb Code     0  startup_stm32f411xe.o(.text)
    TIM5_IRQHandler                          0x080001c7   Thumb Code     0  startup_stm32f411xe.o(.text)
    USART1_IRQHandler                        0x080001c7   Thumb Code     0  startup_stm32f411xe.o(.text)
    USART2_IRQHandler                        0x080001c7   Thumb Code     0  startup_stm32f411xe.o(.text)
    USART6_IRQHandler                        0x080001c7   Thumb Code     0  startup_stm32f411xe.o(.text)
    WWDG_IRQHandler                          0x080001c7   Thumb Code     0  startup_stm32f411xe.o(.text)
    __aeabi_uldivmod                         0x080001d1   Thumb Code    98  uldiv.o(.text)
    __aeabi_memset                           0x08000233   Thumb Code    14  memseta.o(.text)
    __aeabi_memset4                          0x08000233   Thumb Code     0  memseta.o(.text)
    __aeabi_memset8                          0x08000233   Thumb Code     0  memseta.o(.text)
    __aeabi_memclr                           0x08000241   Thumb Code     4  memseta.o(.text)
    __aeabi_memclr4                          0x08000241   Thumb Code     0  memseta.o(.text)
    __aeabi_memclr8                          0x08000241   Thumb Code     0  memseta.o(.text)
    _memset$wrapper                          0x08000245   Thumb Code    18  memseta.o(.text)
    __aeabi_llsl                             0x08000257   Thumb Code    30  llshl.o(.text)
    _ll_shift_l                              0x08000257   Thumb Code     0  llshl.o(.text)
    __aeabi_llsr                             0x08000275   Thumb Code    32  llushr.o(.text)
    _ll_ushift_r                             0x08000275   Thumb Code     0  llushr.o(.text)
    __scatterload                            0x08000295   Thumb Code    28  init.o(.text)
    __scatterload_rt2                        0x08000295   Thumb Code     0  init.o(.text)
    BSP_SD_AbortCallback                     0x08000415   Thumb Code     2  bsp_driver_sd.o(i.BSP_SD_AbortCallback)
    BSP_SD_GetCardInfo                       0x08000419   Thumb Code    14  bsp_driver_sd.o(i.BSP_SD_GetCardInfo)
    BSP_SD_GetCardState                      0x0800042d   Thumb Code    20  bsp_driver_sd.o(i.BSP_SD_GetCardState)
    BSP_SD_Init                              0x08000445   Thumb Code    44  bsp_driver_sd.o(i.BSP_SD_Init)
    BSP_SD_IsDetected                        0x08000475   Thumb Code    12  bsp_driver_sd.o(i.BSP_SD_IsDetected)
    BSP_SD_ReadBlocks_DMA                    0x08000481   Thumb Code    34  bsp_driver_sd.o(i.BSP_SD_ReadBlocks_DMA)
    BSP_SD_ReadCpltCallback                  0x080004a9   Thumb Code     8  sd_diskio.o(i.BSP_SD_ReadCpltCallback)
    BSP_SD_WriteBlocks_DMA                   0x080004b5   Thumb Code    34  bsp_driver_sd.o(i.BSP_SD_WriteBlocks_DMA)
    BSP_SD_WriteCpltCallback                 0x080004dd   Thumb Code     8  sd_diskio.o(i.BSP_SD_WriteCpltCallback)
    BusFault_Handler                         0x080004e9   Thumb Code     4  stm32f4xx_it.o(i.BusFault_Handler)
    DMA2_Stream0_IRQHandler                  0x080004ed   Thumb Code    10  stm32f4xx_it.o(i.DMA2_Stream0_IRQHandler)
    DMA2_Stream3_IRQHandler                  0x080004fd   Thumb Code    10  stm32f4xx_it.o(i.DMA2_Stream3_IRQHandler)
    DMA2_Stream6_IRQHandler                  0x0800050d   Thumb Code    10  stm32f4xx_it.o(i.DMA2_Stream6_IRQHandler)
    DebugMon_Handler                         0x08000627   Thumb Code     2  stm32f4xx_it.o(i.DebugMon_Handler)
    Error_Handler                            0x08000629   Thumb Code     2  main.o(i.Error_Handler)
    FATFS_LinkDriver                         0x0800062b   Thumb Code    18  ff_gen_drv.o(i.FATFS_LinkDriver)
    FATFS_LinkDriverEx                       0x0800063d   Thumb Code    78  ff_gen_drv.o(i.FATFS_LinkDriverEx)
    Fatfs_RW_test                            0x08000691   Thumb Code   138  main.o(i.Fatfs_RW_test)
    HAL_ADC_ConfigChannel                    0x08000741   Thumb Code   384  stm32f4xx_hal_adc.o(i.HAL_ADC_ConfigChannel)
    HAL_ADC_Init                             0x080008d5   Thumb Code   100  stm32f4xx_hal_adc.o(i.HAL_ADC_Init)
    HAL_ADC_MspInit                          0x0800093d   Thumb Code   180  stm32f4xx_hal_msp.o(i.HAL_ADC_MspInit)
    HAL_DMA_Abort_IT                         0x08000a05   Thumb Code    40  stm32f4xx_hal_dma.o(i.HAL_DMA_Abort_IT)
    HAL_DMA_IRQHandler                       0x08000a2d   Thumb Code   570  stm32f4xx_hal_dma.o(i.HAL_DMA_IRQHandler)
    HAL_DMA_Init                             0x08000c6d   Thumb Code   232  stm32f4xx_hal_dma.o(i.HAL_DMA_Init)
    HAL_DMA_Start_IT                         0x08000d59   Thumb Code   158  stm32f4xx_hal_dma.o(i.HAL_DMA_Start_IT)
    HAL_Delay                                0x08000df9   Thumb Code    36  stm32f4xx_hal.o(i.HAL_Delay)
    HAL_GPIO_Init                            0x08000e21   Thumb Code   436  stm32f4xx_hal_gpio.o(i.HAL_GPIO_Init)
    HAL_GPIO_TogglePin                       0x08000ff5   Thumb Code     8  stm32f4xx_hal_gpio.o(i.HAL_GPIO_TogglePin)
    HAL_GPIO_WritePin                        0x08000ffd   Thumb Code    12  stm32f4xx_hal_gpio.o(i.HAL_GPIO_WritePin)
    HAL_GetTick                              0x08001009   Thumb Code     6  stm32f4xx_hal.o(i.HAL_GetTick)
    HAL_IncTick                              0x08001015   Thumb Code    16  stm32f4xx_hal.o(i.HAL_IncTick)
    HAL_Init                                 0x0800102d   Thumb Code    54  stm32f4xx_hal.o(i.HAL_Init)
    HAL_InitTick                             0x08001069   Thumb Code    64  stm32f4xx_hal.o(i.HAL_InitTick)
    HAL_MspInit                              0x080010b5   Thumb Code    68  stm32f4xx_hal_msp.o(i.HAL_MspInit)
    HAL_NVIC_EnableIRQ                       0x080010fd   Thumb Code    26  stm32f4xx_hal_cortex.o(i.HAL_NVIC_EnableIRQ)
    HAL_NVIC_SetPriority                     0x08001117   Thumb Code   124  stm32f4xx_hal_cortex.o(i.HAL_NVIC_SetPriority)
    HAL_NVIC_SetPriorityGrouping             0x08001195   Thumb Code    32  stm32f4xx_hal_cortex.o(i.HAL_NVIC_SetPriorityGrouping)
    HAL_RCC_ClockConfig                      0x080011bd   Thumb Code   366  stm32f4xx_hal_rcc.o(i.HAL_RCC_ClockConfig)
    HAL_RCC_GetSysClockFreq                  0x0800133d   Thumb Code   162  stm32f4xx_hal_rcc.o(i.HAL_RCC_GetSysClockFreq)
    HAL_RCC_OscConfig                        0x080013ed   Thumb Code  1086  stm32f4xx_hal_rcc.o(i.HAL_RCC_OscConfig)
    HAL_SD_AbortCallback                     0x08001835   Thumb Code    10  bsp_driver_sd.o(i.HAL_SD_AbortCallback)
    HAL_SD_ConfigWideBusOperation            0x0800183f   Thumb Code   168  stm32f4xx_hal_sd.o(i.HAL_SD_ConfigWideBusOperation)
    HAL_SD_ErrorCallback                     0x080018e7   Thumb Code     2  stm32f4xx_hal_sd.o(i.HAL_SD_ErrorCallback)
    HAL_SD_GetCardCSD                        0x080018e9   Thumb Code   496  stm32f4xx_hal_sd.o(i.HAL_SD_GetCardCSD)
    HAL_SD_GetCardInfo                       0x08001ad9   Thumb Code    38  stm32f4xx_hal_sd.o(i.HAL_SD_GetCardInfo)
    HAL_SD_GetCardState                      0x08001aff   Thumb Code    40  stm32f4xx_hal_sd.o(i.HAL_SD_GetCardState)
    HAL_SD_IRQHandler                        0x08001b29   Thumb Code   504  stm32f4xx_hal_sd.o(i.HAL_SD_IRQHandler)
    HAL_SD_Init                              0x08001d29   Thumb Code    54  stm32f4xx_hal_sd.o(i.HAL_SD_Init)
    HAL_SD_InitCard                          0x08001d61   Thumb Code   128  stm32f4xx_hal_sd.o(i.HAL_SD_InitCard)
    HAL_SD_MspInit                           0x08001de5   Thumb Code   372  stm32f4xx_hal_msp.o(i.HAL_SD_MspInit)
    HAL_SD_ReadBlocks_DMA                    0x08001f75   Thumb Code   282  stm32f4xx_hal_sd.o(i.HAL_SD_ReadBlocks_DMA)
    HAL_SD_RxCpltCallback                    0x0800209d   Thumb Code    10  bsp_driver_sd.o(i.HAL_SD_RxCpltCallback)
    HAL_SD_TxCpltCallback                    0x080020a7   Thumb Code    10  bsp_driver_sd.o(i.HAL_SD_TxCpltCallback)
    HAL_SD_WriteBlocks_DMA                   0x080020b1   Thumb Code   280  stm32f4xx_hal_sd.o(i.HAL_SD_WriteBlocks_DMA)
    HAL_SYSTICK_Config                       0x080021d5   Thumb Code    52  stm32f4xx_hal_cortex.o(i.HAL_SYSTICK_Config)
    HAL_TIMEx_BreakCallback                  0x08002209   Thumb Code     2  stm32f4xx_hal_tim_ex.o(i.HAL_TIMEx_BreakCallback)
    HAL_TIMEx_CommutationCallback            0x0800220b   Thumb Code     2  stm32f4xx_hal_tim_ex.o(i.HAL_TIMEx_CommutationCallback)
    HAL_TIMEx_MasterConfigSynchronization    0x0800220d   Thumb Code    98  stm32f4xx_hal_tim_ex.o(i.HAL_TIMEx_MasterConfigSynchronization)
    HAL_TIM_Base_Init                        0x0800226f   Thumb Code    52  stm32f4xx_hal_tim.o(i.HAL_TIM_Base_Init)
    HAL_TIM_Base_MspInit                     0x080022a5   Thumb Code    62  stm32f4xx_hal_msp.o(i.HAL_TIM_Base_MspInit)
    HAL_TIM_ConfigClockSource                0x080022ed   Thumb Code   306  stm32f4xx_hal_tim.o(i.HAL_TIM_ConfigClockSource)
    HAL_TIM_IC_CaptureCallback               0x0800241f   Thumb Code     2  stm32f4xx_hal_tim.o(i.HAL_TIM_IC_CaptureCallback)
    HAL_TIM_IRQHandler                       0x08002421   Thumb Code   406  stm32f4xx_hal_tim.o(i.HAL_TIM_IRQHandler)
    HAL_TIM_OC_DelayElapsedCallback          0x080025b7   Thumb Code     2  stm32f4xx_hal_tim.o(i.HAL_TIM_OC_DelayElapsedCallback)
    HAL_TIM_PWM_PulseFinishedCallback        0x080025b9   Thumb Code     2  stm32f4xx_hal_tim.o(i.HAL_TIM_PWM_PulseFinishedCallback)
    HAL_TIM_PeriodElapsedCallback            0x080025bb   Thumb Code     2  stm32f4xx_hal_tim.o(i.HAL_TIM_PeriodElapsedCallback)
    HAL_TIM_TriggerCallback                  0x080025bd   Thumb Code     2  stm32f4xx_hal_tim.o(i.HAL_TIM_TriggerCallback)
    HardFault_Handler                        0x080025bf   Thumb Code     4  stm32f4xx_it.o(i.HardFault_Handler)
    MX_FATFS_Init                            0x08002685   Thumb Code    16  fatfs.o(i.MX_FATFS_Init)
    MemManage_Handler                        0x08002811   Thumb Code     4  stm32f4xx_it.o(i.MemManage_Handler)
    NMI_Handler                              0x08002815   Thumb Code     2  stm32f4xx_it.o(i.NMI_Handler)
    PendSV_Handler                           0x08002851   Thumb Code     2  stm32f4xx_it.o(i.PendSV_Handler)
    SDIO_ConfigData                          0x08002853   Thumb Code    44  stm32f4xx_ll_sdmmc.o(i.SDIO_ConfigData)
    SDIO_GetCommandResponse                  0x0800287f   Thumb Code     8  stm32f4xx_ll_sdmmc.o(i.SDIO_GetCommandResponse)
    SDIO_GetPowerState                       0x08002887   Thumb Code    10  stm32f4xx_ll_sdmmc.o(i.SDIO_GetPowerState)
    SDIO_GetResponse                         0x08002891   Thumb Code    22  stm32f4xx_ll_sdmmc.o(i.SDIO_GetResponse)
    SDIO_IRQHandler                          0x080028a9   Thumb Code    10  stm32f4xx_it.o(i.SDIO_IRQHandler)
    SDIO_Init                                0x080028b9   Thumb Code    52  stm32f4xx_ll_sdmmc.o(i.SDIO_Init)
    SDIO_PowerState_ON                       0x080028ed   Thumb Code    10  stm32f4xx_ll_sdmmc.o(i.SDIO_PowerState_ON)
    SDIO_ReadFIFO                            0x080028f7   Thumb Code     8  stm32f4xx_ll_sdmmc.o(i.SDIO_ReadFIFO)
    SDIO_SendCommand                         0x080028ff   Thumb Code    40  stm32f4xx_ll_sdmmc.o(i.SDIO_SendCommand)
    SDIO_WriteFIFO                           0x08002927   Thumb Code    12  stm32f4xx_ll_sdmmc.o(i.SDIO_WriteFIFO)
    SDMMC_CmdAppCommand                      0x08002933   Thumb Code    58  stm32f4xx_ll_sdmmc.o(i.SDMMC_CmdAppCommand)
    SDMMC_CmdAppOperCommand                  0x0800296d   Thumb Code    56  stm32f4xx_ll_sdmmc.o(i.SDMMC_CmdAppOperCommand)
    SDMMC_CmdBlockLength                     0x080029a9   Thumb Code    58  stm32f4xx_ll_sdmmc.o(i.SDMMC_CmdBlockLength)
    SDMMC_CmdBusWidth                        0x080029e3   Thumb Code    58  stm32f4xx_ll_sdmmc.o(i.SDMMC_CmdBusWidth)
    SDMMC_CmdGoIdleState                     0x08002a1d   Thumb Code    46  stm32f4xx_ll_sdmmc.o(i.SDMMC_CmdGoIdleState)
    SDMMC_CmdOperCond                        0x08002a4b   Thumb Code    54  stm32f4xx_ll_sdmmc.o(i.SDMMC_CmdOperCond)
    SDMMC_CmdReadMultiBlock                  0x08002a81   Thumb Code    58  stm32f4xx_ll_sdmmc.o(i.SDMMC_CmdReadMultiBlock)
    SDMMC_CmdReadSingleBlock                 0x08002abb   Thumb Code    58  stm32f4xx_ll_sdmmc.o(i.SDMMC_CmdReadSingleBlock)
    SDMMC_CmdSelDesel                        0x08002af5   Thumb Code    60  stm32f4xx_ll_sdmmc.o(i.SDMMC_CmdSelDesel)
    SDMMC_CmdSendCID                         0x08002b31   Thumb Code    52  stm32f4xx_ll_sdmmc.o(i.SDMMC_CmdSendCID)
    SDMMC_CmdSendCSD                         0x08002b65   Thumb Code    52  stm32f4xx_ll_sdmmc.o(i.SDMMC_CmdSendCSD)
    SDMMC_CmdSendSCR                         0x08002b99   Thumb Code    58  stm32f4xx_ll_sdmmc.o(i.SDMMC_CmdSendSCR)
    SDMMC_CmdSendStatus                      0x08002bd3   Thumb Code    58  stm32f4xx_ll_sdmmc.o(i.SDMMC_CmdSendStatus)
    SDMMC_CmdSetRelAdd                       0x08002c0d   Thumb Code    58  stm32f4xx_ll_sdmmc.o(i.SDMMC_CmdSetRelAdd)
    SDMMC_CmdStopTransfer                    0x08002c49   Thumb Code    56  stm32f4xx_ll_sdmmc.o(i.SDMMC_CmdStopTransfer)
    SDMMC_CmdWriteMultiBlock                 0x08002c85   Thumb Code    58  stm32f4xx_ll_sdmmc.o(i.SDMMC_CmdWriteMultiBlock)
    SDMMC_CmdWriteSingleBlock                0x08002cbf   Thumb Code    58  stm32f4xx_ll_sdmmc.o(i.SDMMC_CmdWriteSingleBlock)
    SD_initialize                            0x0800366d   Thumb Code    32  sd_diskio.o(i.SD_initialize)
    SD_ioctl                                 0x08003691   Thumb Code   102  sd_diskio.o(i.SD_ioctl)
    SD_read                                  0x080036fd   Thumb Code   122  sd_diskio.o(i.SD_read)
    SD_status                                0x0800377d   Thumb Code    12  sd_diskio.o(i.SD_status)
    SD_write                                 0x08003789   Thumb Code   122  sd_diskio.o(i.SD_write)
    SVC_Handler                              0x08003809   Thumb Code     2  stm32f4xx_it.o(i.SVC_Handler)
    SysTick_Handler                          0x0800380b   Thumb Code     8  stm32f4xx_it.o(i.SysTick_Handler)
    SystemClock_Config                       0x08003815   Thumb Code   168  main.o(i.SystemClock_Config)
    SystemInit                               0x080038c5   Thumb Code    82  system_stm32f4xx.o(i.SystemInit)
    TIM3_IRQHandler                          0x08003929   Thumb Code    10  stm32f4xx_it.o(i.TIM3_IRQHandler)
    TIM_Base_SetConfig                       0x08003939   Thumb Code   148  stm32f4xx_hal_tim.o(i.TIM_Base_SetConfig)
    UsageFault_Handler                       0x08003a6b   Thumb Code     4  stm32f4xx_it.o(i.UsageFault_Handler)
    __scatterload_copy                       0x08003a6f   Thumb Code    14  handlers.o(i.__scatterload_copy)
    __scatterload_null                       0x08003a7d   Thumb Code     2  handlers.o(i.__scatterload_null)
    __scatterload_zeroinit                   0x08003a7f   Thumb Code    14  handlers.o(i.__scatterload_zeroinit)
    disk_initialize                          0x08004479   Thumb Code    40  diskio.o(i.disk_initialize)
    disk_ioctl                               0x080044a5   Thumb Code    36  diskio.o(i.disk_ioctl)
    disk_read                                0x080044cd   Thumb Code    42  diskio.o(i.disk_read)
    disk_status                              0x080044fd   Thumb Code    24  diskio.o(i.disk_status)
    disk_write                               0x08004519   Thumb Code    42  diskio.o(i.disk_write)
    f_close                                  0x08004571   Thumb Code    44  ff.o(i.f_close)
    f_mount                                  0x0800459d   Thumb Code    92  ff.o(i.f_mount)
    f_open                                   0x080045fd   Thumb Code   570  ff.o(i.f_open)
    f_read                                   0x08004837   Thumb Code   428  ff.o(i.f_read)
    f_sync                                   0x080049e3   Thumb Code   160  ff.o(i.f_sync)
    ff_convert                               0x08004a85   Thumb Code   116  cc950.o(i.ff_convert)
    ff_wtoupper                              0x08004b01   Thumb Code   156  cc950.o(i.ff_wtoupper)
    get_fattime                              0x080050f5   Thumb Code     4  fatfs.o(i.get_fattime)
    main                                     0x08005249   Thumb Code    56  main.o(i.main)
    SD_Driver                                0x080056e4   Data          20  sd_diskio.o(.constdata)
    AHBPrescTable                            0x08005700   Data          16  system_stm32f4xx.o(.constdata)
    APBPrescTable                            0x08005710   Data           8  system_stm32f4xx.o(.constdata)
    Region$$Table$$Base                      0x0801fff0   Number         0  anon$$obj.o(Region$$Table)
    Region$$Table$$Limit                     0x08020010   Number         0  anon$$obj.o(Region$$Table)
    sult                                     0x20000000   Data           1  main.o(.data)
    def                                      0x20000001   Data           1  main.o(.data)
    byteswritten                             0x20000004   Data           4  main.o(.data)
    bytesread                                0x20000008   Data           4  main.o(.data)
    wtext                                    0x2000000c   Data          35  main.o(.data)
    filename                                 0x2000002f   Data          18  main.o(.data)
    i                                        0x20000044   Data           4  main.o(.data)
    retSD                                    0x20000054   Data           1  fatfs.o(.data)
    SDPath                                   0x20000055   Data           4  fatfs.o(.data)
    uwTick                                   0x2000005c   Data           4  stm32f4xx_hal.o(.data)
    uwTickPrio                               0x20000060   Data           4  stm32f4xx_hal.o(.data)
    uwTickFreq                               0x20000064   Data           1  stm32f4xx_hal.o(.data)
    SystemCoreClock                          0x20000068   Data           4  system_stm32f4xx.o(.data)
    hadc1                                    0x20000074   Data          72  main.o(.bss)
    hdma_adc1                                0x200000bc   Data          96  main.o(.bss)
    hsd                                      0x2000011c   Data         132  main.o(.bss)
    hdma_sdio_rx                             0x200001a0   Data          96  main.o(.bss)
    hdma_sdio_tx                             0x20000200   Data          96  main.o(.bss)
    htim3                                    0x20000260   Data          60  main.o(.bss)
    dir                                      0x2000029c   Data          52  main.o(.bss)
    inf                                      0x200002d0   Data         280  main.o(.bss)
    sdinf                                    0x200003e8   Data          32  main.o(.bss)
    data2                                    0x20000408   Data       65536  main.o(.bss)
    fil                                      0x20010408   Data         560  main.o(.bss)
    rtext                                    0x20010638   Data         100  main.o(.bss)
    SDFatFS                                  0x2001069c   Data         564  fatfs.o(.bss)
    SDFile                                   0x200108d0   Data         560  fatfs.o(.bss)
    disk                                     0x20010b20   Data          12  ff_gen_drv.o(.bss)
    __initial_sp                             0x20011b30   Data           0  startup_stm32f411xe.o(STACK)



==============================================================================

Memory Map of the image

  Image Entry point : 0x08000199

  Load Region LR_IROM1 (Base: 0x08000000, Size: 0x00020084, Max: 0x00040000, ABSOLUTE)

    Execution Region ER_IROM1 (Exec base: 0x08000000, Load base: 0x08000000, Size: 0x00020010, Max: 0x00040000, ABSOLUTE)

    Exec Addr    Load Addr    Size         Type   Attr      Idx    E Section Name        Object

    0x08000000   0x08000000   0x00000198   Data   RO            3    RESET               startup_stm32f411xe.o
    0x08000198   0x08000198   0x00000000   Code   RO         4117  * .ARM.Collect$$$$00000000  mc_w.l(entry.o)
    0x08000198   0x08000198   0x00000004   Code   RO         4124    .ARM.Collect$$$$00000001  mc_w.l(entry2.o)
    0x0800019c   0x0800019c   0x00000004   Code   RO         4127    .ARM.Collect$$$$00000004  mc_w.l(entry5.o)
    0x080001a0   0x080001a0   0x00000000   Code   RO         4129    .ARM.Collect$$$$00000008  mc_w.l(entry7b.o)
    0x080001a0   0x080001a0   0x00000000   Code   RO         4131    .ARM.Collect$$$$0000000A  mc_w.l(entry8b.o)
    0x080001a0   0x080001a0   0x00000008   Code   RO         4132    .ARM.Collect$$$$0000000B  mc_w.l(entry9a.o)
    0x080001a8   0x080001a8   0x00000000   Code   RO         4134    .ARM.Collect$$$$0000000D  mc_w.l(entry10a.o)
    0x080001a8   0x080001a8   0x00000000   Code   RO         4136    .ARM.Collect$$$$0000000F  mc_w.l(entry11a.o)
    0x080001a8   0x080001a8   0x00000004   Code   RO         4125    .ARM.Collect$$$$00002712  mc_w.l(entry2.o)
    0x080001ac   0x080001ac   0x00000024   Code   RO            4    .text               startup_stm32f411xe.o
    0x080001d0   0x080001d0   0x00000062   Code   RO         4120    .text               mc_w.l(uldiv.o)
    0x08000232   0x08000232   0x00000024   Code   RO         4122    .text               mc_w.l(memseta.o)
    0x08000256   0x08000256   0x0000001e   Code   RO         4138    .text               mc_w.l(llshl.o)
    0x08000274   0x08000274   0x00000020   Code   RO         4140    .text               mc_w.l(llushr.o)
    0x08000294   0x08000294   0x00000024   Code   RO         4142    .text               mc_w.l(init.o)
    0x080002b8   0x080002b8   0x0000015c   Code   RO          670    i.ADC_Init          stm32f4xx_hal_adc.o
    0x08000414   0x08000414   0x00000002   Code   RO          216    i.BSP_SD_AbortCallback  bsp_driver_sd.o
    0x08000416   0x08000416   0x00000002   PAD
    0x08000418   0x08000418   0x00000014   Code   RO          222    i.BSP_SD_GetCardInfo  bsp_driver_sd.o
    0x0800042c   0x0800042c   0x00000018   Code   RO          223    i.BSP_SD_GetCardState  bsp_driver_sd.o
    0x08000444   0x08000444   0x00000030   Code   RO          226    i.BSP_SD_Init       bsp_driver_sd.o
    0x08000474   0x08000474   0x0000000c   Code   RO          227    i.BSP_SD_IsDetected  bsp_driver_sd.o
    0x08000480   0x08000480   0x00000028   Code   RO          229    i.BSP_SD_ReadBlocks_DMA  bsp_driver_sd.o
    0x080004a8   0x080004a8   0x0000000c   Code   RO          373    i.BSP_SD_ReadCpltCallback  sd_diskio.o
    0x080004b4   0x080004b4   0x00000028   Code   RO          232    i.BSP_SD_WriteBlocks_DMA  bsp_driver_sd.o
    0x080004dc   0x080004dc   0x0000000c   Code   RO          374    i.BSP_SD_WriteCpltCallback  sd_diskio.o
    0x080004e8   0x080004e8   0x00000004   Code   RO          482    i.BusFault_Handler  stm32f4xx_it.o
    0x080004ec   0x080004ec   0x00000010   Code   RO          483    i.DMA2_Stream0_IRQHandler  stm32f4xx_it.o
    0x080004fc   0x080004fc   0x00000010   Code   RO          484    i.DMA2_Stream3_IRQHandler  stm32f4xx_it.o
    0x0800050c   0x0800050c   0x00000010   Code   RO          485    i.DMA2_Stream6_IRQHandler  stm32f4xx_it.o
    0x0800051c   0x0800051c   0x00000034   Code   RO         2921    i.DMA_CalcBaseAndBitshift  stm32f4xx_hal_dma.o
    0x08000550   0x08000550   0x000000aa   Code   RO         2922    i.DMA_CheckFifoParam  stm32f4xx_hal_dma.o
    0x080005fa   0x080005fa   0x0000002c   Code   RO         2923    i.DMA_SetConfig     stm32f4xx_hal_dma.o
    0x08000626   0x08000626   0x00000002   Code   RO          486    i.DebugMon_Handler  stm32f4xx_it.o
    0x08000628   0x08000628   0x00000002   Code   RO           13    i.Error_Handler     main.o
    0x0800062a   0x0800062a   0x00000012   Code   RO         4014    i.FATFS_LinkDriver  ff_gen_drv.o
    0x0800063c   0x0800063c   0x00000054   Code   RO         4015    i.FATFS_LinkDriverEx  ff_gen_drv.o
    0x08000690   0x08000690   0x000000b0   Code   RO           14    i.Fatfs_RW_test     main.o
    0x08000740   0x08000740   0x00000194   Code   RO          672    i.HAL_ADC_ConfigChannel  stm32f4xx_hal_adc.o
    0x080008d4   0x080008d4   0x00000068   Code   RO          681    i.HAL_ADC_Init      stm32f4xx_hal_adc.o
    0x0800093c   0x0800093c   0x000000c8   Code   RO          589    i.HAL_ADC_MspInit   stm32f4xx_hal_msp.o
    0x08000a04   0x08000a04   0x00000028   Code   RO         2925    i.HAL_DMA_Abort_IT  stm32f4xx_hal_dma.o
    0x08000a2c   0x08000a2c   0x00000240   Code   RO         2929    i.HAL_DMA_IRQHandler  stm32f4xx_hal_dma.o
    0x08000c6c   0x08000c6c   0x000000ec   Code   RO         2930    i.HAL_DMA_Init      stm32f4xx_hal_dma.o
    0x08000d58   0x08000d58   0x0000009e   Code   RO         2934    i.HAL_DMA_Start_IT  stm32f4xx_hal_dma.o
    0x08000df6   0x08000df6   0x00000002   PAD
    0x08000df8   0x08000df8   0x00000028   Code   RO         3372    i.HAL_Delay         stm32f4xx_hal.o
    0x08000e20   0x08000e20   0x000001d4   Code   RO         2817    i.HAL_GPIO_Init     stm32f4xx_hal_gpio.o
    0x08000ff4   0x08000ff4   0x00000008   Code   RO         2820    i.HAL_GPIO_TogglePin  stm32f4xx_hal_gpio.o
    0x08000ffc   0x08000ffc   0x0000000c   Code   RO         2821    i.HAL_GPIO_WritePin  stm32f4xx_hal_gpio.o
    0x08001008   0x08001008   0x0000000c   Code   RO         3378    i.HAL_GetTick       stm32f4xx_hal.o
    0x08001014   0x08001014   0x00000018   Code   RO         3382    i.HAL_IncTick       stm32f4xx_hal.o
    0x0800102c   0x0800102c   0x0000003c   Code   RO         3383    i.HAL_Init          stm32f4xx_hal.o
    0x08001068   0x08001068   0x0000004c   Code   RO         3384    i.HAL_InitTick      stm32f4xx_hal.o
    0x080010b4   0x080010b4   0x00000048   Code   RO          590    i.HAL_MspInit       stm32f4xx_hal_msp.o
    0x080010fc   0x080010fc   0x0000001a   Code   RO         3230    i.HAL_NVIC_EnableIRQ  stm32f4xx_hal_cortex.o
    0x08001116   0x08001116   0x0000007c   Code   RO         3236    i.HAL_NVIC_SetPriority  stm32f4xx_hal_cortex.o
    0x08001192   0x08001192   0x00000002   PAD
    0x08001194   0x08001194   0x00000028   Code   RO         3237    i.HAL_NVIC_SetPriorityGrouping  stm32f4xx_hal_cortex.o
    0x080011bc   0x080011bc   0x00000180   Code   RO         2354    i.HAL_RCC_ClockConfig  stm32f4xx_hal_rcc.o
    0x0800133c   0x0800133c   0x000000b0   Code   RO         2363    i.HAL_RCC_GetSysClockFreq  stm32f4xx_hal_rcc.o
    0x080013ec   0x080013ec   0x00000448   Code   RO         2366    i.HAL_RCC_OscConfig  stm32f4xx_hal_rcc.o
    0x08001834   0x08001834   0x0000000a   Code   RO          234    i.HAL_SD_AbortCallback  bsp_driver_sd.o
    0x0800183e   0x0800183e   0x000000a8   Code   RO         1221    i.HAL_SD_ConfigWideBusOperation  stm32f4xx_hal_sd.o
    0x080018e6   0x080018e6   0x00000002   Code   RO         1224    i.HAL_SD_ErrorCallback  stm32f4xx_hal_sd.o
    0x080018e8   0x080018e8   0x000001f0   Code   RO         1226    i.HAL_SD_GetCardCSD  stm32f4xx_hal_sd.o
    0x08001ad8   0x08001ad8   0x00000026   Code   RO         1227    i.HAL_SD_GetCardInfo  stm32f4xx_hal_sd.o
    0x08001afe   0x08001afe   0x00000028   Code   RO         1228    i.HAL_SD_GetCardState  stm32f4xx_hal_sd.o
    0x08001b26   0x08001b26   0x00000002   PAD
    0x08001b28   0x08001b28   0x00000200   Code   RO         1232    i.HAL_SD_IRQHandler  stm32f4xx_hal_sd.o
    0x08001d28   0x08001d28   0x00000036   Code   RO         1233    i.HAL_SD_Init       stm32f4xx_hal_sd.o
    0x08001d5e   0x08001d5e   0x00000002   PAD
    0x08001d60   0x08001d60   0x00000084   Code   RO         1234    i.HAL_SD_InitCard   stm32f4xx_hal_sd.o
    0x08001de4   0x08001de4   0x00000190   Code   RO          592    i.HAL_SD_MspInit    stm32f4xx_hal_msp.o
    0x08001f74   0x08001f74   0x00000128   Code   RO         1238    i.HAL_SD_ReadBlocks_DMA  stm32f4xx_hal_sd.o
    0x0800209c   0x0800209c   0x0000000a   Code   RO          235    i.HAL_SD_RxCpltCallback  bsp_driver_sd.o
    0x080020a6   0x080020a6   0x0000000a   Code   RO          236    i.HAL_SD_TxCpltCallback  bsp_driver_sd.o
    0x080020b0   0x080020b0   0x00000124   Code   RO         1243    i.HAL_SD_WriteBlocks_DMA  stm32f4xx_hal_sd.o
    0x080021d4   0x080021d4   0x00000034   Code   RO         3241    i.HAL_SYSTICK_Config  stm32f4xx_hal_cortex.o
    0x08002208   0x08002208   0x00000002   Code   RO         2114    i.HAL_TIMEx_BreakCallback  stm32f4xx_hal_tim_ex.o
    0x0800220a   0x0800220a   0x00000002   Code   RO         2115    i.HAL_TIMEx_CommutationCallback  stm32f4xx_hal_tim_ex.o
    0x0800220c   0x0800220c   0x00000062   Code   RO         2131    i.HAL_TIMEx_MasterConfigSynchronization  stm32f4xx_hal_tim_ex.o
    0x0800226e   0x0800226e   0x00000034   Code   RO         1475    i.HAL_TIM_Base_Init  stm32f4xx_hal_tim.o
    0x080022a2   0x080022a2   0x00000002   PAD
    0x080022a4   0x080022a4   0x00000048   Code   RO          594    i.HAL_TIM_Base_MspInit  stm32f4xx_hal_msp.o
    0x080022ec   0x080022ec   0x00000132   Code   RO         1484    i.HAL_TIM_ConfigClockSource  stm32f4xx_hal_tim.o
    0x0800241e   0x0800241e   0x00000002   Code   RO         1504    i.HAL_TIM_IC_CaptureCallback  stm32f4xx_hal_tim.o
    0x08002420   0x08002420   0x00000196   Code   RO         1517    i.HAL_TIM_IRQHandler  stm32f4xx_hal_tim.o
    0x080025b6   0x080025b6   0x00000002   Code   RO         1520    i.HAL_TIM_OC_DelayElapsedCallback  stm32f4xx_hal_tim.o
    0x080025b8   0x080025b8   0x00000002   Code   RO         1547    i.HAL_TIM_PWM_PulseFinishedCallback  stm32f4xx_hal_tim.o
    0x080025ba   0x080025ba   0x00000002   Code   RO         1554    i.HAL_TIM_PeriodElapsedCallback  stm32f4xx_hal_tim.o
    0x080025bc   0x080025bc   0x00000002   Code   RO         1558    i.HAL_TIM_TriggerCallback  stm32f4xx_hal_tim.o
    0x080025be   0x080025be   0x00000004   Code   RO          487    i.HardFault_Handler  stm32f4xx_it.o
    0x080025c2   0x080025c2   0x00000002   PAD
    0x080025c4   0x080025c4   0x00000068   Code   RO           15    i.MX_ADC1_Init      main.o
    0x0800262c   0x0800262c   0x00000058   Code   RO           16    i.MX_DMA_Init       main.o
    0x08002684   0x08002684   0x0000001c   Code   RO          445    i.MX_FATFS_Init     fatfs.o
    0x080026a0   0x080026a0   0x000000e0   Code   RO           17    i.MX_GPIO_Init      main.o
    0x08002780   0x08002780   0x00000024   Code   RO           18    i.MX_SDIO_SD_Init   main.o
    0x080027a4   0x080027a4   0x0000006c   Code   RO           19    i.MX_TIM3_Init      main.o
    0x08002810   0x08002810   0x00000004   Code   RO          488    i.MemManage_Handler  stm32f4xx_it.o
    0x08002814   0x08002814   0x00000002   Code   RO          489    i.NMI_Handler       stm32f4xx_it.o
    0x08002816   0x08002816   0x00000002   PAD
    0x08002818   0x08002818   0x00000010   Code   RO         3243    i.NVIC_GetPriorityGrouping  stm32f4xx_hal_cortex.o
    0x08002828   0x08002828   0x00000028   Code   RO         3244    i.NVIC_SetPriority  stm32f4xx_hal_cortex.o
    0x08002850   0x08002850   0x00000002   Code   RO          490    i.PendSV_Handler    stm32f4xx_it.o
    0x08002852   0x08002852   0x0000002c   Code   RO          942    i.SDIO_ConfigData   stm32f4xx_ll_sdmmc.o
    0x0800287e   0x0800287e   0x00000008   Code   RO          943    i.SDIO_GetCommandResponse  stm32f4xx_ll_sdmmc.o
    0x08002886   0x08002886   0x0000000a   Code   RO          946    i.SDIO_GetPowerState  stm32f4xx_ll_sdmmc.o
    0x08002890   0x08002890   0x00000016   Code   RO          947    i.SDIO_GetResponse  stm32f4xx_ll_sdmmc.o
    0x080028a6   0x080028a6   0x00000002   PAD
    0x080028a8   0x080028a8   0x00000010   Code   RO          491    i.SDIO_IRQHandler   stm32f4xx_it.o
    0x080028b8   0x080028b8   0x00000034   Code   RO          948    i.SDIO_Init         stm32f4xx_ll_sdmmc.o
    0x080028ec   0x080028ec   0x0000000a   Code   RO          950    i.SDIO_PowerState_ON  stm32f4xx_ll_sdmmc.o
    0x080028f6   0x080028f6   0x00000008   Code   RO          951    i.SDIO_ReadFIFO     stm32f4xx_ll_sdmmc.o
    0x080028fe   0x080028fe   0x00000028   Code   RO          952    i.SDIO_SendCommand  stm32f4xx_ll_sdmmc.o
    0x08002926   0x08002926   0x0000000c   Code   RO          954    i.SDIO_WriteFIFO    stm32f4xx_ll_sdmmc.o
    0x08002932   0x08002932   0x0000003a   Code   RO          955    i.SDMMC_CmdAppCommand  stm32f4xx_ll_sdmmc.o
    0x0800296c   0x0800296c   0x0000003c   Code   RO          956    i.SDMMC_CmdAppOperCommand  stm32f4xx_ll_sdmmc.o
    0x080029a8   0x080029a8   0x0000003a   Code   RO          957    i.SDMMC_CmdBlockLength  stm32f4xx_ll_sdmmc.o
    0x080029e2   0x080029e2   0x0000003a   Code   RO          958    i.SDMMC_CmdBusWidth  stm32f4xx_ll_sdmmc.o
    0x08002a1c   0x08002a1c   0x0000002e   Code   RO          962    i.SDMMC_CmdGoIdleState  stm32f4xx_ll_sdmmc.o
    0x08002a4a   0x08002a4a   0x00000036   Code   RO          964    i.SDMMC_CmdOperCond  stm32f4xx_ll_sdmmc.o
    0x08002a80   0x08002a80   0x0000003a   Code   RO          965    i.SDMMC_CmdReadMultiBlock  stm32f4xx_ll_sdmmc.o
    0x08002aba   0x08002aba   0x0000003a   Code   RO          966    i.SDMMC_CmdReadSingleBlock  stm32f4xx_ll_sdmmc.o
    0x08002af4   0x08002af4   0x0000003c   Code   RO          969    i.SDMMC_CmdSelDesel  stm32f4xx_ll_sdmmc.o
    0x08002b30   0x08002b30   0x00000034   Code   RO          970    i.SDMMC_CmdSendCID  stm32f4xx_ll_sdmmc.o
    0x08002b64   0x08002b64   0x00000034   Code   RO          971    i.SDMMC_CmdSendCSD  stm32f4xx_ll_sdmmc.o
    0x08002b98   0x08002b98   0x0000003a   Code   RO          972    i.SDMMC_CmdSendSCR  stm32f4xx_ll_sdmmc.o
    0x08002bd2   0x08002bd2   0x0000003a   Code   RO          973    i.SDMMC_CmdSendStatus  stm32f4xx_ll_sdmmc.o
    0x08002c0c   0x08002c0c   0x0000003a   Code   RO          974    i.SDMMC_CmdSetRelAdd  stm32f4xx_ll_sdmmc.o
    0x08002c46   0x08002c46   0x00000002   PAD
    0x08002c48   0x08002c48   0x0000003c   Code   RO          976    i.SDMMC_CmdStopTransfer  stm32f4xx_ll_sdmmc.o
    0x08002c84   0x08002c84   0x0000003a   Code   RO          978    i.SDMMC_CmdWriteMultiBlock  stm32f4xx_ll_sdmmc.o
    0x08002cbe   0x08002cbe   0x0000003a   Code   RO          979    i.SDMMC_CmdWriteSingleBlock  stm32f4xx_ll_sdmmc.o
    0x08002cf8   0x08002cf8   0x00000040   Code   RO          980    i.SDMMC_GetCmdError  stm32f4xx_ll_sdmmc.o
    0x08002d38   0x08002d38   0x000001a4   Code   RO          981    i.SDMMC_GetCmdResp1  stm32f4xx_ll_sdmmc.o
    0x08002edc   0x08002edc   0x0000005c   Code   RO          982    i.SDMMC_GetCmdResp2  stm32f4xx_ll_sdmmc.o
    0x08002f38   0x08002f38   0x00000050   Code   RO          983    i.SDMMC_GetCmdResp3  stm32f4xx_ll_sdmmc.o
    0x08002f88   0x08002f88   0x000000b0   Code   RO          984    i.SDMMC_GetCmdResp6  stm32f4xx_ll_sdmmc.o
    0x08003038   0x08003038   0x00000058   Code   RO          985    i.SDMMC_GetCmdResp7  stm32f4xx_ll_sdmmc.o
    0x08003090   0x08003090   0x00000028   Code   RO          375    i.SD_CheckStatus    sd_diskio.o
    0x080030b8   0x080030b8   0x0000005c   Code   RO         1245    i.SD_DMAError       stm32f4xx_hal_sd.o
    0x08003114   0x08003114   0x00000046   Code   RO         1246    i.SD_DMAReceiveCplt  stm32f4xx_hal_sd.o
    0x0800315a   0x0800315a   0x0000004c   Code   RO         1247    i.SD_DMARxAbort     stm32f4xx_hal_sd.o
    0x080031a6   0x080031a6   0x00000012   Code   RO         1248    i.SD_DMATransmitCplt  stm32f4xx_hal_sd.o
    0x080031b8   0x080031b8   0x0000004c   Code   RO         1249    i.SD_DMATxAbort     stm32f4xx_hal_sd.o
    0x08003204   0x08003204   0x0000012c   Code   RO         1250    i.SD_FindSCR        stm32f4xx_hal_sd.o
    0x08003330   0x08003330   0x000000fc   Code   RO         1251    i.SD_InitCard       stm32f4xx_hal_sd.o
    0x0800342c   0x0800342c   0x000000ee   Code   RO         1253    i.SD_PowerON        stm32f4xx_hal_sd.o
    0x0800351a   0x0800351a   0x00000026   Code   RO         1254    i.SD_Read_IT        stm32f4xx_hal_sd.o
    0x08003540   0x08003540   0x00000032   Code   RO         1256    i.SD_SendStatus     stm32f4xx_hal_sd.o
    0x08003572   0x08003572   0x0000006a   Code   RO         1257    i.SD_WideBus_Disable  stm32f4xx_hal_sd.o
    0x080035dc   0x080035dc   0x0000006a   Code   RO         1258    i.SD_WideBus_Enable  stm32f4xx_hal_sd.o
    0x08003646   0x08003646   0x00000026   Code   RO         1259    i.SD_Write_IT       stm32f4xx_hal_sd.o
    0x0800366c   0x0800366c   0x00000024   Code   RO          376    i.SD_initialize     sd_diskio.o
    0x08003690   0x08003690   0x0000006c   Code   RO          377    i.SD_ioctl          sd_diskio.o
    0x080036fc   0x080036fc   0x00000080   Code   RO          378    i.SD_read           sd_diskio.o
    0x0800377c   0x0800377c   0x0000000c   Code   RO          379    i.SD_status         sd_diskio.o
    0x08003788   0x08003788   0x00000080   Code   RO          380    i.SD_write          sd_diskio.o
    0x08003808   0x08003808   0x00000002   Code   RO          492    i.SVC_Handler       stm32f4xx_it.o
    0x0800380a   0x0800380a   0x00000008   Code   RO          493    i.SysTick_Handler   stm32f4xx_it.o
    0x08003812   0x08003812   0x00000002   PAD
    0x08003814   0x08003814   0x000000b0   Code   RO           20    i.SystemClock_Config  main.o
    0x080038c4   0x080038c4   0x00000064   Code   RO         3537    i.SystemInit        system_stm32f4xx.o
    0x08003928   0x08003928   0x00000010   Code   RO          494    i.TIM3_IRQHandler   stm32f4xx_it.o
    0x08003938   0x08003938   0x000000b0   Code   RO         1559    i.TIM_Base_SetConfig  stm32f4xx_hal_tim.o
    0x080039e8   0x080039e8   0x00000018   Code   RO         1566    i.TIM_ETR_SetConfig  stm32f4xx_hal_tim.o
    0x08003a00   0x08003a00   0x00000014   Code   RO         1567    i.TIM_ITRx_SetConfig  stm32f4xx_hal_tim.o
    0x08003a14   0x08003a14   0x0000002a   Code   RO         1573    i.TIM_TI1_ConfigInputStage  stm32f4xx_hal_tim.o
    0x08003a3e   0x08003a3e   0x0000002c   Code   RO         1575    i.TIM_TI2_ConfigInputStage  stm32f4xx_hal_tim.o
    0x08003a6a   0x08003a6a   0x00000004   Code   RO          495    i.UsageFault_Handler  stm32f4xx_it.o
    0x08003a6e   0x08003a6e   0x0000000e   Code   RO         4146    i.__scatterload_copy  mc_w.l(handlers.o)
    0x08003a7c   0x08003a7c   0x00000002   Code   RO         4147    i.__scatterload_null  mc_w.l(handlers.o)
    0x08003a7e   0x08003a7e   0x0000000e   Code   RO         4148    i.__scatterload_zeroinit  mc_w.l(handlers.o)
    0x08003a8c   0x08003a8c   0x0000007c   Code   RO         3628    i.check_fs          ff.o
    0x08003b08   0x08003b08   0x00000014   Code   RO         3629    i.chk_chr           ff.o
    0x08003b1c   0x08003b1c   0x0000007c   Code   RO         3630    i.chk_lock          ff.o
    0x08003b98   0x08003b98   0x00000028   Code   RO         3631    i.clear_lock        ff.o
    0x08003bc0   0x08003bc0   0x00000032   Code   RO         3632    i.clmt_clust        ff.o
    0x08003bf2   0x08003bf2   0x0000001a   Code   RO         3633    i.clust2sect        ff.o
    0x08003c0c   0x08003c0c   0x00000098   Code   RO         3634    i.cmp_lfn           ff.o
    0x08003ca4   0x08003ca4   0x000000de   Code   RO         3635    i.create_chain      ff.o
    0x08003d82   0x08003d82   0x00000002   PAD
    0x08003d84   0x08003d84   0x0000026c   Code   RO         3636    i.create_name       ff.o
    0x08003ff0   0x08003ff0   0x00000044   Code   RO         3637    i.dec_lock          ff.o
    0x08004034   0x08004034   0x00000060   Code   RO         3638    i.dir_alloc         ff.o
    0x08004094   0x08004094   0x000000fc   Code   RO         3639    i.dir_find          ff.o
    0x08004190   0x08004190   0x0000010c   Code   RO         3640    i.dir_next          ff.o
    0x0800429c   0x0800429c   0x00000142   Code   RO         3642    i.dir_register      ff.o
    0x080043de   0x080043de   0x0000009a   Code   RO         3644    i.dir_sdi           ff.o
    0x08004478   0x08004478   0x0000002c   Code   RO         3573    i.disk_initialize   diskio.o
    0x080044a4   0x080044a4   0x00000028   Code   RO         3574    i.disk_ioctl        diskio.o
    0x080044cc   0x080044cc   0x00000030   Code   RO         3575    i.disk_read         diskio.o
    0x080044fc   0x080044fc   0x0000001c   Code   RO         3576    i.disk_status       diskio.o
    0x08004518   0x08004518   0x00000030   Code   RO         3577    i.disk_write        diskio.o
    0x08004548   0x08004548   0x00000028   Code   RO         3645    i.enq_lock          ff.o
    0x08004570   0x08004570   0x0000002c   Code   RO         3646    i.f_close           ff.o
    0x0800459c   0x0800459c   0x00000060   Code   RO         3653    i.f_mount           ff.o
    0x080045fc   0x080045fc   0x0000023a   Code   RO         3654    i.f_open            ff.o
    0x08004836   0x08004836   0x000001ac   Code   RO         3659    i.f_read            ff.o
    0x080049e2   0x080049e2   0x000000a0   Code   RO         3663    i.f_sync            ff.o
    0x08004a82   0x08004a82   0x00000002   PAD
    0x08004a84   0x08004a84   0x0000007c   Code   RO         4088    i.ff_convert        cc950.o
    0x08004b00   0x08004b00   0x000000a4   Code   RO         4089    i.ff_wtoupper       cc950.o
    0x08004ba4   0x08004ba4   0x00000300   Code   RO         3667    i.find_volume       ff.o
    0x08004ea4   0x08004ea4   0x000000a2   Code   RO         3668    i.follow_path       ff.o
    0x08004f46   0x08004f46   0x00000002   PAD
    0x08004f48   0x08004f48   0x000000cc   Code   RO         3669    i.gen_numname       ff.o
    0x08005014   0x08005014   0x000000e0   Code   RO         3670    i.get_fat           ff.o
    0x080050f4   0x080050f4   0x00000004   Code   RO          446    i.get_fattime       fatfs.o
    0x080050f8   0x080050f8   0x00000048   Code   RO         3672    i.get_ldnumber      ff.o
    0x08005140   0x08005140   0x000000bc   Code   RO         3673    i.inc_lock          ff.o
    0x080051fc   0x080051fc   0x00000026   Code   RO         3674    i.ld_clust          ff.o
    0x08005222   0x08005222   0x00000018   Code   RO         3675    i.ld_dword          ff.o
    0x0800523a   0x0800523a   0x0000000c   Code   RO         3676    i.ld_word           ff.o
    0x08005246   0x08005246   0x00000002   PAD
    0x08005248   0x08005248   0x0000003c   Code   RO           21    i.main              main.o
    0x08005284   0x08005284   0x00000024   Code   RO         3677    i.mem_cmp           ff.o
    0x080052a8   0x080052a8   0x0000001a   Code   RO         3678    i.mem_cpy           ff.o
    0x080052c2   0x080052c2   0x00000012   Code   RO         3679    i.mem_set           ff.o
    0x080052d4   0x080052d4   0x00000034   Code   RO         3680    i.move_window       ff.o
    0x08005308   0x08005308   0x00000138   Code   RO         3682    i.put_fat           ff.o
    0x08005440   0x08005440   0x00000080   Code   RO         3683    i.put_lfn           ff.o
    0x080054c0   0x080054c0   0x0000009a   Code   RO         3687    i.remove_chain      ff.o
    0x0800555a   0x0800555a   0x00000024   Code   RO         3688    i.st_clust          ff.o
    0x0800557e   0x0800557e   0x00000018   Code   RO         3689    i.st_dword          ff.o
    0x08005596   0x08005596   0x0000000c   Code   RO         3690    i.st_word           ff.o
    0x080055a2   0x080055a2   0x00000020   Code   RO         3691    i.sum_sfn           ff.o
    0x080055c2   0x080055c2   0x00000002   PAD
    0x080055c4   0x080055c4   0x00000090   Code   RO         3692    i.sync_fs           ff.o
    0x08005654   0x08005654   0x00000052   Code   RO         3693    i.sync_window       ff.o
    0x080056a6   0x080056a6   0x0000003c   Code   RO         3694    i.validate          ff.o
    0x080056e2   0x080056e2   0x00000002   PAD
    0x080056e4   0x080056e4   0x00000014   Data   RO          381    .constdata          sd_diskio.o
    0x080056f8   0x080056f8   0x00000008   Data   RO         2936    .constdata          stm32f4xx_hal_dma.o
    0x08005700   0x08005700   0x00000018   Data   RO         3538    .constdata          system_stm32f4xx.o
    0x08005718   0x08005718   0x0000002a   Data   RO         3696    .constdata          ff.o
    0x08005742   0x08005742   0x0001a8ae   Data   RO         4090    .constdata          cc950.o
    0x0801fff0   0x0801fff0   0x00000020   Data   RO         4144    Region$$Table       anon$$obj.o


    Execution Region RW_IRAM1 (Exec base: 0x20000000, Load base: 0x08020010, Size: 0x00011b30, Max: 0x00020000, ABSOLUTE)

    Exec Addr    Load Addr    Size         Type   Attr      Idx    E Section Name        Object

    0x20000000   0x08020010   0x00000048   Data   RW           23    .data               main.o
    0x20000048   0x08020058   0x0000000c   Data   RW          382    .data               sd_diskio.o
    0x20000054   0x08020064   0x00000005   Data   RW          448    .data               fatfs.o
    0x20000059   0x08020069   0x00000003   PAD
    0x2000005c   0x0802006c   0x00000009   Data   RW         3390    .data               stm32f4xx_hal.o
    0x20000065   0x08020075   0x00000003   PAD
    0x20000068   0x08020078   0x00000004   Data   RW         3539    .data               system_stm32f4xx.o
    0x2000006c   0x0802007c   0x00000006   Data   RW         3697    .data               ff.o
    0x20000072   0x08020082   0x00000002   PAD
    0x20000074        -       0x00010628   Zero   RW           22    .bss                main.o
    0x2001069c        -       0x00000464   Zero   RW          447    .bss                fatfs.o
    0x20010b00        -       0x00000020   Zero   RW         3695    .bss                ff.o
    0x20010b20        -       0x0000000c   Zero   RW         4018    .bss                ff_gen_drv.o
    0x20010b2c   0x08020082   0x00000004   PAD
    0x20010b30        -       0x00001000   Zero   RW            1    STACK               startup_stm32f411xe.o


==============================================================================

Image component sizes


      Code (inc. data)   RO Data    RW Data    ZI Data      Debug   Object Name

       216         26          0          0          0       6492   bsp_driver_sd.o
       288         26     108718          0          0       2511   cc950.o
       208         24          0          0          0       4077   diskio.o
        32         12          0          5       1124       1596   fatfs.o
      6684         98         42          6         32      43888   ff.o
       102          6          0          0         12       1767   ff_gen_drv.o
       974         96          0         72      67112     449405   main.o
       476         36         20         12          0       5961   sd_diskio.o
        36          8        408          0       4096        868   startup_stm32f411xe.o
       212         36          0          9          0       4785   stm32f4xx_hal.o
       856         32          0          0          0       2863   stm32f4xx_hal_adc.o
       298         22          0          0          0      31119   stm32f4xx_hal_cortex.o
      1276         16          8          0          0       6462   stm32f4xx_hal_dma.o
       488         32          0          0          0       3025   stm32f4xx_hal_gpio.o
       744         62          0          0          0       3438   stm32f4xx_hal_msp.o
      1656         58          0          0          0       3928   stm32f4xx_hal_rcc.o
      3490         38          0          0          0      19315   stm32f4xx_hal_sd.o
      1080         28          0          0          0       9839   stm32f4xx_hal_tim.o
       102          0          0          0          0       2466   stm32f4xx_hal_tim_ex.o
       112         30          0          0          0       7016   stm32f4xx_it.o
      2090         40          0          0          0      25139   stm32f4xx_ll_sdmmc.o
         0          0          0          0          0        572   syscall.o
       100         18         24          4          0       1251   system_stm32f4xx.o

    ----------------------------------------------------------------------
     21554        744     109252        116      72380     637783   Object Totals
         0          0         32          0          0          0   (incl. Generated)
        34          0          0          8          4          0   (incl. Padding)

    ----------------------------------------------------------------------

      Code (inc. data)   RO Data    RW Data    ZI Data      Debug   Library Member Name

         0          0          0          0          0          0   entry.o
         0          0          0          0          0          0   entry10a.o
         0          0          0          0          0          0   entry11a.o
         8          4          0          0          0          0   entry2.o
         4          0          0          0          0          0   entry5.o
         0          0          0          0          0          0   entry7b.o
         0          0          0          0          0          0   entry8b.o
         8          4          0          0          0          0   entry9a.o
        30          0          0          0          0          0   handlers.o
        36          8          0          0          0         68   init.o
        30          0          0          0          0         68   llshl.o
        32          0          0          0          0         68   llushr.o
        36          0          0          0          0        108   memseta.o
        98          0          0          0          0         92   uldiv.o

    ----------------------------------------------------------------------
       282         16          0          0          0        404   Library Totals
         0          0          0          0          0          0   (incl. Padding)

    ----------------------------------------------------------------------

      Code (inc. data)   RO Data    RW Data    ZI Data      Debug   Library Name

       282         16          0          0          0        404   mc_w.l

    ----------------------------------------------------------------------
       282         16          0          0          0        404   Library Totals

    ----------------------------------------------------------------------

==============================================================================


      Code (inc. data)   RO Data    RW Data    ZI Data      Debug   

     21836        760     109252        116      72380     619187   Grand Totals
     21836        760     109252        116      72380     619187   ELF Image Totals
     21836        760     109252        116          0          0   ROM Totals

==============================================================================

    Total RO  Size (Code + RO Data)               131088 ( 128.02kB)
    Total RW  Size (RW Data + ZI Data)             72496 (  70.80kB)
    Total ROM Size (Code + RO Data + RW Data)     131204 ( 128.13kB)

==============================================================================

