Component: ARM Compiler 5.06 update 6 (build 750) Tool: armlink [4d35ed]

==============================================================================

Section Cross References

    startup_stm32f411xe.o(RESET) refers to startup_stm32f411xe.o(STACK) for __initial_sp
    startup_stm32f411xe.o(RESET) refers to startup_stm32f411xe.o(.text) for Reset_Handler
    startup_stm32f411xe.o(RESET) refers to stm32f4xx_it.o(i.NMI_Handler) for NMI_Handler
    startup_stm32f411xe.o(RESET) refers to stm32f4xx_it.o(i.HardFault_Handler) for HardFault_Handler
    startup_stm32f411xe.o(RESET) refers to stm32f4xx_it.o(i.MemManage_Handler) for MemManage_Handler
    startup_stm32f411xe.o(RESET) refers to stm32f4xx_it.o(i.BusFault_Handler) for BusFault_Handler
    startup_stm32f411xe.o(RESET) refers to stm32f4xx_it.o(i.UsageFault_Handler) for UsageFault_Handler
    startup_stm32f411xe.o(RESET) refers to stm32f4xx_it.o(i.SVC_Handler) for SVC_Handler
    startup_stm32f411xe.o(RESET) refers to stm32f4xx_it.o(i.DebugMon_Handler) for DebugMon_Handler
    startup_stm32f411xe.o(RESET) refers to stm32f4xx_it.o(i.PendSV_Handler) for PendSV_Handler
    startup_stm32f411xe.o(RESET) refers to stm32f4xx_it.o(i.SysTick_Handler) for SysTick_Handler
    startup_stm32f411xe.o(RESET) refers to stm32f4xx_it.o(i.TIM3_IRQHandler) for TIM3_IRQHandler
    startup_stm32f411xe.o(RESET) refers to stm32f4xx_it.o(i.SDIO_IRQHandler) for SDIO_IRQHandler
    startup_stm32f411xe.o(RESET) refers to stm32f4xx_it.o(i.DMA2_Stream0_IRQHandler) for DMA2_Stream0_IRQHandler
    startup_stm32f411xe.o(RESET) refers to stm32f4xx_it.o(i.DMA2_Stream3_IRQHandler) for DMA2_Stream3_IRQHandler
    startup_stm32f411xe.o(RESET) refers to stm32f4xx_it.o(i.OTG_FS_IRQHandler) for OTG_FS_IRQHandler
    startup_stm32f411xe.o(RESET) refers to stm32f4xx_it.o(i.DMA2_Stream6_IRQHandler) for DMA2_Stream6_IRQHandler
    startup_stm32f411xe.o(.text) refers to system_stm32f4xx.o(i.SystemInit) for SystemInit
    startup_stm32f411xe.o(.text) refers to entry.o(.ARM.Collect$$$$00000000) for __main
    main.o(i.MX_ADC1_Init) refers to stm32f4xx_hal_adc.o(i.HAL_ADC_Init) for HAL_ADC_Init
    main.o(i.MX_ADC1_Init) refers to main.o(i.Error_Handler) for Error_Handler
    main.o(i.MX_ADC1_Init) refers to stm32f4xx_hal_adc.o(i.HAL_ADC_ConfigChannel) for HAL_ADC_ConfigChannel
    main.o(i.MX_ADC1_Init) refers to main.o(.bss) for hadc1
    main.o(i.MX_DMA_Init) refers to stm32f4xx_hal_cortex.o(i.HAL_NVIC_SetPriority) for HAL_NVIC_SetPriority
    main.o(i.MX_DMA_Init) refers to stm32f4xx_hal_cortex.o(i.HAL_NVIC_EnableIRQ) for HAL_NVIC_EnableIRQ
    main.o(i.MX_GPIO_Init) refers to memseta.o(.text) for __aeabi_memclr4
    main.o(i.MX_GPIO_Init) refers to stm32f4xx_hal_gpio.o(i.HAL_GPIO_WritePin) for HAL_GPIO_WritePin
    main.o(i.MX_GPIO_Init) refers to stm32f4xx_hal_gpio.o(i.HAL_GPIO_Init) for HAL_GPIO_Init
    main.o(i.MX_SDIO_SD_Init) refers to main.o(.bss) for hsd
    main.o(i.MX_TIM3_Init) refers to stm32f4xx_hal_tim.o(i.HAL_TIM_Base_Init) for HAL_TIM_Base_Init
    main.o(i.MX_TIM3_Init) refers to main.o(i.Error_Handler) for Error_Handler
    main.o(i.MX_TIM3_Init) refers to stm32f4xx_hal_tim.o(i.HAL_TIM_ConfigClockSource) for HAL_TIM_ConfigClockSource
    main.o(i.MX_TIM3_Init) refers to stm32f4xx_hal_tim_ex.o(i.HAL_TIMEx_MasterConfigSynchronization) for HAL_TIMEx_MasterConfigSynchronization
    main.o(i.MX_TIM3_Init) refers to main.o(.bss) for htim3
    main.o(i.SystemClock_Config) refers to memseta.o(.text) for __aeabi_memclr4
    main.o(i.SystemClock_Config) refers to stm32f4xx_hal_rcc.o(i.HAL_RCC_OscConfig) for HAL_RCC_OscConfig
    main.o(i.SystemClock_Config) refers to main.o(i.Error_Handler) for Error_Handler
    main.o(i.SystemClock_Config) refers to stm32f4xx_hal_rcc.o(i.HAL_RCC_ClockConfig) for HAL_RCC_ClockConfig
    main.o(i.main) refers to stm32f4xx_hal.o(i.HAL_Init) for HAL_Init
    main.o(i.main) refers to malloc.o(i.my_mem_init) for my_mem_init
    main.o(i.main) refers to main.o(i.SystemClock_Config) for SystemClock_Config
    main.o(i.main) refers to main.o(i.MX_GPIO_Init) for MX_GPIO_Init
    main.o(i.main) refers to main.o(i.MX_DMA_Init) for MX_DMA_Init
    main.o(i.main) refers to main.o(i.MX_ADC1_Init) for MX_ADC1_Init
    main.o(i.main) refers to main.o(i.MX_TIM3_Init) for MX_TIM3_Init
    main.o(i.main) refers to main.o(i.MX_SDIO_SD_Init) for MX_SDIO_SD_Init
    main.o(i.main) refers to fatfs.o(i.MX_FATFS_Init) for MX_FATFS_Init
    main.o(i.main) refers to usb_device.o(i.MX_USB_DEVICE_Init) for MX_USB_DEVICE_Init
    main.o(i.main) refers to stm32f4xx_hal_gpio.o(i.HAL_GPIO_WritePin) for HAL_GPIO_WritePin
    main.o(i.main) refers to stm32f4xx_hal.o(i.HAL_Delay) for HAL_Delay
    main.o(i.main) refers to ff.o(i.f_mount) for f_mount
    main.o(i.main) refers to fatfs_write_wav.o(i.initial_recoder) for initial_recoder
    main.o(i.main) refers to fatfs_write_wav.o(i.start_recoder) for start_recoder
    main.o(i.main) refers to fatfs_write_wav.o(i.tick_recoder) for tick_recoder
[...]
    DMA2_Stream6_IRQHandler                  0x0800061d   Thumb Code    10  stm32f4xx_it.o(i.DMA2_Stream6_IRQHandler)
    DebugMon_Handler                         0x08000737   Thumb Code     2  stm32f4xx_it.o(i.DebugMon_Handler)
    Error_Handler                            0x08000739   Thumb Code     2  main.o(i.Error_Handler)
    FATFS_LinkDriver                         0x0800073b   Thumb Code    18  ff_gen_drv.o(i.FATFS_LinkDriver)
    FATFS_LinkDriverEx                       0x0800074d   Thumb Code    78  ff_gen_drv.o(i.FATFS_LinkDriverEx)
    HAL_ADC_ConfigChannel                    0x080007a1   Thumb Code   384  stm32f4xx_hal_adc.o(i.HAL_ADC_ConfigChannel)
    HAL_ADC_ConvCpltCallback                 0x08000935   Thumb Code    18  fatfs_write_wav.o(i.HAL_ADC_ConvCpltCallback)
    HAL_ADC_ConvHalfCpltCallback             0x08000951   Thumb Code    18  fatfs_write_wav.o(i.HAL_ADC_ConvHalfCpltCallback)
    HAL_ADC_ErrorCallback                    0x0800096d   Thumb Code     2  stm32f4xx_hal_adc.o(i.HAL_ADC_ErrorCallback)
    HAL_ADC_Init                             0x08000971   Thumb Code   100  stm32f4xx_hal_adc.o(i.HAL_ADC_Init)
    HAL_ADC_MspInit                          0x080009d9   Thumb Code   180  stm32f4xx_hal_msp.o(i.HAL_ADC_MspInit)
    HAL_ADC_Start_DMA                        0x08000aa1   Thumb Code   300  stm32f4xx_hal_adc.o(i.HAL_ADC_Start_DMA)
    HAL_ADC_Stop_DMA                         0x08000be9   Thumb Code   108  stm32f4xx_hal_adc.o(i.HAL_ADC_Stop_DMA)
    HAL_DMA_Abort                            0x08000c55   Thumb Code   170  stm32f4xx_hal_dma.o(i.HAL_DMA_Abort)
    HAL_DMA_Abort_IT                         0x08000cff   Thumb Code    40  stm32f4xx_hal_dma.o(i.HAL_DMA_Abort_IT)
    HAL_DMA_IRQHandler                       0x08000d29   Thumb Code   570  stm32f4xx_hal_dma.o(i.HAL_DMA_IRQHandler)
    HAL_DMA_Init                             0x08000f69   Thumb Code   232  stm32f4xx_hal_dma.o(i.HAL_DMA_Init)
    HAL_DMA_Start_IT                         0x08001055   Thumb Code   158  stm32f4xx_hal_dma.o(i.HAL_DMA_Start_IT)
    HAL_Delay                                0x080010f5   Thumb Code    36  stm32f4xx_hal.o(i.HAL_Delay)
    HAL_GPIO_Init                            0x0800111d   Thumb Code   436  stm32f4xx_hal_gpio.o(i.HAL_GPIO_Init)
    HAL_GPIO_WritePin                        0x080012f1   Thumb Code    12  stm32f4xx_hal_gpio.o(i.HAL_GPIO_WritePin)
    HAL_GetTick                              0x080012fd   Thumb Code     6  stm32f4xx_hal.o(i.HAL_GetTick)
    HAL_IncTick                              0x08001309   Thumb Code    16  stm32f4xx_hal.o(i.HAL_IncTick)
    HAL_Init                                 0x08001321   Thumb Code    54  stm32f4xx_hal.o(i.HAL_Init)
    HAL_InitTick                             0x0800135d   Thumb Code    64  stm32f4xx_hal.o(i.HAL_InitTick)
    HAL_MspInit                              0x080013a9   Thumb Code    68  stm32f4xx_hal_msp.o(i.HAL_MspInit)
    HAL_NVIC_EnableIRQ                       0x080013f1   Thumb Code    26  stm32f4xx_hal_cortex.o(i.HAL_NVIC_EnableIRQ)
    HAL_NVIC_SetPriority                     0x0800140b   Thumb Code   124  stm32f4xx_hal_cortex.o(i.HAL_NVIC_SetPriority)
    HAL_NVIC_SetPriorityGrouping             0x08001489   Thumb Code    32  stm32f4xx_hal_cortex.o(i.HAL_NVIC_SetPriorityGrouping)
    HAL_PCDEx_SetRxFiFo                      0x080014b1   Thumb Code    10  stm32f4xx_hal_pcd_ex.o(i.HAL_PCDEx_SetRxFiFo)
    HAL_PCDEx_SetTxFiFo                      0x080014bb   Thumb Code    82  stm32f4xx_hal_pcd_ex.o(i.HAL_PCDEx_SetTxFiFo)
    HAL_PCD_ConnectCallback                  0x0800150d   Thumb Code    14  usbd_conf.o(i.HAL_PCD_ConnectCallback)
    HAL_PCD_DataInStageCallback              0x0800151b   Thumb Code    32  usbd_conf.o(i.HAL_PCD_DataInStageCallback)
    HAL_PCD_DataOutStageCallback             0x0800153b   Thumb Code    32  usbd_conf.o(i.HAL_PCD_DataOutStageCallback)
    HAL_PCD_DisconnectCallback               0x0800155b   Thumb Code    14  usbd_conf.o(i.HAL_PCD_DisconnectCallback)
    HAL_PCD_EP_Close                         0x08001569   Thumb Code   106  stm32f4xx_hal_pcd.o(i.HAL_PCD_EP_Close)
    HAL_PCD_EP_ClrStall                      0x080015d3   Thumb Code   104  stm32f4xx_hal_pcd.o(i.HAL_PCD_EP_ClrStall)
    HAL_PCD_EP_Flush                         0x0800163b   Thumb Code    68  stm32f4xx_hal_pcd.o(i.HAL_PCD_EP_Flush)
    HAL_PCD_EP_GetRxCount                    0x0800167f   Thumb Code    24  stm32f4xx_hal_pcd.o(i.HAL_PCD_EP_GetRxCount)
    HAL_PCD_EP_Open                          0x08001697   Thumb Code   140  stm32f4xx_hal_pcd.o(i.HAL_PCD_EP_Open)
    HAL_PCD_EP_Receive                       0x08001723   Thumb Code    88  stm32f4xx_hal_pcd.o(i.HAL_PCD_EP_Receive)
    HAL_PCD_EP_SetStall                      0x0800177b   Thumb Code   122  stm32f4xx_hal_pcd.o(i.HAL_PCD_EP_SetStall)
    HAL_PCD_EP_Transmit                      0x080017f5   Thumb Code    90  stm32f4xx_hal_pcd.o(i.HAL_PCD_EP_Transmit)
    HAL_PCD_IRQHandler                       0x08001851   Thumb Code  1642  stm32f4xx_hal_pcd.o(i.HAL_PCD_IRQHandler)
    HAL_PCD_ISOINIncompleteCallback          0x08001ee5   Thumb Code    18  usbd_conf.o(i.HAL_PCD_ISOINIncompleteCallback)
    HAL_PCD_ISOOUTIncompleteCallback         0x08001ef7   Thumb Code    18  usbd_conf.o(i.HAL_PCD_ISOOUTIncompleteCallback)
    HAL_PCD_Init                             0x08001f09   Thumb Code   322  stm32f4xx_hal_pcd.o(i.HAL_PCD_Init)
    HAL_PCD_MspInit                          0x0800204d   Thumb Code   116  usbd_conf.o(i.HAL_PCD_MspInit)
    HAL_PCD_ResetCallback                    0x080020c9   Thumb Code    50  usbd_conf.o(i.HAL_PCD_ResetCallback)
    HAL_PCD_ResumeCallback                   0x080020fb   Thumb Code    14  usbd_conf.o(i.HAL_PCD_ResumeCallback)
    HAL_PCD_SOFCallback                      0x08002109   Thumb Code    14  usbd_conf.o(i.HAL_PCD_SOFCallback)
    HAL_PCD_SetAddress                       0x08002117   Thumb Code    50  stm32f4xx_hal_pcd.o(i.HAL_PCD_SetAddress)
    HAL_PCD_SetupStageCallback               0x08002149   Thumb Code    18  usbd_conf.o(i.HAL_PCD_SetupStageCallback)
    HAL_PCD_Start                            0x0800215b   Thumb Code    52  stm32f4xx_hal_pcd.o(i.HAL_PCD_Start)
    HAL_PCD_SuspendCallback                  0x08002191   Thumb Code    46  usbd_conf.o(i.HAL_PCD_SuspendCallback)
    HAL_RCC_ClockConfig                      0x080021c5   Thumb Code   366  stm32f4xx_hal_rcc.o(i.HAL_RCC_ClockConfig)
    HAL_RCC_GetHCLKFreq                      0x08002345   Thumb Code     6  stm32f4xx_hal_rcc.o(i.HAL_RCC_GetHCLKFreq)
    HAL_RCC_GetSysClockFreq                  0x08002351   Thumb Code   162  stm32f4xx_hal_rcc.o(i.HAL_RCC_GetSysClockFreq)
    HAL_RCC_OscConfig                        0x08002401   Thumb Code  1086  stm32f4xx_hal_rcc.o(i.HAL_RCC_OscConfig)
    HAL_SD_AbortCallback                     0x08002849   Thumb Code    10  bsp_driver_sd.o(i.HAL_SD_AbortCallback)
    HAL_SD_ConfigWideBusOperation            0x08002853   Thumb Code   168  stm32f4xx_hal_sd.o(i.HAL_SD_ConfigWideBusOperation)
    HAL_SD_ErrorCallback                     0x080028fb   Thumb Code     2  stm32f4xx_hal_sd.o(i.HAL_SD_ErrorCallback)
    HAL_SD_GetCardCSD                        0x080028fd   Thumb Code   496  stm32f4xx_hal_sd.o(i.HAL_SD_GetCardCSD)
    HAL_SD_GetCardInfo                       0x08002aed   Thumb Code    38  stm32f4xx_hal_sd.o(i.HAL_SD_GetCardInfo)
    HAL_SD_GetCardState                      0x08002b13   Thumb Code    40  stm32f4xx_hal_sd.o(i.HAL_SD_GetCardState)
    HAL_SD_IRQHandler                        0x08002b3d   Thumb Code   504  stm32f4xx_hal_sd.o(i.HAL_SD_IRQHandler)
    HAL_SD_Init                              0x08002d3d   Thumb Code    54  stm32f4xx_hal_sd.o(i.HAL_SD_Init)
    HAL_SD_InitCard                          0x08002d75   Thumb Code   128  stm32f4xx_hal_sd.o(i.HAL_SD_InitCard)
    HAL_SD_MspInit                           0x08002df9   Thumb Code   372  stm32f4xx_hal_msp.o(i.HAL_SD_MspInit)
    HAL_SD_ReadBlocks_DMA                    0x08002f89   Thumb Code   282  stm32f4xx_hal_sd.o(i.HAL_SD_ReadBlocks_DMA)
    HAL_SD_RxCpltCallback                    0x080030b1   Thumb Code    10  bsp_driver_sd.o(i.HAL_SD_RxCpltCallback)
    HAL_SD_TxCpltCallback                    0x080030bb   Thumb Code    10  bsp_driver_sd.o(i.HAL_SD_TxCpltCallback)
    HAL_SD_WriteBlocks_DMA                   0x080030c5   Thumb Code   280  stm32f4xx_hal_sd.o(i.HAL_SD_WriteBlocks_DMA)
    HAL_SYSTICK_Config                       0x080031e9   Thumb Code    52  stm32f4xx_hal_cortex.o(i.HAL_SYSTICK_Config)
    HAL_TIMEx_BreakCallback                  0x0800321d   Thumb Code     2  stm32f4xx_hal_tim_ex.o(i.HAL_TIMEx_BreakCallback)
    HAL_TIMEx_CommutationCallback            0x0800321f   Thumb Code     2  stm32f4xx_hal_tim_ex.o(i.HAL_TIMEx_CommutationCallback)
    HAL_TIMEx_MasterConfigSynchronization    0x08003221   Thumb Code    98  stm32f4xx_hal_tim_ex.o(i.HAL_TIMEx_MasterConfigSynchronization)
    HAL_TIM_Base_Init                        0x08003283   Thumb Code    52  stm32f4xx_hal_tim.o(i.HAL_TIM_Base_Init)
    HAL_TIM_Base_MspInit                     0x080032b9   Thumb Code    62  stm32f4xx_hal_msp.o(i.HAL_TIM_Base_MspInit)
    HAL_TIM_Base_Start                       0x08003301   Thumb Code    30  stm32f4xx_hal_tim.o(i.HAL_TIM_Base_Start)
    HAL_TIM_Base_Stop                        0x0800331f   Thumb Code    56  stm32f4xx_hal_tim.o(i.HAL_TIM_Base_Stop)
    HAL_TIM_ConfigClockSource                0x08003357   Thumb Code   306  stm32f4xx_hal_tim.o(i.HAL_TIM_ConfigClockSource)
    HAL_TIM_IC_CaptureCallback               0x08003489   Thumb Code     2  stm32f4xx_hal_tim.o(i.HAL_TIM_IC_CaptureCallback)
    HAL_TIM_IRQHandler                       0x0800348b   Thumb Code   406  stm32f4xx_hal_tim.o(i.HAL_TIM_IRQHandler)
    HAL_TIM_OC_DelayElapsedCallback          0x08003621   Thumb Code     2  stm32f4xx_hal_tim.o(i.HAL_TIM_OC_DelayElapsedCallback)
    HAL_TIM_PWM_PulseFinishedCallback        0x08003623   Thumb Code     2  stm32f4xx_hal_tim.o(i.HAL_TIM_PWM_PulseFinishedCallback)
    HAL_TIM_PeriodElapsedCallback            0x08003625   Thumb Code     2  stm32f4xx_hal_tim.o(i.HAL_TIM_PeriodElapsedCallback)
    HAL_TIM_TriggerCallback                  0x08003627   Thumb Code     2  stm32f4xx_hal_tim.o(i.HAL_TIM_TriggerCallback)
    HardFault_Handler                        0x08003629   Thumb Code     4  stm32f4xx_it.o(i.HardFault_Handler)
    MSC_BOT_CplClrFeature                    0x08003741   Thumb Code    54  usbd_msc_bot.o(i.MSC_BOT_CplClrFeature)
    MSC_BOT_DataIn                           0x08003777   Thumb Code    74  usbd_msc_bot.o(i.MSC_BOT_DataIn)
    MSC_BOT_DataOut                          0x080037c1   Thumb Code    64  usbd_msc_bot.o(i.MSC_BOT_DataOut)
    MSC_BOT_DeInit                           0x08003801   Thumb Code    10  usbd_msc_bot.o(i.MSC_BOT_DeInit)
    MSC_BOT_Init                             0x0800380b   Thumb Code    64  usbd_msc_bot.o(i.MSC_BOT_Init)
    MSC_BOT_Reset                            0x0800384b   Thumb Code    32  usbd_msc_bot.o(i.MSC_BOT_Reset)
    MSC_BOT_SendCSW                          0x0800386d   Thumb Code    56  usbd_msc_bot.o(i.MSC_BOT_SendCSW)
    MX_FATFS_Init                            0x080039b5   Thumb Code    16  fatfs.o(i.MX_FATFS_Init)
    MX_USB_DEVICE_Init                       0x08003b41   Thumb Code    36  usb_device.o(i.MX_USB_DEVICE_Init)
    MemManage_Handler                        0x08003b75   Thumb Code     4  stm32f4xx_it.o(i.MemManage_Handler)
    NMI_Handler                              0x08003b79   Thumb Code     2  stm32f4xx_it.o(i.NMI_Handler)
    OTG_FS_IRQHandler                        0x08003bb5   Thumb Code    10  stm32f4xx_it.o(i.OTG_FS_IRQHandler)
    PendSV_Handler                           0x08003c67   Thumb Code     2  stm32f4xx_it.o(i.PendSV_Handler)
    SCSI_ProcessCmd                          0x08003d45   Thumb Code   232  usbd_msc_scsi.o(i.SCSI_ProcessCmd)
    SCSI_SenseCode                           0x0800420b   Thumb Code    58  usbd_msc_scsi.o(i.SCSI_SenseCode)
    SDIO_ConfigData                          0x08004429   Thumb Code    44  stm32f4xx_ll_sdmmc.o(i.SDIO_ConfigData)
    SDIO_GetCommandResponse                  0x08004455   Thumb Code     8  stm32f4xx_ll_sdmmc.o(i.SDIO_GetCommandResponse)
    SDIO_GetPowerState                       0x0800445d   Thumb Code    10  stm32f4xx_ll_sdmmc.o(i.SDIO_GetPowerState)
    SDIO_GetResponse                         0x08004467   Thumb Code    22  stm32f4xx_ll_sdmmc.o(i.SDIO_GetResponse)
    SDIO_IRQHandler                          0x0800447d   Thumb Code    10  stm32f4xx_it.o(i.SDIO_IRQHandler)
    SDIO_Init                                0x0800448d   Thumb Code    52  stm32f4xx_ll_sdmmc.o(i.SDIO_Init)
    SDIO_PowerState_ON                       0x080044c1   Thumb Code    10  stm32f4xx_ll_sdmmc.o(i.SDIO_PowerState_ON)
    SDIO_ReadFIFO                            0x080044cb   Thumb Code     8  stm32f4xx_ll_sdmmc.o(i.SDIO_ReadFIFO)
    SDIO_SendCommand                         0x080044d3   Thumb Code    40  stm32f4xx_ll_sdmmc.o(i.SDIO_SendCommand)
    SDIO_WriteFIFO                           0x080044fb   Thumb Code    12  stm32f4xx_ll_sdmmc.o(i.SDIO_WriteFIFO)
    SDMMC_CmdAppCommand                      0x08004507   Thumb Code    58  stm32f4xx_ll_sdmmc.o(i.SDMMC_CmdAppCommand)
    SDMMC_CmdAppOperCommand                  0x08004541   Thumb Code    56  stm32f4xx_ll_sdmmc.o(i.SDMMC_CmdAppOperCommand)
    SDMMC_CmdBlockLength                     0x0800457d   Thumb Code    58  stm32f4xx_ll_sdmmc.o(i.SDMMC_CmdBlockLength)
    SDMMC_CmdBusWidth                        0x080045b7   Thumb Code    58  stm32f4xx_ll_sdmmc.o(i.SDMMC_CmdBusWidth)
    SDMMC_CmdGoIdleState                     0x080045f1   Thumb Code    46  stm32f4xx_ll_sdmmc.o(i.SDMMC_CmdGoIdleState)
    SDMMC_CmdOperCond                        0x0800461f   Thumb Code    54  stm32f4xx_ll_sdmmc.o(i.SDMMC_CmdOperCond)
    SDMMC_CmdReadMultiBlock                  0x08004655   Thumb Code    58  stm32f4xx_ll_sdmmc.o(i.SDMMC_CmdReadMultiBlock)
    SDMMC_CmdReadSingleBlock                 0x0800468f   Thumb Code    58  stm32f4xx_ll_sdmmc.o(i.SDMMC_CmdReadSingleBlock)
    SDMMC_CmdSelDesel                        0x080046c9   Thumb Code    60  stm32f4xx_ll_sdmmc.o(i.SDMMC_CmdSelDesel)
    SDMMC_CmdSendCID                         0x08004705   Thumb Code    52  stm32f4xx_ll_sdmmc.o(i.SDMMC_CmdSendCID)
    SDMMC_CmdSendCSD                         0x08004739   Thumb Code    52  stm32f4xx_ll_sdmmc.o(i.SDMMC_CmdSendCSD)
    SDMMC_CmdSendSCR                         0x0800476d   Thumb Code    58  stm32f4xx_ll_sdmmc.o(i.SDMMC_CmdSendSCR)
    SDMMC_CmdSendStatus                      0x080047a7   Thumb Code    58  stm32f4xx_ll_sdmmc.o(i.SDMMC_CmdSendStatus)
    SDMMC_CmdSetRelAdd                       0x080047e1   Thumb Code    58  stm32f4xx_ll_sdmmc.o(i.SDMMC_CmdSetRelAdd)
    SDMMC_CmdStopTransfer                    0x0800481d   Thumb Code    56  stm32f4xx_ll_sdmmc.o(i.SDMMC_CmdStopTransfer)
    SDMMC_CmdWriteMultiBlock                 0x08004859   Thumb Code    58  stm32f4xx_ll_sdmmc.o(i.SDMMC_CmdWriteMultiBlock)
    SDMMC_CmdWriteSingleBlock                0x08004893   Thumb Code    58  stm32f4xx_ll_sdmmc.o(i.SDMMC_CmdWriteSingleBlock)
    SD_initialize                            0x08005241   Thumb Code    32  sd_diskio.o(i.SD_initialize)
    SD_ioctl                                 0x08005265   Thumb Code   102  sd_diskio.o(i.SD_ioctl)
    SD_read                                  0x080052d1   Thumb Code   122  sd_diskio.o(i.SD_read)
    SD_status                                0x08005351   Thumb Code    12  sd_diskio.o(i.SD_status)
    SD_write                                 0x0800535d   Thumb Code   122  sd_diskio.o(i.SD_write)
    SVC_Handler                              0x08005413   Thumb Code     2  stm32f4xx_it.o(i.SVC_Handler)
    SysTick_Handler                          0x08005415   Thumb Code     8  stm32f4xx_it.o(i.SysTick_Handler)
    SystemClock_Config                       0x0800541d   Thumb Code   168  main.o(i.SystemClock_Config)
    SystemInit                               0x080054cd   Thumb Code    82  system_stm32f4xx.o(i.SystemInit)
    TIM3_IRQHandler                          0x08005531   Thumb Code    10  stm32f4xx_it.o(i.TIM3_IRQHandler)
    TIM_Base_SetConfig                       0x08005541   Thumb Code   148  stm32f4xx_hal_tim.o(i.TIM_Base_SetConfig)
    USBD_ClrClassConfig                      0x08005673   Thumb Code    22  usbd_core.o(i.USBD_ClrClassConfig)
    USBD_CtlContinueRx                       0x080056cd   Thumb Code    24  usbd_ioreq.o(i.USBD_CtlContinueRx)
    USBD_CtlContinueSendData                 0x080056e5   Thumb Code    24  usbd_ioreq.o(i.USBD_CtlContinueSendData)
    USBD_CtlError                            0x080056fd   Thumb Code    24  usbd_ctlreq.o(i.USBD_CtlError)
    USBD_CtlReceiveStatus                    0x08005715   Thumb Code    26  usbd_ioreq.o(i.USBD_CtlReceiveStatus)
    USBD_CtlSendData                         0x0800572f   Thumb Code    34  usbd_ioreq.o(i.USBD_CtlSendData)
    USBD_CtlSendStatus                       0x08005751   Thumb Code    26  usbd_ioreq.o(i.USBD_CtlSendStatus)
    USBD_FS_ConfigStrDescriptor              0x0800576d   Thumb Code    34  usbd_desc.o(i.USBD_FS_ConfigStrDescriptor)
    USBD_FS_DeviceDescriptor                 0x080057a1   Thumb Code    10  usbd_desc.o(i.USBD_FS_DeviceDescriptor)
    USBD_FS_InterfaceStrDescriptor           0x080057b1   Thumb Code    34  usbd_desc.o(i.USBD_FS_InterfaceStrDescriptor)
    USBD_FS_LangIDStrDescriptor              0x080057e9   Thumb Code    10  usbd_desc.o(i.USBD_FS_LangIDStrDescriptor)
    USBD_FS_ManufacturerStrDescriptor        0x080057f9   Thumb Code    20  usbd_desc.o(i.USBD_FS_ManufacturerStrDescriptor)
    USBD_FS_ProductStrDescriptor             0x08005825   Thumb Code    34  usbd_desc.o(i.USBD_FS_ProductStrDescriptor)
    USBD_FS_SerialStrDescriptor              0x08005861   Thumb Code    34  usbd_desc.o(i.USBD_FS_SerialStrDescriptor)
    USBD_GetString                           0x08005a89   Thumb Code    82  usbd_ctlreq.o(i.USBD_GetString)
    USBD_Init                                0x08005adb   Thumb Code    50  usbd_core.o(i.USBD_Init)
    USBD_LL_ClearStallEP                     0x08005b0d   Thumb Code    68  usbd_conf.o(i.USBD_LL_ClearStallEP)
    USBD_LL_CloseEP                          0x08005b51   Thumb Code    68  usbd_conf.o(i.USBD_LL_CloseEP)
    USBD_LL_DataInStage                      0x08005b95   Thumb Code   218  usbd_core.o(i.USBD_LL_DataInStage)
    USBD_LL_DataOutStage                     0x08005c6f   Thumb Code   134  usbd_core.o(i.USBD_LL_DataOutStage)
    USBD_LL_DevConnected                     0x08005cf5   Thumb Code     6  usbd_core.o(i.USBD_LL_DevConnected)
    USBD_LL_DevDisconnected                  0x08005cfb   Thumb Code    26  usbd_core.o(i.USBD_LL_DevDisconnected)
    USBD_LL_FlushEP                          0x08005d15   Thumb Code    68  usbd_conf.o(i.USBD_LL_FlushEP)
    USBD_LL_GetRxDataSize                    0x08005d59   Thumb Code    18  usbd_conf.o(i.USBD_LL_GetRxDataSize)
    USBD_LL_Init                             0x08005d6d   Thumb Code   102  usbd_conf.o(i.USBD_LL_Init)
    USBD_LL_IsStallEP                        0x08005dd9   Thumb Code    56  usbd_conf.o(i.USBD_LL_IsStallEP)
    USBD_LL_IsoINIncomplete                  0x08005e11   Thumb Code     6  usbd_core.o(i.USBD_LL_IsoINIncomplete)
    USBD_LL_IsoOUTIncomplete                 0x08005e17   Thumb Code     6  usbd_core.o(i.USBD_LL_IsoOUTIncomplete)
    USBD_LL_OpenEP                           0x08005e1d   Thumb Code    98  usbd_conf.o(i.USBD_LL_OpenEP)
    USBD_LL_PrepareReceive                   0x08005e7f   Thumb Code    98  usbd_conf.o(i.USBD_LL_PrepareReceive)
    USBD_LL_Reset                            0x08005ee1   Thumb Code    68  usbd_core.o(i.USBD_LL_Reset)
    USBD_LL_Resume                           0x08005f25   Thumb Code    14  usbd_core.o(i.USBD_LL_Resume)
    USBD_LL_SOF                              0x08005f33   Thumb Code    34  usbd_core.o(i.USBD_LL_SOF)
    USBD_LL_SetSpeed                         0x08005f55   Thumb Code     8  usbd_core.o(i.USBD_LL_SetSpeed)
    USBD_LL_SetUSBAddress                    0x08005f5d   Thumb Code    68  usbd_conf.o(i.USBD_LL_SetUSBAddress)
    USBD_LL_SetupStage                       0x08005fa1   Thumb Code   110  usbd_core.o(i.USBD_LL_SetupStage)
    USBD_LL_StallEP                          0x0800600f   Thumb Code    68  usbd_conf.o(i.USBD_LL_StallEP)
    USBD_LL_Start                            0x08006053   Thumb Code    60  usbd_conf.o(i.USBD_LL_Start)
    USBD_LL_Suspend                          0x0800608f   Thumb Code    20  usbd_core.o(i.USBD_LL_Suspend)
    USBD_LL_Transmit                         0x080060a3   Thumb Code    98  usbd_conf.o(i.USBD_LL_Transmit)
    USBD_MSC_DataIn                          0x08006105   Thumb Code    18  usbd_msc.o(i.USBD_MSC_DataIn)
    USBD_MSC_DataOut                         0x08006117   Thumb Code    18  usbd_msc.o(i.USBD_MSC_DataOut)
    USBD_MSC_DeInit                          0x08006129   Thumb Code    52  usbd_msc.o(i.USBD_MSC_DeInit)
    USBD_MSC_GetDeviceQualifierDescriptor    0x0800615d   Thumb Code    10  usbd_msc.o(i.USBD_MSC_GetDeviceQualifierDescriptor)
    USBD_MSC_GetFSCfgDesc                    0x0800616d   Thumb Code    10  usbd_msc.o(i.USBD_MSC_GetFSCfgDesc)
    USBD_MSC_GetHSCfgDesc                    0x0800617d   Thumb Code    10  usbd_msc.o(i.USBD_MSC_GetHSCfgDesc)
    USBD_MSC_GetOtherSpeedCfgDesc            0x0800618d   Thumb Code    10  usbd_msc.o(i.USBD_MSC_GetOtherSpeedCfgDesc)
    USBD_MSC_Init                            0x0800619d   Thumb Code   100  usbd_msc.o(i.USBD_MSC_Init)
    USBD_MSC_RegisterStorage                 0x08006201   Thumb Code    12  usbd_msc.o(i.USBD_MSC_RegisterStorage)
    USBD_MSC_Setup                           0x0800620d   Thumb Code   298  usbd_msc.o(i.USBD_MSC_Setup)
    USBD_ParseSetupRequest                   0x08006337   Thumb Code    40  usbd_ctlreq.o(i.USBD_ParseSetupRequest)
    USBD_RegisterClass                       0x0800635f   Thumb Code    16  usbd_core.o(i.USBD_RegisterClass)
    USBD_RunTestMode                         0x0800636f   Thumb Code     6  usbd_core.o(i.USBD_RunTestMode)
    USBD_SetClassConfig                      0x080063c9   Thumb Code    34  usbd_core.o(i.USBD_SetClassConfig)
    USBD_Start                               0x080064f1   Thumb Code    14  usbd_core.o(i.USBD_Start)
    USBD_StdDevReq                           0x080064ff   Thumb Code   114  usbd_ctlreq.o(i.USBD_StdDevReq)
    USBD_StdEPReq                            0x08006571   Thumb Code   342  usbd_ctlreq.o(i.USBD_StdEPReq)
    USBD_StdItfReq                           0x080066c7   Thumb Code    74  usbd_ctlreq.o(i.USBD_StdItfReq)
    USB_ActivateEndpoint                     0x08006711   Thumb Code   192  stm32f4xx_ll_usb.o(i.USB_ActivateEndpoint)
    USB_ActivateSetup                        0x080067d5   Thumb Code    68  stm32f4xx_ll_usb.o(i.USB_ActivateSetup)
    USB_CoreInit                             0x08006819   Thumb Code   108  stm32f4xx_ll_usb.o(i.USB_CoreInit)
    USB_DeactivateEndpoint                   0x080068d5   Thumb Code   258  stm32f4xx_ll_usb.o(i.USB_DeactivateEndpoint)
    USB_DevConnect                           0x080069e1   Thumb Code    30  stm32f4xx_ll_usb.o(i.USB_DevConnect)
    USB_DevDisconnect                        0x080069ff   Thumb Code    30  stm32f4xx_ll_usb.o(i.USB_DevDisconnect)
    USB_DevInit                              0x08006a1d   Thumb Code   398  stm32f4xx_ll_usb.o(i.USB_DevInit)
    USB_DisableGlobalInt                     0x08006bbd   Thumb Code    14  stm32f4xx_ll_usb.o(i.USB_DisableGlobalInt)
    USB_EP0StartXfer                         0x08006bcd   Thumb Code   422  stm32f4xx_ll_usb.o(i.USB_EP0StartXfer)
    USB_EP0_OutStart                         0x08006d79   Thumb Code    68  stm32f4xx_ll_usb.o(i.USB_EP0_OutStart)
    USB_EPClearStall                         0x08006dbd   Thumb Code   136  stm32f4xx_ll_usb.o(i.USB_EPClearStall)
    USB_EPSetStall                           0x08006e45   Thumb Code   140  stm32f4xx_ll_usb.o(i.USB_EPSetStall)
    USB_EPStartXfer                          0x08006ed1   Thumb Code   714  stm32f4xx_ll_usb.o(i.USB_EPStartXfer)
    USB_EnableGlobalInt                      0x080071a1   Thumb Code    14  stm32f4xx_ll_usb.o(i.USB_EnableGlobalInt)
    USB_FlushRxFifo                          0x080071b1   Thumb Code    38  stm32f4xx_ll_usb.o(i.USB_FlushRxFifo)
    USB_FlushTxFifo                          0x080071dd   Thumb Code    44  stm32f4xx_ll_usb.o(i.USB_FlushTxFifo)
    USB_GetDevSpeed                          0x0800720d   Thumb Code    68  stm32f4xx_ll_usb.o(i.USB_GetDevSpeed)
    USB_GetMode                              0x08007251   Thumb Code    10  stm32f4xx_ll_usb.o(i.USB_GetMode)
    USB_ReadDevAllInEpInterrupt              0x0800725b   Thumb Code    18  stm32f4xx_ll_usb.o(i.USB_ReadDevAllInEpInterrupt)
    USB_ReadDevAllOutEpInterrupt             0x0800726d   Thumb Code    18  stm32f4xx_ll_usb.o(i.USB_ReadDevAllOutEpInterrupt)
    USB_ReadDevInEPInterrupt                 0x0800727f   Thumb Code    44  stm32f4xx_ll_usb.o(i.USB_ReadDevInEPInterrupt)
    USB_ReadDevOutEPInterrupt                0x080072ab   Thumb Code    22  stm32f4xx_ll_usb.o(i.USB_ReadDevOutEPInterrupt)
    USB_ReadInterrupts                       0x080072c1   Thumb Code    12  stm32f4xx_ll_usb.o(i.USB_ReadInterrupts)
    USB_ReadPacket                           0x080072cd   Thumb Code    34  stm32f4xx_ll_usb.o(i.USB_ReadPacket)
    USB_SetCurrentMode                       0x080072ef   Thumb Code    48  stm32f4xx_ll_usb.o(i.USB_SetCurrentMode)
    USB_SetDevAddress                        0x0800731f   Thumb Code    36  stm32f4xx_ll_usb.o(i.USB_SetDevAddress)
    USB_SetDevSpeed                          0x08007343   Thumb Code    16  stm32f4xx_ll_usb.o(i.USB_SetDevSpeed)
    USB_WritePacket                          0x08007353   Thumb Code    48  stm32f4xx_ll_usb.o(i.USB_WritePacket)
    UsageFault_Handler                       0x08007383   Thumb Code     4  stm32f4xx_it.o(i.UsageFault_Handler)
    __scatterload_copy                       0x08007387   Thumb Code    14  handlers.o(i.__scatterload_copy)
    __scatterload_null                       0x08007395   Thumb Code     2  handlers.o(i.__scatterload_null)
    __scatterload_zeroinit                   0x08007397   Thumb Code    14  handlers.o(i.__scatterload_zeroinit)
    basic_malloc                             0x080073a5   Thumb Code    14  basic_function.o(i.basic_malloc)
    close_wav_file                           0x0800751d   Thumb Code    70  fatfs_write_wav.o(i.close_wav_file)
    create_wav_file                          0x08007975   Thumb Code    62  fatfs_write_wav.o(i.create_wav_file)
    disk_initialize                          0x08007e4d   Thumb Code    40  diskio.o(i.disk_initialize)
    disk_ioctl                               0x08007e79   Thumb Code    36  diskio.o(i.disk_ioctl)
    disk_read                                0x08007ea1   Thumb Code    42  diskio.o(i.disk_read)
    disk_status                              0x08007ed1   Thumb Code    24  diskio.o(i.disk_status)
    disk_write                               0x08007eed   Thumb Code    42  diskio.o(i.disk_write)
    f_close                                  0x08007f45   Thumb Code    44  ff.o(i.f_close)
    f_lseek                                  0x08007f71   Thumb Code   688  ff.o(i.f_lseek)
    f_mount                                  0x08008221   Thumb Code    92  ff.o(i.f_mount)
    f_open                                   0x08008281   Thumb Code   570  ff.o(i.f_open)
    f_sync                                   0x080084bb   Thumb Code   160  ff.o(i.f_sync)
    f_write                                  0x0800855b   Thumb Code   494  ff.o(i.f_write)
    ff_convert                               0x08008749   Thumb Code   116  cc950.o(i.ff_convert)
    ff_wtoupper                              0x080087c5   Thumb Code   156  cc950.o(i.ff_wtoupper)
    free                                     0x08008c0d   Thumb Code    76  malloc.o(i.free)
    get_fattime                              0x08008e09   Thumb Code     4  fatfs.o(i.get_fattime)
    get_unread_ptr                           0x08008e55   Thumb Code    98  ringbuffer.o(i.get_unread_ptr)
    initial_buffer                           0x08008f75   Thumb Code    70  ringbuffer.o(i.initial_buffer)
    initial_recoder                          0x08008fbd   Thumb Code    42  fatfs_write_wav.o(i.initial_recoder)
    main                                     0x08009041   Thumb Code   130  main.o(i.main)
    malloc                                   0x080090ed   Thumb Code    92  malloc.o(i.malloc)
    my_mem_init                              0x080091dd   Thumb Code    54  malloc.o(i.my_mem_init)
    my_mem_malloc                            0x08009221   Thumb Code   156  malloc.o(i.my_mem_malloc)
    my_mem_perused                           0x080092c9   Thumb Code    54  malloc.o(i.my_mem_perused)
    mymalloc                                 0x08009309   Thumb Code    34  malloc.o(i.mymalloc)
    mymemset                                 0x08009331   Thumb Code    20  malloc.o(i.mymemset)
    recoder_wav_init                         0x080094fd   Thumb Code    60  wav.o(i.recoder_wav_init)
    recoder_wav_update                       0x08009549   Thumb Code    14  wav.o(i.recoder_wav_update)
    start_recoder                            0x08009639   Thumb Code    22  fatfs_write_wav.o(i.start_recoder)
    stop_recoder                             0x0800965d   Thumb Code    20  fatfs_write_wav.o(i.stop_recoder)
    tick_recoder                             0x0800977d   Thumb Code    64  fatfs_write_wav.o(i.tick_recoder)
    write_buffer_data                        0x0800980d   Thumb Code   286  ringbuffer.o(i.write_buffer_data)
    write_wav_file                           0x0800992d   Thumb Code    48  fatfs_write_wav.o(i.write_wav_file)
    SD_Driver                                0x0800996c   Data          20  sd_diskio.o(.constdata)
    STORAGE_Inquirydata_FS                   0x08009980   Data          36  usbd_storage_if.o(.constdata)
    AHBPrescTable                            0x080099ac   Data          16  system_stm32f4xx.o(.constdata)
    APBPrescTable                            0x080099bc   Data           8  system_stm32f4xx.o(.constdata)
    MSC_Page00_Inquiry_Data                  0x0802429c   Data           7  usbd_msc_data.o(.constdata)
    MSC_Mode_Sense6_data                     0x080242a3   Data           8  usbd_msc_data.o(.constdata)
    MSC_Mode_Sense10_data                    0x080242ab   Data           8  usbd_msc_data.o(.constdata)
    memtblsize                               0x080242b4   Data          12  malloc.o(.constdata)
    memblksize                               0x080242c0   Data          12  malloc.o(.constdata)
    memsize                                  0x080242cc   Data          12  malloc.o(.constdata)
    Region$$Table$$Base                      0x080242d8   Number         0  anon$$obj.o(Region$$Table)
    Region$$Table$$Limit                     0x080242f8   Number         0  anon$$obj.o(Region$$Table)
    mem3base                                 0x10000000   Data       61440  malloc.o(.ARM.__AT_0x10000000)
    mem3mapbase                              0x1000f000   Data        3840  malloc.o(.ARM.__AT_0x1000F000)
    sult                                     0x20000000   Data           1  main.o(.data)
    filename4                                0x20000001   Data          14  main.o(.data)
    i                                        0x20000010   Data           4  main.o(.data)
    retSD                                    0x20000020   Data           1  fatfs.o(.data)
    SDPath                                   0x20000021   Data           4  fatfs.o(.data)
    FS_Desc                                  0x20000028   Data          28  usbd_desc.o(.data)
    USBD_FS_DeviceDesc                       0x20000044   Data          18  usbd_desc.o(.data)
    USBD_LangIDDesc                          0x20000058   Data           4  usbd_desc.o(.data)
    USBD_Storage_Interface_fops_FS           0x2000005c   Data          32  usbd_storage_if.o(.data)
    uwTick                                   0x2000007c   Data           4  stm32f4xx_hal.o(.data)
    uwTickPrio                               0x20000080   Data           4  stm32f4xx_hal.o(.data)
    uwTickFreq                               0x20000084   Data           1  stm32f4xx_hal.o(.data)
    SystemCoreClock                          0x20000088   Data           4  system_stm32f4xx.o(.data)
    USBD_MSC                                 0x20000094   Data          56  usbd_msc.o(.data)
    USBD_MSC_CfgHSDesc                       0x200000cc   Data          32  usbd_msc.o(.data)
    USBD_MSC_CfgFSDesc                       0x200000ec   Data          32  usbd_msc.o(.data)
    USBD_MSC_OtherSpeedCfgDesc               0x2000010c   Data          32  usbd_msc.o(.data)
    USBD_MSC_DeviceQualifierDesc             0x2000012c   Data          10  usbd_msc.o(.data)
    br                                       0x20000138   Data           4  fatfs_write_wav.o(.data)
    bw                                       0x2000013c   Data           4  fatfs_write_wav.o(.data)
    data_1                                   0x20000140   Data           4  fatfs_write_wav.o(.data)
    data_2                                   0x20000144   Data           4  fatfs_write_wav.o(.data)
    data1_len                                0x20000148   Data           4  fatfs_write_wav.o(.data)
    data2_len                                0x2000014c   Data           4  fatfs_write_wav.o(.data)
    mallco_dev                               0x20000150   Data          36  malloc.o(.data)
    __microlib_freelist                      0x20000174   Data           4  mvars.o(.data)
    __microlib_freelist_initialised          0x20000178   Data           4  mvars.o(.data)
    hadc1                                    0x2000017c   Data          72  main.o(.bss)
    hdma_adc1                                0x200001c4   Data          96  main.o(.bss)
    hsd                                      0x20000224   Data         132  main.o(.bss)
    hdma_sdio_rx                             0x200002a8   Data          96  main.o(.bss)
    hdma_sdio_tx                             0x20000308   Data          96  main.o(.bss)
    htim3                                    0x20000368   Data          60  main.o(.bss)
    dir                                      0x200003a4   Data          52  main.o(.bss)
    inf                                      0x200003d8   Data         280  main.o(.bss)
    sdinf                                    0x200004f0   Data          32  main.o(.bss)
    SDFatFS                                  0x20000510   Data         564  fatfs.o(.bss)
    SDFile                                   0x20000744   Data         560  fatfs.o(.bss)
    hUsbDeviceFS                             0x20000974   Data         548  usb_device.o(.bss)
    hpcd_USB_OTG_FS                          0x20000b98   Data        1008  usbd_conf.o(.bss)
    USBD_StrDesc                             0x20000f88   Data         512  usbd_desc.o(.bss)
    disk                                     0x200011a8   Data          12  ff_gen_drv.o(.bss)
    wav_head                                 0x200011b4   Data          44  fatfs_write_wav.o(.bss)
    wav_file                                 0x200011e0   Data         560  fatfs_write_wav.o(.bss)
    buffer                                   0x20001410   Data          28  fatfs_write_wav.o(.bss)
    dmabuffer                                0x2000142c   Data        2048  fatfs_write_wav.o(.bss)
    mem1base                                 0x20001c40   Data       102400  malloc.o(.bss)
    mem1mapbase                              0x2001ac40   Data        6400  malloc.o(.bss)
    __heap_base                              0x2001c540   Data           0  startup_stm32f411xe.o(HEAP)
    __heap_limit                             0x2001c940   Data           0  startup_stm32f411xe.o(HEAP)
    __initial_sp                             0x2001d940   Data           0  startup_stm32f411xe.o(STACK)
    mem2base                                 0x68000000   Data       983040  malloc.o(.ARM.__AT_0x68000000)
    mem2mapbase                              0x680f0000   Data       61440  malloc.o(.ARM.__AT_0x680F0000)



==============================================================================

Memory Map of the image

  Image Entry point : 0x08000199

  Load Region LR_IROM1 (Base: 0x08000000, Size: 0x00024474, Max: 0x00040000, ABSOLUTE, COMPRESSED[0x000243c8])

    Execution Region ER_IROM1 (Exec base: 0x08000000, Load base: 0x08000000, Size: 0x000242f8, Max: 0x00040000, ABSOLUTE)

    Exec Addr    Load Addr    Size         Type   Attr      Idx    E Section Name        Object

    0x08000000   0x08000000   0x00000198   Data   RO            3    RESET               startup_stm32f411xe.o
    0x08000198   0x08000198   0x00000000   Code   RO         5943  * .ARM.Collect$$$$00000000  mc_w.l(entry.o)
    0x08000198   0x08000198   0x00000004   Code   RO         5982    .ARM.Collect$$$$00000001  mc_w.l(entry2.o)
    0x0800019c   0x0800019c   0x00000004   Code   RO         5985    .ARM.Collect$$$$00000004  mc_w.l(entry5.o)
    0x080001a0   0x080001a0   0x00000000   Code   RO         5987    .ARM.Collect$$$$00000008  mc_w.l(entry7b.o)
    0x080001a0   0x080001a0   0x00000000   Code   RO         5989    .ARM.Collect$$$$0000000A  mc_w.l(entry8b.o)
    0x080001a0   0x080001a0   0x00000008   Code   RO         5990    .ARM.Collect$$$$0000000B  mc_w.l(entry9a.o)
    0x080001a8   0x080001a8   0x00000000   Code   RO         5992    .ARM.Collect$$$$0000000D  mc_w.l(entry10a.o)
    0x080001a8   0x080001a8   0x00000000   Code   RO         5994    .ARM.Collect$$$$0000000F  mc_w.l(entry11a.o)
    0x080001a8   0x080001a8   0x00000004   Code   RO         5983    .ARM.Collect$$$$00002712  mc_w.l(entry2.o)
    0x080001ac   0x080001ac   0x00000024   Code   RO            4    .text               startup_stm32f411xe.o
    0x080001d0   0x080001d0   0x00000062   Code   RO         5946    .text               mc_w.l(uldiv.o)
    0x08000232   0x08000232   0x00000024   Code   RO         5948    .text               mc_w.l(memcpya.o)
    0x08000256   0x08000256   0x00000024   Code   RO         5950    .text               mc_w.l(memseta.o)
    0x0800027a   0x0800027a   0x0000001e   Code   RO         5996    .text               mc_w.l(llshl.o)
    0x08000298   0x08000298   0x00000020   Code   RO         5998    .text               mc_w.l(llushr.o)
    0x080002b8   0x080002b8   0x00000024   Code   RO         6002    .text               mc_w.l(init.o)
    0x080002dc   0x080002dc   0x00000056   Code   RO         6012    .text               mc_w.l(__dczerorl2.o)
    0x08000332   0x08000332   0x0000006e   Code   RO         1617    i.ADC_DMAConvCplt   stm32f4xx_hal_adc.o
    0x080003a0   0x080003a0   0x0000001a   Code   RO         1618    i.ADC_DMAError      stm32f4xx_hal_adc.o
    0x080003ba   0x080003ba   0x0000000e   Code   RO         1619    i.ADC_DMAHalfConvCplt  stm32f4xx_hal_adc.o
    0x080003c8   0x080003c8   0x0000015c   Code   RO         1620    i.ADC_Init          stm32f4xx_hal_adc.o
    0x08000524   0x08000524   0x00000002   Code   RO          255    i.BSP_SD_AbortCallback  bsp_driver_sd.o
    0x08000526   0x08000526   0x00000002   PAD
    0x08000528   0x08000528   0x00000014   Code   RO          261    i.BSP_SD_GetCardInfo  bsp_driver_sd.o
    0x0800053c   0x0800053c   0x00000018   Code   RO          262    i.BSP_SD_GetCardState  bsp_driver_sd.o
    0x08000554   0x08000554   0x00000030   Code   RO          265    i.BSP_SD_Init       bsp_driver_sd.o
    0x08000584   0x08000584   0x0000000c   Code   RO          266    i.BSP_SD_IsDetected  bsp_driver_sd.o
    0x08000590   0x08000590   0x00000028   Code   RO          268    i.BSP_SD_ReadBlocks_DMA  bsp_driver_sd.o
    0x080005b8   0x080005b8   0x0000000c   Code   RO          412    i.BSP_SD_ReadCpltCallback  sd_diskio.o
    0x080005c4   0x080005c4   0x00000028   Code   RO          271    i.BSP_SD_WriteBlocks_DMA  bsp_driver_sd.o
    0x080005ec   0x080005ec   0x0000000c   Code   RO          413    i.BSP_SD_WriteCpltCallback  sd_diskio.o
    0x080005f8   0x080005f8   0x00000004   Code   RO          893    i.BusFault_Handler  stm32f4xx_it.o
    0x080005fc   0x080005fc   0x00000010   Code   RO          894    i.DMA2_Stream0_IRQHandler  stm32f4xx_it.o
    0x0800060c   0x0800060c   0x00000010   Code   RO          895    i.DMA2_Stream3_IRQHandler  stm32f4xx_it.o
    0x0800061c   0x0800061c   0x00000010   Code   RO          896    i.DMA2_Stream6_IRQHandler  stm32f4xx_it.o
    0x0800062c   0x0800062c   0x00000034   Code   RO         3871    i.DMA_CalcBaseAndBitshift  stm32f4xx_hal_dma.o
    0x08000660   0x08000660   0x000000aa   Code   RO         3872    i.DMA_CheckFifoParam  stm32f4xx_hal_dma.o
    0x0800070a   0x0800070a   0x0000002c   Code   RO         3873    i.DMA_SetConfig     stm32f4xx_hal_dma.o
    0x08000736   0x08000736   0x00000002   Code   RO          897    i.DebugMon_Handler  stm32f4xx_it.o
    0x08000738   0x08000738   0x00000002   Code   RO           13    i.Error_Handler     main.o
    0x0800073a   0x0800073a   0x00000012   Code   RO         4964    i.FATFS_LinkDriver  ff_gen_drv.o
    0x0800074c   0x0800074c   0x00000054   Code   RO         4965    i.FATFS_LinkDriverEx  ff_gen_drv.o
    0x080007a0   0x080007a0   0x00000194   Code   RO         1622    i.HAL_ADC_ConfigChannel  stm32f4xx_hal_adc.o
    0x08000934   0x08000934   0x0000001c   Code   RO         5668    i.HAL_ADC_ConvCpltCallback  fatfs_write_wav.o
    0x08000950   0x08000950   0x0000001c   Code   RO         5669    i.HAL_ADC_ConvHalfCpltCallback  fatfs_write_wav.o
    0x0800096c   0x0800096c   0x00000002   Code   RO         1626    i.HAL_ADC_ErrorCallback  stm32f4xx_hal_adc.o
    0x0800096e   0x0800096e   0x00000002   PAD
    0x08000970   0x08000970   0x00000068   Code   RO         1631    i.HAL_ADC_Init      stm32f4xx_hal_adc.o
    0x080009d8   0x080009d8   0x000000c8   Code   RO         1006    i.HAL_ADC_MspInit   stm32f4xx_hal_msp.o
    0x08000aa0   0x08000aa0   0x00000148   Code   RO         1638    i.HAL_ADC_Start_DMA  stm32f4xx_hal_adc.o
    0x08000be8   0x08000be8   0x0000006c   Code   RO         1641    i.HAL_ADC_Stop_DMA  stm32f4xx_hal_adc.o
    0x08000c54   0x08000c54   0x000000aa   Code   RO         3874    i.HAL_DMA_Abort     stm32f4xx_hal_dma.o
    0x08000cfe   0x08000cfe   0x00000028   Code   RO         3875    i.HAL_DMA_Abort_IT  stm32f4xx_hal_dma.o
    0x08000d26   0x08000d26   0x00000002   PAD
    0x08000d28   0x08000d28   0x00000240   Code   RO         3879    i.HAL_DMA_IRQHandler  stm32f4xx_hal_dma.o
    0x08000f68   0x08000f68   0x000000ec   Code   RO         3880    i.HAL_DMA_Init      stm32f4xx_hal_dma.o
    0x08001054   0x08001054   0x0000009e   Code   RO         3884    i.HAL_DMA_Start_IT  stm32f4xx_hal_dma.o
    0x080010f2   0x080010f2   0x00000002   PAD
    0x080010f4   0x080010f4   0x00000028   Code   RO         4322    i.HAL_Delay         stm32f4xx_hal.o
    0x0800111c   0x0800111c   0x000001d4   Code   RO         3767    i.HAL_GPIO_Init     stm32f4xx_hal_gpio.o
    0x080012f0   0x080012f0   0x0000000c   Code   RO         3771    i.HAL_GPIO_WritePin  stm32f4xx_hal_gpio.o
    0x080012fc   0x080012fc   0x0000000c   Code   RO         4328    i.HAL_GetTick       stm32f4xx_hal.o
    0x08001308   0x08001308   0x00000018   Code   RO         4332    i.HAL_IncTick       stm32f4xx_hal.o
    0x08001320   0x08001320   0x0000003c   Code   RO         4333    i.HAL_Init          stm32f4xx_hal.o
    0x0800135c   0x0800135c   0x0000004c   Code   RO         4334    i.HAL_InitTick      stm32f4xx_hal.o
    0x080013a8   0x080013a8   0x00000048   Code   RO         1007    i.HAL_MspInit       stm32f4xx_hal_msp.o
    0x080013f0   0x080013f0   0x0000001a   Code   RO         4180    i.HAL_NVIC_EnableIRQ  stm32f4xx_hal_cortex.o
    0x0800140a   0x0800140a   0x0000007c   Code   RO         4186    i.HAL_NVIC_SetPriority  stm32f4xx_hal_cortex.o
    0x08001486   0x08001486   0x00000002   PAD
    0x08001488   0x08001488   0x00000028   Code   RO         4187    i.HAL_NVIC_SetPriorityGrouping  stm32f4xx_hal_cortex.o
    0x080014b0   0x080014b0   0x0000000a   Code   RO         1299    i.HAL_PCDEx_SetRxFiFo  stm32f4xx_hal_pcd_ex.o
    0x080014ba   0x080014ba   0x00000052   Code   RO         1300    i.HAL_PCDEx_SetTxFiFo  stm32f4xx_hal_pcd_ex.o
    0x0800150c   0x0800150c   0x0000000e   Code   RO          576    i.HAL_PCD_ConnectCallback  usbd_conf.o
    0x0800151a   0x0800151a   0x00000020   Code   RO          577    i.HAL_PCD_DataInStageCallback  usbd_conf.o
    0x0800153a   0x0800153a   0x00000020   Code   RO          578    i.HAL_PCD_DataOutStageCallback  usbd_conf.o
    0x0800155a   0x0800155a   0x0000000e   Code   RO          579    i.HAL_PCD_DisconnectCallback  usbd_conf.o
    0x08001568   0x08001568   0x0000006a   Code   RO         1093    i.HAL_PCD_EP_Close  stm32f4xx_hal_pcd.o
    0x080015d2   0x080015d2   0x00000068   Code   RO         1094    i.HAL_PCD_EP_ClrStall  stm32f4xx_hal_pcd.o
    0x0800163a   0x0800163a   0x00000044   Code   RO         1095    i.HAL_PCD_EP_Flush  stm32f4xx_hal_pcd.o
    0x0800167e   0x0800167e   0x00000018   Code   RO         1096    i.HAL_PCD_EP_GetRxCount  stm32f4xx_hal_pcd.o
    0x08001696   0x08001696   0x0000008c   Code   RO         1097    i.HAL_PCD_EP_Open   stm32f4xx_hal_pcd.o
    0x08001722   0x08001722   0x00000058   Code   RO         1098    i.HAL_PCD_EP_Receive  stm32f4xx_hal_pcd.o
    0x0800177a   0x0800177a   0x0000007a   Code   RO         1099    i.HAL_PCD_EP_SetStall  stm32f4xx_hal_pcd.o
    0x080017f4   0x080017f4   0x0000005a   Code   RO         1100    i.HAL_PCD_EP_Transmit  stm32f4xx_hal_pcd.o
    0x0800184e   0x0800184e   0x00000002   PAD
    0x08001850   0x08001850   0x00000694   Code   RO         1102    i.HAL_PCD_IRQHandler  stm32f4xx_hal_pcd.o
    0x08001ee4   0x08001ee4   0x00000012   Code   RO          580    i.HAL_PCD_ISOINIncompleteCallback  usbd_conf.o
    0x08001ef6   0x08001ef6   0x00000012   Code   RO          581    i.HAL_PCD_ISOOUTIncompleteCallback  usbd_conf.o
    0x08001f08   0x08001f08   0x00000142   Code   RO         1105    i.HAL_PCD_Init      stm32f4xx_hal_pcd.o
    0x0800204a   0x0800204a   0x00000002   PAD
    0x0800204c   0x0800204c   0x0000007c   Code   RO          583    i.HAL_PCD_MspInit   usbd_conf.o
    0x080020c8   0x080020c8   0x00000032   Code   RO          584    i.HAL_PCD_ResetCallback  usbd_conf.o
    0x080020fa   0x080020fa   0x0000000e   Code   RO          585    i.HAL_PCD_ResumeCallback  usbd_conf.o
    0x08002108   0x08002108   0x0000000e   Code   RO          586    i.HAL_PCD_SOFCallback  usbd_conf.o
    0x08002116   0x08002116   0x00000032   Code   RO         1111    i.HAL_PCD_SetAddress  stm32f4xx_hal_pcd.o
    0x08002148   0x08002148   0x00000012   Code   RO          587    i.HAL_PCD_SetupStageCallback  usbd_conf.o
    0x0800215a   0x0800215a   0x00000034   Code   RO         1113    i.HAL_PCD_Start     stm32f4xx_hal_pcd.o
    0x0800218e   0x0800218e   0x00000002   PAD
    0x08002190   0x08002190   0x00000034   Code   RO          588    i.HAL_PCD_SuspendCallback  usbd_conf.o
    0x080021c4   0x080021c4   0x00000180   Code   RO         3304    i.HAL_RCC_ClockConfig  stm32f4xx_hal_rcc.o
    0x08002344   0x08002344   0x0000000c   Code   RO         3309    i.HAL_RCC_GetHCLKFreq  stm32f4xx_hal_rcc.o
    0x08002350   0x08002350   0x000000b0   Code   RO         3313    i.HAL_RCC_GetSysClockFreq  stm32f4xx_hal_rcc.o
    0x08002400   0x08002400   0x00000448   Code   RO         3316    i.HAL_RCC_OscConfig  stm32f4xx_hal_rcc.o
    0x08002848   0x08002848   0x0000000a   Code   RO          273    i.HAL_SD_AbortCallback  bsp_driver_sd.o
    0x08002852   0x08002852   0x000000a8   Code   RO         2171    i.HAL_SD_ConfigWideBusOperation  stm32f4xx_hal_sd.o
    0x080028fa   0x080028fa   0x00000002   Code   RO         2174    i.HAL_SD_ErrorCallback  stm32f4xx_hal_sd.o
    0x080028fc   0x080028fc   0x000001f0   Code   RO         2176    i.HAL_SD_GetCardCSD  stm32f4xx_hal_sd.o
    0x08002aec   0x08002aec   0x00000026   Code   RO         2177    i.HAL_SD_GetCardInfo  stm32f4xx_hal_sd.o
    0x08002b12   0x08002b12   0x00000028   Code   RO         2178    i.HAL_SD_GetCardState  stm32f4xx_hal_sd.o
    0x08002b3a   0x08002b3a   0x00000002   PAD
    0x08002b3c   0x08002b3c   0x00000200   Code   RO         2182    i.HAL_SD_IRQHandler  stm32f4xx_hal_sd.o
    0x08002d3c   0x08002d3c   0x00000036   Code   RO         2183    i.HAL_SD_Init       stm32f4xx_hal_sd.o
    0x08002d72   0x08002d72   0x00000002   PAD
    0x08002d74   0x08002d74   0x00000084   Code   RO         2184    i.HAL_SD_InitCard   stm32f4xx_hal_sd.o
    0x08002df8   0x08002df8   0x00000190   Code   RO         1009    i.HAL_SD_MspInit    stm32f4xx_hal_msp.o
    0x08002f88   0x08002f88   0x00000128   Code   RO         2188    i.HAL_SD_ReadBlocks_DMA  stm32f4xx_hal_sd.o
    0x080030b0   0x080030b0   0x0000000a   Code   RO          274    i.HAL_SD_RxCpltCallback  bsp_driver_sd.o
    0x080030ba   0x080030ba   0x0000000a   Code   RO          275    i.HAL_SD_TxCpltCallback  bsp_driver_sd.o
    0x080030c4   0x080030c4   0x00000124   Code   RO         2193    i.HAL_SD_WriteBlocks_DMA  stm32f4xx_hal_sd.o
    0x080031e8   0x080031e8   0x00000034   Code   RO         4191    i.HAL_SYSTICK_Config  stm32f4xx_hal_cortex.o
    0x0800321c   0x0800321c   0x00000002   Code   RO         3064    i.HAL_TIMEx_BreakCallback  stm32f4xx_hal_tim_ex.o
    0x0800321e   0x0800321e   0x00000002   Code   RO         3065    i.HAL_TIMEx_CommutationCallback  stm32f4xx_hal_tim_ex.o
    0x08003220   0x08003220   0x00000062   Code   RO         3081    i.HAL_TIMEx_MasterConfigSynchronization  stm32f4xx_hal_tim_ex.o
    0x08003282   0x08003282   0x00000034   Code   RO         2425    i.HAL_TIM_Base_Init  stm32f4xx_hal_tim.o
    0x080032b6   0x080032b6   0x00000002   PAD
    0x080032b8   0x080032b8   0x00000048   Code   RO         1011    i.HAL_TIM_Base_MspInit  stm32f4xx_hal_msp.o
    0x08003300   0x08003300   0x0000001e   Code   RO         2428    i.HAL_TIM_Base_Start  stm32f4xx_hal_tim.o
    0x0800331e   0x0800331e   0x00000038   Code   RO         2431    i.HAL_TIM_Base_Stop  stm32f4xx_hal_tim.o
    0x08003356   0x08003356   0x00000132   Code   RO         2434    i.HAL_TIM_ConfigClockSource  stm32f4xx_hal_tim.o
    0x08003488   0x08003488   0x00000002   Code   RO         2454    i.HAL_TIM_IC_CaptureCallback  stm32f4xx_hal_tim.o
    0x0800348a   0x0800348a   0x00000196   Code   RO         2467    i.HAL_TIM_IRQHandler  stm32f4xx_hal_tim.o
    0x08003620   0x08003620   0x00000002   Code   RO         2470    i.HAL_TIM_OC_DelayElapsedCallback  stm32f4xx_hal_tim.o
    0x08003622   0x08003622   0x00000002   Code   RO         2497    i.HAL_TIM_PWM_PulseFinishedCallback  stm32f4xx_hal_tim.o
    0x08003624   0x08003624   0x00000002   Code   RO         2504    i.HAL_TIM_PeriodElapsedCallback  stm32f4xx_hal_tim.o
    0x08003626   0x08003626   0x00000002   Code   RO         2508    i.HAL_TIM_TriggerCallback  stm32f4xx_hal_tim.o
    0x08003628   0x08003628   0x00000004   Code   RO          898    i.HardFault_Handler  stm32f4xx_it.o
    0x0800362c   0x0800362c   0x00000042   Code   RO         5447    i.MSC_BOT_Abort     usbd_msc_bot.o
    0x0800366e   0x0800366e   0x00000002   PAD
    0x08003670   0x08003670   0x000000d0   Code   RO         5448    i.MSC_BOT_CBW_Decode  usbd_msc_bot.o
    0x08003740   0x08003740   0x00000036   Code   RO         5449    i.MSC_BOT_CplClrFeature  usbd_msc_bot.o
    0x08003776   0x08003776   0x0000004a   Code   RO         5450    i.MSC_BOT_DataIn    usbd_msc_bot.o
    0x080037c0   0x080037c0   0x00000040   Code   RO         5451    i.MSC_BOT_DataOut   usbd_msc_bot.o
    0x08003800   0x08003800   0x0000000a   Code   RO         5452    i.MSC_BOT_DeInit    usbd_msc_bot.o
    0x0800380a   0x0800380a   0x00000040   Code   RO         5453    i.MSC_BOT_Init      usbd_msc_bot.o
    0x0800384a   0x0800384a   0x00000020   Code   RO         5454    i.MSC_BOT_Reset     usbd_msc_bot.o
    0x0800386a   0x0800386a   0x00000002   PAD
    0x0800386c   0x0800386c   0x0000003c   Code   RO         5455    i.MSC_BOT_SendCSW   usbd_msc_bot.o
    0x080038a8   0x080038a8   0x0000004c   Code   RO         5456    i.MSC_BOT_SendData  usbd_msc_bot.o
    0x080038f4   0x080038f4   0x00000068   Code   RO           14    i.MX_ADC1_Init      main.o
    0x0800395c   0x0800395c   0x00000058   Code   RO           15    i.MX_DMA_Init       main.o
    0x080039b4   0x080039b4   0x0000001c   Code   RO          484    i.MX_FATFS_Init     fatfs.o
    0x080039d0   0x080039d0   0x000000e0   Code   RO           16    i.MX_GPIO_Init      main.o
    0x08003ab0   0x08003ab0   0x00000024   Code   RO           17    i.MX_SDIO_SD_Init   main.o
    0x08003ad4   0x08003ad4   0x0000006c   Code   RO           18    i.MX_TIM3_Init      main.o
    0x08003b40   0x08003b40   0x00000034   Code   RO          521    i.MX_USB_DEVICE_Init  usb_device.o
    0x08003b74   0x08003b74   0x00000004   Code   RO          899    i.MemManage_Handler  stm32f4xx_it.o
    0x08003b78   0x08003b78   0x00000002   Code   RO          900    i.NMI_Handler       stm32f4xx_it.o
    0x08003b7a   0x08003b7a   0x00000002   PAD
    0x08003b7c   0x08003b7c   0x00000010   Code   RO         4193    i.NVIC_GetPriorityGrouping  stm32f4xx_hal_cortex.o
    0x08003b8c   0x08003b8c   0x00000028   Code   RO         4194    i.NVIC_SetPriority  stm32f4xx_hal_cortex.o
    0x08003bb4   0x08003bb4   0x00000010   Code   RO          901    i.OTG_FS_IRQHandler  stm32f4xx_it.o
    0x08003bc4   0x08003bc4   0x000000a2   Code   RO         1116    i.PCD_WriteEmptyTxFifo  stm32f4xx_hal_pcd.o
    0x08003c66   0x08003c66   0x00000002   Code   RO          902    i.PendSV_Handler    stm32f4xx_it.o
    0x08003c68   0x08003c68   0x00000032   Code   RO         5546    i.SCSI_CheckAddressRange  usbd_msc_scsi.o
    0x08003c9a   0x08003c9a   0x00000002   PAD
    0x08003c9c   0x08003c9c   0x00000050   Code   RO         5547    i.SCSI_Inquiry      usbd_msc_scsi.o
    0x08003cec   0x08003cec   0x0000002c   Code   RO         5548    i.SCSI_ModeSense10  usbd_msc_scsi.o
    0x08003d18   0x08003d18   0x0000002c   Code   RO         5549    i.SCSI_ModeSense6   usbd_msc_scsi.o
    0x08003d44   0x08003d44   0x000000e8   Code   RO         5550    i.SCSI_ProcessCmd   usbd_msc_scsi.o
    0x08003e2c   0x08003e2c   0x000000a4   Code   RO         5551    i.SCSI_ProcessRead  usbd_msc_scsi.o
    0x08003ed0   0x08003ed0   0x000000be   Code   RO         5552    i.SCSI_ProcessWrite  usbd_msc_scsi.o
    0x08003f8e   0x08003f8e   0x000000ec   Code   RO         5553    i.SCSI_Read10       usbd_msc_scsi.o
    0x0800407a   0x0800407a   0x00000080   Code   RO         5554    i.SCSI_ReadCapacity10  usbd_msc_scsi.o
    0x080040fa   0x080040fa   0x0000008a   Code   RO         5555    i.SCSI_ReadFormatCapacity  usbd_msc_scsi.o
    0x08004184   0x08004184   0x00000086   Code   RO         5556    i.SCSI_RequestSense  usbd_msc_scsi.o
    0x0800420a   0x0800420a   0x0000003a   Code   RO         5557    i.SCSI_SenseCode    usbd_msc_scsi.o
    0x08004244   0x08004244   0x00000010   Code   RO         5558    i.SCSI_StartStopUnit  usbd_msc_scsi.o
    0x08004254   0x08004254   0x00000056   Code   RO         5559    i.SCSI_TestUnitReady  usbd_msc_scsi.o
    0x080042aa   0x080042aa   0x00000050   Code   RO         5560    i.SCSI_Verify10     usbd_msc_scsi.o
    0x080042fa   0x080042fa   0x0000012e   Code   RO         5561    i.SCSI_Write10      usbd_msc_scsi.o
    0x08004428   0x08004428   0x0000002c   Code   RO         1892    i.SDIO_ConfigData   stm32f4xx_ll_sdmmc.o
    0x08004454   0x08004454   0x00000008   Code   RO         1893    i.SDIO_GetCommandResponse  stm32f4xx_ll_sdmmc.o
    0x0800445c   0x0800445c   0x0000000a   Code   RO         1896    i.SDIO_GetPowerState  stm32f4xx_ll_sdmmc.o
    0x08004466   0x08004466   0x00000016   Code   RO         1897    i.SDIO_GetResponse  stm32f4xx_ll_sdmmc.o
    0x0800447c   0x0800447c   0x00000010   Code   RO          903    i.SDIO_IRQHandler   stm32f4xx_it.o
    0x0800448c   0x0800448c   0x00000034   Code   RO         1898    i.SDIO_Init         stm32f4xx_ll_sdmmc.o
    0x080044c0   0x080044c0   0x0000000a   Code   RO         1900    i.SDIO_PowerState_ON  stm32f4xx_ll_sdmmc.o
    0x080044ca   0x080044ca   0x00000008   Code   RO         1901    i.SDIO_ReadFIFO     stm32f4xx_ll_sdmmc.o
    0x080044d2   0x080044d2   0x00000028   Code   RO         1902    i.SDIO_SendCommand  stm32f4xx_ll_sdmmc.o
    0x080044fa   0x080044fa   0x0000000c   Code   RO         1904    i.SDIO_WriteFIFO    stm32f4xx_ll_sdmmc.o
    0x08004506   0x08004506   0x0000003a   Code   RO         1905    i.SDMMC_CmdAppCommand  stm32f4xx_ll_sdmmc.o
    0x08004540   0x08004540   0x0000003c   Code   RO         1906    i.SDMMC_CmdAppOperCommand  stm32f4xx_ll_sdmmc.o
    0x0800457c   0x0800457c   0x0000003a   Code   RO         1907    i.SDMMC_CmdBlockLength  stm32f4xx_ll_sdmmc.o
    0x080045b6   0x080045b6   0x0000003a   Code   RO         1908    i.SDMMC_CmdBusWidth  stm32f4xx_ll_sdmmc.o
    0x080045f0   0x080045f0   0x0000002e   Code   RO         1912    i.SDMMC_CmdGoIdleState  stm32f4xx_ll_sdmmc.o
    0x0800461e   0x0800461e   0x00000036   Code   RO         1914    i.SDMMC_CmdOperCond  stm32f4xx_ll_sdmmc.o
    0x08004654   0x08004654   0x0000003a   Code   RO         1915    i.SDMMC_CmdReadMultiBlock  stm32f4xx_ll_sdmmc.o
    0x0800468e   0x0800468e   0x0000003a   Code   RO         1916    i.SDMMC_CmdReadSingleBlock  stm32f4xx_ll_sdmmc.o
    0x080046c8   0x080046c8   0x0000003c   Code   RO         1919    i.SDMMC_CmdSelDesel  stm32f4xx_ll_sdmmc.o
    0x08004704   0x08004704   0x00000034   Code   RO         1920    i.SDMMC_CmdSendCID  stm32f4xx_ll_sdmmc.o
    0x08004738   0x08004738   0x00000034   Code   RO         1921    i.SDMMC_CmdSendCSD  stm32f4xx_ll_sdmmc.o
    0x0800476c   0x0800476c   0x0000003a   Code   RO         1922    i.SDMMC_CmdSendSCR  stm32f4xx_ll_sdmmc.o
    0x080047a6   0x080047a6   0x0000003a   Code   RO         1923    i.SDMMC_CmdSendStatus  stm32f4xx_ll_sdmmc.o
    0x080047e0   0x080047e0   0x0000003a   Code   RO         1924    i.SDMMC_CmdSetRelAdd  stm32f4xx_ll_sdmmc.o
    0x0800481a   0x0800481a   0x00000002   PAD
    0x0800481c   0x0800481c   0x0000003c   Code   RO         1926    i.SDMMC_CmdStopTransfer  stm32f4xx_ll_sdmmc.o
    0x08004858   0x08004858   0x0000003a   Code   RO         1928    i.SDMMC_CmdWriteMultiBlock  stm32f4xx_ll_sdmmc.o
    0x08004892   0x08004892   0x0000003a   Code   RO         1929    i.SDMMC_CmdWriteSingleBlock  stm32f4xx_ll_sdmmc.o
    0x080048cc   0x080048cc   0x00000040   Code   RO         1930    i.SDMMC_GetCmdError  stm32f4xx_ll_sdmmc.o
    0x0800490c   0x0800490c   0x000001a4   Code   RO         1931    i.SDMMC_GetCmdResp1  stm32f4xx_ll_sdmmc.o
    0x08004ab0   0x08004ab0   0x0000005c   Code   RO         1932    i.SDMMC_GetCmdResp2  stm32f4xx_ll_sdmmc.o
    0x08004b0c   0x08004b0c   0x00000050   Code   RO         1933    i.SDMMC_GetCmdResp3  stm32f4xx_ll_sdmmc.o
    0x08004b5c   0x08004b5c   0x000000b0   Code   RO         1934    i.SDMMC_GetCmdResp6  stm32f4xx_ll_sdmmc.o
    0x08004c0c   0x08004c0c   0x00000058   Code   RO         1935    i.SDMMC_GetCmdResp7  stm32f4xx_ll_sdmmc.o
    0x08004c64   0x08004c64   0x00000028   Code   RO          414    i.SD_CheckStatus    sd_diskio.o
    0x08004c8c   0x08004c8c   0x0000005c   Code   RO         2195    i.SD_DMAError       stm32f4xx_hal_sd.o
    0x08004ce8   0x08004ce8   0x00000046   Code   RO         2196    i.SD_DMAReceiveCplt  stm32f4xx_hal_sd.o
    0x08004d2e   0x08004d2e   0x0000004c   Code   RO         2197    i.SD_DMARxAbort     stm32f4xx_hal_sd.o
    0x08004d7a   0x08004d7a   0x00000012   Code   RO         2198    i.SD_DMATransmitCplt  stm32f4xx_hal_sd.o
    0x08004d8c   0x08004d8c   0x0000004c   Code   RO         2199    i.SD_DMATxAbort     stm32f4xx_hal_sd.o
    0x08004dd8   0x08004dd8   0x0000012c   Code   RO         2200    i.SD_FindSCR        stm32f4xx_hal_sd.o
    0x08004f04   0x08004f04   0x000000fc   Code   RO         2201    i.SD_InitCard       stm32f4xx_hal_sd.o
    0x08005000   0x08005000   0x000000ee   Code   RO         2203    i.SD_PowerON        stm32f4xx_hal_sd.o
    0x080050ee   0x080050ee   0x00000026   Code   RO         2204    i.SD_Read_IT        stm32f4xx_hal_sd.o
    0x08005114   0x08005114   0x00000032   Code   RO         2206    i.SD_SendStatus     stm32f4xx_hal_sd.o
    0x08005146   0x08005146   0x0000006a   Code   RO         2207    i.SD_WideBus_Disable  stm32f4xx_hal_sd.o
    0x080051b0   0x080051b0   0x0000006a   Code   RO         2208    i.SD_WideBus_Enable  stm32f4xx_hal_sd.o
    0x0800521a   0x0800521a   0x00000026   Code   RO         2209    i.SD_Write_IT       stm32f4xx_hal_sd.o
    0x08005240   0x08005240   0x00000024   Code   RO          415    i.SD_initialize     sd_diskio.o
    0x08005264   0x08005264   0x0000006c   Code   RO          416    i.SD_ioctl          sd_diskio.o
    0x080052d0   0x080052d0   0x00000080   Code   RO          417    i.SD_read           sd_diskio.o
    0x08005350   0x08005350   0x0000000c   Code   RO          418    i.SD_status         sd_diskio.o
    0x0800535c   0x0800535c   0x00000080   Code   RO          419    i.SD_write          sd_diskio.o
    0x080053dc   0x080053dc   0x00000010   Code   RO          832    i.STORAGE_GetCapacity_FS  usbd_storage_if.o
    0x080053ec   0x080053ec   0x00000004   Code   RO          833    i.STORAGE_GetMaxLun_FS  usbd_storage_if.o
    0x080053f0   0x080053f0   0x00000006   Code   RO          834    i.STORAGE_Init_FS   usbd_storage_if.o
    0x080053f6   0x080053f6   0x00000006   Code   RO          835    i.STORAGE_IsReady_FS  usbd_storage_if.o
    0x080053fc   0x080053fc   0x00000006   Code   RO          836    i.STORAGE_IsWriteProtected_FS  usbd_storage_if.o
    0x08005402   0x08005402   0x00000008   Code   RO          837    i.STORAGE_Read_FS   usbd_storage_if.o
    0x0800540a   0x0800540a   0x00000008   Code   RO          838    i.STORAGE_Write_FS  usbd_storage_if.o
    0x08005412   0x08005412   0x00000002   Code   RO          904    i.SVC_Handler       stm32f4xx_it.o
    0x08005414   0x08005414   0x00000008   Code   RO          905    i.SysTick_Handler   stm32f4xx_it.o
    0x0800541c   0x0800541c   0x000000b0   Code   RO           19    i.SystemClock_Config  main.o
    0x080054cc   0x080054cc   0x00000064   Code   RO         4487    i.SystemInit        system_stm32f4xx.o
    0x08005530   0x08005530   0x00000010   Code   RO          906    i.TIM3_IRQHandler   stm32f4xx_it.o
    0x08005540   0x08005540   0x000000b0   Code   RO         2509    i.TIM_Base_SetConfig  stm32f4xx_hal_tim.o
    0x080055f0   0x080055f0   0x00000018   Code   RO         2516    i.TIM_ETR_SetConfig  stm32f4xx_hal_tim.o
    0x08005608   0x08005608   0x00000014   Code   RO         2517    i.TIM_ITRx_SetConfig  stm32f4xx_hal_tim.o
    0x0800561c   0x0800561c   0x0000002a   Code   RO         2523    i.TIM_TI1_ConfigInputStage  stm32f4xx_hal_tim.o
    0x08005646   0x08005646   0x0000002c   Code   RO         2525    i.TIM_TI2_ConfigInputStage  stm32f4xx_hal_tim.o
    0x08005672   0x08005672   0x00000016   Code   RO         5070    i.USBD_ClrClassConfig  usbd_core.o
    0x08005688   0x08005688   0x00000044   Code   RO         5208    i.USBD_ClrFeature   usbd_ctlreq.o
    0x080056cc   0x080056cc   0x00000018   Code   RO         5303    i.USBD_CtlContinueRx  usbd_ioreq.o
    0x080056e4   0x080056e4   0x00000018   Code   RO         5304    i.USBD_CtlContinueSendData  usbd_ioreq.o
    0x080056fc   0x080056fc   0x00000018   Code   RO         5209    i.USBD_CtlError     usbd_ctlreq.o
    0x08005714   0x08005714   0x0000001a   Code   RO         5306    i.USBD_CtlReceiveStatus  usbd_ioreq.o
    0x0800572e   0x0800572e   0x00000022   Code   RO         5307    i.USBD_CtlSendData  usbd_ioreq.o
    0x08005750   0x08005750   0x0000001a   Code   RO         5308    i.USBD_CtlSendStatus  usbd_ioreq.o
    0x0800576a   0x0800576a   0x00000002   PAD
    0x0800576c   0x0800576c   0x00000034   Code   RO          765    i.USBD_FS_ConfigStrDescriptor  usbd_desc.o
    0x080057a0   0x080057a0   0x00000010   Code   RO          766    i.USBD_FS_DeviceDescriptor  usbd_desc.o
    0x080057b0   0x080057b0   0x00000038   Code   RO          767    i.USBD_FS_InterfaceStrDescriptor  usbd_desc.o
    0x080057e8   0x080057e8   0x00000010   Code   RO          768    i.USBD_FS_LangIDStrDescriptor  usbd_desc.o
    0x080057f8   0x080057f8   0x0000002c   Code   RO          769    i.USBD_FS_ManufacturerStrDescriptor  usbd_desc.o
    0x08005824   0x08005824   0x0000003c   Code   RO          770    i.USBD_FS_ProductStrDescriptor  usbd_desc.o
    0x08005860   0x08005860   0x00000038   Code   RO          771    i.USBD_FS_SerialStrDescriptor  usbd_desc.o
    0x08005898   0x08005898   0x00000050   Code   RO         5210    i.USBD_GetConfig    usbd_ctlreq.o
    0x080058e8   0x080058e8   0x00000148   Code   RO         5211    i.USBD_GetDescriptor  usbd_ctlreq.o
    0x08005a30   0x08005a30   0x00000014   Code   RO         5212    i.USBD_GetLen       usbd_ctlreq.o
    0x08005a44   0x08005a44   0x00000044   Code   RO         5213    i.USBD_GetStatus    usbd_ctlreq.o
    0x08005a88   0x08005a88   0x00000052   Code   RO         5214    i.USBD_GetString    usbd_ctlreq.o
    0x08005ada   0x08005ada   0x00000032   Code   RO         5072    i.USBD_Init         usbd_core.o
    0x08005b0c   0x08005b0c   0x00000044   Code   RO          589    i.USBD_LL_ClearStallEP  usbd_conf.o
    0x08005b50   0x08005b50   0x00000044   Code   RO          590    i.USBD_LL_CloseEP   usbd_conf.o
    0x08005b94   0x08005b94   0x000000da   Code   RO         5073    i.USBD_LL_DataInStage  usbd_core.o
    0x08005c6e   0x08005c6e   0x00000086   Code   RO         5074    i.USBD_LL_DataOutStage  usbd_core.o
    0x08005cf4   0x08005cf4   0x00000006   Code   RO         5075    i.USBD_LL_DevConnected  usbd_core.o
    0x08005cfa   0x08005cfa   0x0000001a   Code   RO         5076    i.USBD_LL_DevDisconnected  usbd_core.o
    0x08005d14   0x08005d14   0x00000044   Code   RO          593    i.USBD_LL_FlushEP   usbd_conf.o
    0x08005d58   0x08005d58   0x00000012   Code   RO          594    i.USBD_LL_GetRxDataSize  usbd_conf.o
    0x08005d6a   0x08005d6a   0x00000002   PAD
    0x08005d6c   0x08005d6c   0x0000006c   Code   RO          595    i.USBD_LL_Init      usbd_conf.o
    0x08005dd8   0x08005dd8   0x00000038   Code   RO          596    i.USBD_LL_IsStallEP  usbd_conf.o
    0x08005e10   0x08005e10   0x00000006   Code   RO         5077    i.USBD_LL_IsoINIncomplete  usbd_core.o
    0x08005e16   0x08005e16   0x00000006   Code   RO         5078    i.USBD_LL_IsoOUTIncomplete  usbd_core.o
    0x08005e1c   0x08005e1c   0x00000062   Code   RO          597    i.USBD_LL_OpenEP    usbd_conf.o
    0x08005e7e   0x08005e7e   0x00000062   Code   RO          598    i.USBD_LL_PrepareReceive  usbd_conf.o
    0x08005ee0   0x08005ee0   0x00000044   Code   RO         5079    i.USBD_LL_Reset     usbd_core.o
    0x08005f24   0x08005f24   0x0000000e   Code   RO         5080    i.USBD_LL_Resume    usbd_core.o
    0x08005f32   0x08005f32   0x00000022   Code   RO         5081    i.USBD_LL_SOF       usbd_core.o
    0x08005f54   0x08005f54   0x00000008   Code   RO         5082    i.USBD_LL_SetSpeed  usbd_core.o
    0x08005f5c   0x08005f5c   0x00000044   Code   RO          599    i.USBD_LL_SetUSBAddress  usbd_conf.o
    0x08005fa0   0x08005fa0   0x0000006e   Code   RO         5083    i.USBD_LL_SetupStage  usbd_core.o
    0x0800600e   0x0800600e   0x00000044   Code   RO          600    i.USBD_LL_StallEP   usbd_conf.o
    0x08006052   0x08006052   0x0000003c   Code   RO          601    i.USBD_LL_Start     usbd_conf.o
    0x0800608e   0x0800608e   0x00000014   Code   RO         5084    i.USBD_LL_Suspend   usbd_core.o
    0x080060a2   0x080060a2   0x00000062   Code   RO          603    i.USBD_LL_Transmit  usbd_conf.o
    0x08006104   0x08006104   0x00000012   Code   RO         5363    i.USBD_MSC_DataIn   usbd_msc.o
    0x08006116   0x08006116   0x00000012   Code   RO         5364    i.USBD_MSC_DataOut  usbd_msc.o
    0x08006128   0x08006128   0x00000034   Code   RO         5365    i.USBD_MSC_DeInit   usbd_msc.o
    0x0800615c   0x0800615c   0x00000010   Code   RO         5366    i.USBD_MSC_GetDeviceQualifierDescriptor  usbd_msc.o
    0x0800616c   0x0800616c   0x00000010   Code   RO         5367    i.USBD_MSC_GetFSCfgDesc  usbd_msc.o
    0x0800617c   0x0800617c   0x00000010   Code   RO         5368    i.USBD_MSC_GetHSCfgDesc  usbd_msc.o
    0x0800618c   0x0800618c   0x00000010   Code   RO         5369    i.USBD_MSC_GetOtherSpeedCfgDesc  usbd_msc.o
    0x0800619c   0x0800619c   0x00000064   Code   RO         5370    i.USBD_MSC_Init     usbd_msc.o
    0x08006200   0x08006200   0x0000000c   Code   RO         5371    i.USBD_MSC_RegisterStorage  usbd_msc.o
    0x0800620c   0x0800620c   0x0000012a   Code   RO         5372    i.USBD_MSC_Setup    usbd_msc.o
    0x08006336   0x08006336   0x00000028   Code   RO         5215    i.USBD_ParseSetupRequest  usbd_ctlreq.o
    0x0800635e   0x0800635e   0x00000010   Code   RO         5085    i.USBD_RegisterClass  usbd_core.o
    0x0800636e   0x0800636e   0x00000006   Code   RO         5086    i.USBD_RunTestMode  usbd_core.o
    0x08006374   0x08006374   0x00000054   Code   RO         5216    i.USBD_SetAddress   usbd_ctlreq.o
    0x080063c8   0x080063c8   0x00000022   Code   RO         5087    i.USBD_SetClassConfig  usbd_core.o
    0x080063ea   0x080063ea   0x00000002   PAD
    0x080063ec   0x080063ec   0x000000e0   Code   RO         5217    i.USBD_SetConfig    usbd_ctlreq.o
    0x080064cc   0x080064cc   0x00000024   Code   RO         5218    i.USBD_SetFeature   usbd_ctlreq.o
    0x080064f0   0x080064f0   0x0000000e   Code   RO         5088    i.USBD_Start        usbd_core.o
    0x080064fe   0x080064fe   0x00000072   Code   RO         5219    i.USBD_StdDevReq    usbd_ctlreq.o
    0x08006570   0x08006570   0x00000156   Code   RO         5220    i.USBD_StdEPReq     usbd_ctlreq.o
    0x080066c6   0x080066c6   0x0000004a   Code   RO         5221    i.USBD_StdItfReq    usbd_ctlreq.o
    0x08006710   0x08006710   0x000000c4   Code   RO         1330    i.USB_ActivateEndpoint  stm32f4xx_ll_usb.o
    0x080067d4   0x080067d4   0x00000044   Code   RO         1331    i.USB_ActivateSetup  stm32f4xx_ll_usb.o
    0x08006818   0x08006818   0x00000070   Code   RO         1333    i.USB_CoreInit      stm32f4xx_ll_usb.o
    0x08006888   0x08006888   0x0000004c   Code   RO         1334    i.USB_CoreReset     stm32f4xx_ll_usb.o
    0x080068d4   0x080068d4   0x0000010c   Code   RO         1336    i.USB_DeactivateEndpoint  stm32f4xx_ll_usb.o
    0x080069e0   0x080069e0   0x0000001e   Code   RO         1337    i.USB_DevConnect    stm32f4xx_ll_usb.o
    0x080069fe   0x080069fe   0x0000001e   Code   RO         1338    i.USB_DevDisconnect  stm32f4xx_ll_usb.o
    0x08006a1c   0x08006a1c   0x000001a0   Code   RO         1339    i.USB_DevInit       stm32f4xx_ll_usb.o
    0x08006bbc   0x08006bbc   0x0000000e   Code   RO         1340    i.USB_DisableGlobalInt  stm32f4xx_ll_usb.o
    0x08006bca   0x08006bca   0x00000002   PAD
    0x08006bcc   0x08006bcc   0x000001ac   Code   RO         1343    i.USB_EP0StartXfer  stm32f4xx_ll_usb.o
    0x08006d78   0x08006d78   0x00000044   Code   RO         1344    i.USB_EP0_OutStart  stm32f4xx_ll_usb.o
    0x08006dbc   0x08006dbc   0x00000088   Code   RO         1345    i.USB_EPClearStall  stm32f4xx_ll_usb.o
    0x08006e44   0x08006e44   0x0000008c   Code   RO         1346    i.USB_EPSetStall    stm32f4xx_ll_usb.o
    0x08006ed0   0x08006ed0   0x000002d0   Code   RO         1347    i.USB_EPStartXfer   stm32f4xx_ll_usb.o
    0x080071a0   0x080071a0   0x0000000e   Code   RO         1348    i.USB_EnableGlobalInt  stm32f4xx_ll_usb.o
    0x080071ae   0x080071ae   0x00000002   PAD
    0x080071b0   0x080071b0   0x0000002c   Code   RO         1349    i.USB_FlushRxFifo   stm32f4xx_ll_usb.o
    0x080071dc   0x080071dc   0x00000030   Code   RO         1350    i.USB_FlushTxFifo   stm32f4xx_ll_usb.o
    0x0800720c   0x0800720c   0x00000044   Code   RO         1352    i.USB_GetDevSpeed   stm32f4xx_ll_usb.o
    0x08007250   0x08007250   0x0000000a   Code   RO         1354    i.USB_GetMode       stm32f4xx_ll_usb.o
    0x0800725a   0x0800725a   0x00000012   Code   RO         1361    i.USB_ReadDevAllInEpInterrupt  stm32f4xx_ll_usb.o
    0x0800726c   0x0800726c   0x00000012   Code   RO         1362    i.USB_ReadDevAllOutEpInterrupt  stm32f4xx_ll_usb.o
    0x0800727e   0x0800727e   0x0000002c   Code   RO         1363    i.USB_ReadDevInEPInterrupt  stm32f4xx_ll_usb.o
    0x080072aa   0x080072aa   0x00000016   Code   RO         1364    i.USB_ReadDevOutEPInterrupt  stm32f4xx_ll_usb.o
    0x080072c0   0x080072c0   0x0000000c   Code   RO         1365    i.USB_ReadInterrupts  stm32f4xx_ll_usb.o
    0x080072cc   0x080072cc   0x00000022   Code   RO         1366    i.USB_ReadPacket    stm32f4xx_ll_usb.o
    0x080072ee   0x080072ee   0x00000030   Code   RO         1368    i.USB_SetCurrentMode  stm32f4xx_ll_usb.o
    0x0800731e   0x0800731e   0x00000024   Code   RO         1369    i.USB_SetDevAddress  stm32f4xx_ll_usb.o
    0x08007342   0x08007342   0x00000010   Code   RO         1370    i.USB_SetDevSpeed   stm32f4xx_ll_usb.o
    0x08007352   0x08007352   0x00000030   Code   RO         1373    i.USB_WritePacket   stm32f4xx_ll_usb.o
    0x08007382   0x08007382   0x00000004   Code   RO          907    i.UsageFault_Handler  stm32f4xx_it.o
    0x08007386   0x08007386   0x0000000e   Code   RO         6006    i.__scatterload_copy  mc_w.l(handlers.o)
    0x08007394   0x08007394   0x00000002   Code   RO         6007    i.__scatterload_null  mc_w.l(handlers.o)
    0x08007396   0x08007396   0x0000000e   Code   RO         6008    i.__scatterload_zeroinit  mc_w.l(handlers.o)
    0x080073a4   0x080073a4   0x0000000e   Code   RO         5743    i.basic_malloc      basic_function.o
    0x080073b2   0x080073b2   0x00000002   PAD
    0x080073b4   0x080073b4   0x0000007c   Code   RO         4578    i.check_fs          ff.o
    0x08007430   0x08007430   0x00000014   Code   RO         4579    i.chk_chr           ff.o
    0x08007444   0x08007444   0x0000007c   Code   RO         4580    i.chk_lock          ff.o
    0x080074c0   0x080074c0   0x00000028   Code   RO         4581    i.clear_lock        ff.o
    0x080074e8   0x080074e8   0x00000032   Code   RO         4582    i.clmt_clust        ff.o
    0x0800751a   0x0800751a   0x00000002   PAD
    0x0800751c   0x0800751c   0x00000058   Code   RO         5670    i.close_wav_file    fatfs_write_wav.o
    0x08007574   0x08007574   0x0000001a   Code   RO         4583    i.clust2sect        ff.o
    0x0800758e   0x0800758e   0x00000002   PAD
    0x08007590   0x08007590   0x00000098   Code   RO         4584    i.cmp_lfn           ff.o
    0x08007628   0x08007628   0x000000de   Code   RO         4585    i.create_chain      ff.o
    0x08007706   0x08007706   0x00000002   PAD
    0x08007708   0x08007708   0x0000026c   Code   RO         4586    i.create_name       ff.o
    0x08007974   0x08007974   0x00000050   Code   RO         5671    i.create_wav_file   fatfs_write_wav.o
    0x080079c4   0x080079c4   0x00000044   Code   RO         4587    i.dec_lock          ff.o
    0x08007a08   0x08007a08   0x00000060   Code   RO         4588    i.dir_alloc         ff.o
    0x08007a68   0x08007a68   0x000000fc   Code   RO         4589    i.dir_find          ff.o
    0x08007b64   0x08007b64   0x0000010c   Code   RO         4590    i.dir_next          ff.o
    0x08007c70   0x08007c70   0x00000142   Code   RO         4592    i.dir_register      ff.o
    0x08007db2   0x08007db2   0x0000009a   Code   RO         4594    i.dir_sdi           ff.o
    0x08007e4c   0x08007e4c   0x0000002c   Code   RO         4523    i.disk_initialize   diskio.o
    0x08007e78   0x08007e78   0x00000028   Code   RO         4524    i.disk_ioctl        diskio.o
    0x08007ea0   0x08007ea0   0x00000030   Code   RO         4525    i.disk_read         diskio.o
    0x08007ed0   0x08007ed0   0x0000001c   Code   RO         4526    i.disk_status       diskio.o
    0x08007eec   0x08007eec   0x00000030   Code   RO         4527    i.disk_write        diskio.o
    0x08007f1c   0x08007f1c   0x00000028   Code   RO         4595    i.enq_lock          ff.o
    0x08007f44   0x08007f44   0x0000002c   Code   RO         4596    i.f_close           ff.o
    0x08007f70   0x08007f70   0x000002b0   Code   RO         4600    i.f_lseek           ff.o
    0x08008220   0x08008220   0x00000060   Code   RO         4603    i.f_mount           ff.o
    0x08008280   0x08008280   0x0000023a   Code   RO         4604    i.f_open            ff.o
    0x080084ba   0x080084ba   0x000000a0   Code   RO         4613    i.f_sync            ff.o
    0x0800855a   0x0800855a   0x000001ee   Code   RO         4616    i.f_write           ff.o
    0x08008748   0x08008748   0x0000007c   Code   RO         5038    i.ff_convert        cc950.o
    0x080087c4   0x080087c4   0x000000a4   Code   RO         5039    i.ff_wtoupper       cc950.o
    0x08008868   0x08008868   0x00000300   Code   RO         4617    i.find_volume       ff.o
    0x08008b68   0x08008b68   0x000000a2   Code   RO         4618    i.follow_path       ff.o
    0x08008c0a   0x08008c0a   0x00000002   PAD
    0x08008c0c   0x08008c0c   0x00000050   Code   RO         5954    i.free              mc_w.l(malloc.o)
    0x08008c5c   0x08008c5c   0x000000cc   Code   RO         4619    i.gen_numname       ff.o
    0x08008d28   0x08008d28   0x000000e0   Code   RO         4620    i.get_fat           ff.o
    0x08008e08   0x08008e08   0x00000004   Code   RO          485    i.get_fattime       fatfs.o
    0x08008e0c   0x08008e0c   0x00000048   Code   RO         4622    i.get_ldnumber      ff.o
    0x08008e54   0x08008e54   0x00000062   Code   RO         5800    i.get_unread_ptr    ringbuffer.o
    0x08008eb6   0x08008eb6   0x00000002   PAD
    0x08008eb8   0x08008eb8   0x000000bc   Code   RO         4623    i.inc_lock          ff.o
    0x08008f74   0x08008f74   0x00000046   Code   RO         5801    i.initial_buffer    ringbuffer.o
    0x08008fba   0x08008fba   0x00000002   PAD
    0x08008fbc   0x08008fbc   0x00000038   Code   RO         5672    i.initial_recoder   fatfs_write_wav.o
    0x08008ff4   0x08008ff4   0x00000026   Code   RO         4624    i.ld_clust          ff.o
    0x0800901a   0x0800901a   0x00000018   Code   RO         4625    i.ld_dword          ff.o
    0x08009032   0x08009032   0x0000000c   Code   RO         4626    i.ld_word           ff.o
    0x0800903e   0x0800903e   0x00000002   PAD
    0x08009040   0x08009040   0x000000ac   Code   RO           20    i.main              main.o
    0x080090ec   0x080090ec   0x0000006c   Code   RO         5955    i.malloc            mc_w.l(malloc.o)
    0x08009158   0x08009158   0x00000024   Code   RO         4627    i.mem_cmp           ff.o
    0x0800917c   0x0800917c   0x0000001a   Code   RO         4628    i.mem_cpy           ff.o
    0x08009196   0x08009196   0x00000012   Code   RO         4629    i.mem_set           ff.o
    0x080091a8   0x080091a8   0x00000034   Code   RO         4630    i.move_window       ff.o
    0x080091dc   0x080091dc   0x00000044   Code   RO         5863    i.my_mem_init       malloc.o
    0x08009220   0x08009220   0x000000a8   Code   RO         5864    i.my_mem_malloc     malloc.o
    0x080092c8   0x080092c8   0x00000040   Code   RO         5865    i.my_mem_perused    malloc.o
    0x08009308   0x08009308   0x00000028   Code   RO         5867    i.mymalloc          malloc.o
    0x08009330   0x08009330   0x00000014   Code   RO         5869    i.mymemset          malloc.o
    0x08009344   0x08009344   0x00000138   Code   RO         4632    i.put_fat           ff.o
    0x0800947c   0x0800947c   0x00000080   Code   RO         4633    i.put_lfn           ff.o
    0x080094fc   0x080094fc   0x0000004c   Code   RO         5647    i.recoder_wav_init  wav.o
    0x08009548   0x08009548   0x0000000e   Code   RO         5648    i.recoder_wav_update  wav.o
    0x08009556   0x08009556   0x0000009a   Code   RO         4637    i.remove_chain      ff.o
    0x080095f0   0x080095f0   0x00000024   Code   RO         4638    i.st_clust          ff.o
    0x08009614   0x08009614   0x00000018   Code   RO         4639    i.st_dword          ff.o
    0x0800962c   0x0800962c   0x0000000c   Code   RO         4640    i.st_word           ff.o
    0x08009638   0x08009638   0x00000024   Code   RO         5673    i.start_recoder     fatfs_write_wav.o
    0x0800965c   0x0800965c   0x0000001c   Code   RO         5674    i.stop_recoder      fatfs_write_wav.o
    0x08009678   0x08009678   0x00000020   Code   RO         4641    i.sum_sfn           ff.o
    0x08009698   0x08009698   0x00000090   Code   RO         4642    i.sync_fs           ff.o
    0x08009728   0x08009728   0x00000052   Code   RO         4643    i.sync_window       ff.o
    0x0800977a   0x0800977a   0x00000002   PAD
    0x0800977c   0x0800977c   0x00000054   Code   RO         5675    i.tick_recoder      fatfs_write_wav.o
    0x080097d0   0x080097d0   0x0000003c   Code   RO         4644    i.validate          ff.o
    0x0800980c   0x0800980c   0x0000011e   Code   RO         5803    i.write_buffer_data  ringbuffer.o
    0x0800992a   0x0800992a   0x00000002   PAD
    0x0800992c   0x0800992c   0x00000040   Code   RO         5676    i.write_wav_file    fatfs_write_wav.o
    0x0800996c   0x0800996c   0x00000014   Data   RO          420    .constdata          sd_diskio.o
    0x08009980   0x08009980   0x00000024   Data   RO          839    .constdata          usbd_storage_if.o
    0x080099a4   0x080099a4   0x00000008   Data   RO         3886    .constdata          stm32f4xx_hal_dma.o
    0x080099ac   0x080099ac   0x00000018   Data   RO         4488    .constdata          system_stm32f4xx.o
    0x080099c4   0x080099c4   0x0000002a   Data   RO         4646    .constdata          ff.o
    0x080099ee   0x080099ee   0x0001a8ae   Data   RO         5040    .constdata          cc950.o
    0x0802429c   0x0802429c   0x00000017   Data   RO         5522    .constdata          usbd_msc_data.o
    0x080242b3   0x080242b3   0x00000001   PAD
    0x080242b4   0x080242b4   0x00000024   Data   RO         5876    .constdata          malloc.o
    0x080242d8   0x080242d8   0x00000020   Data   RO         6004    Region$$Table       anon$$obj.o


    Execution Region RW_IRAM1 (Exec base: 0x20000000, Load base: 0x080242f8, Size: 0x0001d940, Max: 0x00020000, ABSOLUTE, COMPRESSED[0x000000d0])

    Exec Addr    Load Addr    Size         Type   Attr      Idx    E Section Name        Object

    0x20000000   COMPRESSED   0x00000014   Data   RW           22    .data               main.o
    0x20000014   COMPRESSED   0x0000000c   Data   RW          421    .data               sd_diskio.o
    0x20000020   COMPRESSED   0x00000005   Data   RW          487    .data               fatfs.o
    0x20000025   COMPRESSED   0x00000003   PAD
    0x20000028   COMPRESSED   0x00000034   Data   RW          773    .data               usbd_desc.o
    0x2000005c   COMPRESSED   0x00000020   Data   RW          840    .data               usbd_storage_if.o
    0x2000007c   COMPRESSED   0x00000009   Data   RW         4340    .data               stm32f4xx_hal.o
    0x20000085   COMPRESSED   0x00000003   PAD
    0x20000088   COMPRESSED   0x00000004   Data   RW         4489    .data               system_stm32f4xx.o
    0x2000008c   COMPRESSED   0x00000006   Data   RW         4647    .data               ff.o
    0x20000092   COMPRESSED   0x00000001   Data   RW         5222    .data               usbd_ctlreq.o
    0x20000093   COMPRESSED   0x00000001   PAD
    0x20000094   COMPRESSED   0x000000a2   Data   RW         5373    .data               usbd_msc.o
    0x20000136   COMPRESSED   0x00000002   PAD
    0x20000138   COMPRESSED   0x00000018   Data   RW         5678    .data               fatfs_write_wav.o
    0x20000150   COMPRESSED   0x00000024   Data   RW         5877    .data               malloc.o
    0x20000174   COMPRESSED   0x00000004   Data   RW         6000    .data               mc_w.l(mvars.o)
    0x20000178   COMPRESSED   0x00000004   Data   RW         6001    .data               mc_w.l(mvars.o)
    0x2000017c        -       0x00000394   Zero   RW           21    .bss                main.o
    0x20000510        -       0x00000464   Zero   RW          486    .bss                fatfs.o
    0x20000974        -       0x00000224   Zero   RW          522    .bss                usb_device.o
    0x20000b98        -       0x000003f0   Zero   RW          604    .bss                usbd_conf.o
    0x20000f88        -       0x00000200   Zero   RW          772    .bss                usbd_desc.o
    0x20001188        -       0x00000020   Zero   RW         4645    .bss                ff.o
    0x200011a8        -       0x0000000c   Zero   RW         4968    .bss                ff_gen_drv.o
    0x200011b4        -       0x00000a78   Zero   RW         5677    .bss                fatfs_write_wav.o
    0x20001c2c   COMPRESSED   0x00000014   PAD
    0x20001c40        -       0x0001a900   Zero   RW         5875    .bss                malloc.o
    0x2001c540        -       0x00000400   Zero   RW            2    HEAP                startup_stm32f411xe.o
    0x2001c940        -       0x00001000   Zero   RW            1    STACK               startup_stm32f411xe.o



  Load Region LR$$.ARM.__AT_0x10000000 (Base: 0x10000000, Size: 0x00000000, Max: 0x0000f000, ABSOLUTE)

    Execution Region ER$$.ARM.__AT_0x10000000 (Exec base: 0x10000000, Load base: 0x10000000, Size: 0x0000f000, Max: 0x0000f000, ABSOLUTE, UNINIT)

    Exec Addr    Load Addr    Size         Type   Attr      Idx    E Section Name        Object

    0x10000000        -       0x0000f000   Zero   RW         5871    .ARM.__AT_0x10000000  malloc.o



  Load Region LR$$.ARM.__AT_0x1000F000 (Base: 0x1000f000, Size: 0x00000000, Max: 0x00000f00, ABSOLUTE)

    Execution Region ER$$.ARM.__AT_0x1000F000 (Exec base: 0x1000f000, Load base: 0x1000f000, Size: 0x00000f00, Max: 0x00000f00, ABSOLUTE, UNINIT)

    Exec Addr    Load Addr    Size         Type   Attr      Idx    E Section Name        Object

    0x1000f000        -       0x00000f00   Zero   RW         5872    .ARM.__AT_0x1000F000  malloc.o



  Load Region LR$$.ARM.__AT_0x68000000 (Base: 0x68000000, Size: 0x00000000, Max: 0x000f0000, ABSOLUTE)

    Execution Region ER$$.ARM.__AT_0x68000000 (Exec base: 0x68000000, Load base: 0x68000000, Size: 0x000f0000, Max: 0x000f0000, ABSOLUTE, UNINIT)

    Exec Addr    Load Addr    Size         Type   Attr      Idx    E Section Name        Object

    0x68000000        -       0x000f0000   Zero   RW         5873    .ARM.__AT_0x68000000  malloc.o



  Load Region LR$$.ARM.__AT_0x680F0000 (Base: 0x680f0000, Size: 0x00000000, Max: 0x0000f000, ABSOLUTE)

    Execution Region ER$$.ARM.__AT_0x680F0000 (Exec base: 0x680f0000, Load base: 0x680f0000, Size: 0x0000f000, Max: 0x0000f000, ABSOLUTE, UNINIT)

    Exec Addr    Load Addr    Size         Type   Attr      Idx    E Section Name        Object

    0x680f0000        -       0x0000f000   Zero   RW         5874    .ARM.__AT_0x680F0000  malloc.o


==============================================================================

Image component sizes


      Code (inc. data)   RO Data    RW Data    ZI Data      Debug   Object Name

        14          0          0          0          0       1287   basic_function.o
       216         26          0          0          0       6492   bsp_driver_sd.o
       288         26     108718          0          0       2511   cc950.o
       208         24          0          0          0       4077   diskio.o
        32         12          0          5       1124       1596   fatfs.o
       492        128          0         24       2680       6669   fatfs_write_wav.o
      7438         98         42          6         32      45779   ff.o
       102          6          0          0         12       1767   ff_gen_drv.o
       910         96          0         20        916     463945   main.o
       360         42         36         36    1218560       5915   malloc.o
       454          0          0          0          0       4646   ringbuffer.o
       476         36         20         12          0       5961   sd_diskio.o
        36          8        408          0       5120        868   startup_stm32f411xe.o
       212         36          0          9          0       4785   stm32f4xx_hal.o
      1444         60          0          0          0       7202   stm32f4xx_hal_adc.o
       298         22          0          0          0      31119   stm32f4xx_hal_cortex.o
      1446         16          8          0          0       7322   stm32f4xx_hal_dma.o
       480         32          0          0          0       2384   stm32f4xx_hal_gpio.o
       744         62          0          0          0       3438   stm32f4xx_hal_msp.o
      3012         46          0          0          0      12168   stm32f4xx_hal_pcd.o
        92          0          0          0          0       1928   stm32f4xx_hal_pcd_ex.o
      1668         64          0          0          0       4522   stm32f4xx_hal_rcc.o
      3490         38          0          0          0      19315   stm32f4xx_hal_sd.o
      1166         28          0          0          0      11144   stm32f4xx_hal_tim.o
       102          0          0          0          0       2466   stm32f4xx_hal_tim_ex.o
       128         36          0          0          0       7536   stm32f4xx_it.o
      2090         40          0          0          0      25139   stm32f4xx_ll_sdmmc.o
      3182         64          0          0          0      21674   stm32f4xx_ll_usb.o
         0          0          0          0          0        572   syscall.o
       100         18         24          4          0       1251   system_stm32f4xx.o
        52         16          0          0        548       5977   usb_device.o
      1276         20          0          0       1008      16872   usbd_conf.o
       792          0          0          0          0      13441   usbd_core.o
      1584         30          0          1          0      11332   usbd_ctlreq.o
       300        124          0         52        512       5687   usbd_desc.o
       134          0          0          0          0       4152   usbd_ioreq.o
       562         24          0        162          0       9896   usbd_msc.o
       708          8          0          0          0       7949   usbd_msc_bot.o
         0          0         23          0          0        921   usbd_msc_data.o
      1982         14          0          0          0      14295   usbd_msc_scsi.o
        54          0         36         32          0       4835   usbd_storage_if.o
        90         16          0          0          0       1496   wav.o

    ----------------------------------------------------------------------
     38276       1316     109348        372    1230532     812331   Object Totals
         0          0         32          0          0          0   (incl. Generated)
        62          0          1          9         20          0   (incl. Padding)

    ----------------------------------------------------------------------

      Code (inc. data)   RO Data    RW Data    ZI Data      Debug   Library Member Name

        86          0          0          0          0          0   __dczerorl2.o
         0          0          0          0          0          0   entry.o
         0          0          0          0          0          0   entry10a.o
         0          0          0          0          0          0   entry11a.o
         8          4          0          0          0          0   entry2.o
         4          0          0          0          0          0   entry5.o
         0          0          0          0          0          0   entry7b.o
         0          0          0          0          0          0   entry8b.o
         8          4          0          0          0          0   entry9a.o
        30          0          0          0          0          0   handlers.o
        36          8          0          0          0         68   init.o
        30          0          0          0          0         68   llshl.o
        32          0          0          0          0         68   llushr.o
       188         20          0          0          0        160   malloc.o
        36          0          0          0          0         68   memcpya.o
        36          0          0          0          0        108   memseta.o
         0          0          0          8          0          0   mvars.o
        98          0          0          0          0         92   uldiv.o

    ----------------------------------------------------------------------
       592         36          0          8          0        632   Library Totals
         0          0          0          0          0          0   (incl. Padding)

    ----------------------------------------------------------------------

      Code (inc. data)   RO Data    RW Data    ZI Data      Debug   Library Name

       592         36          0          8          0        632   mc_w.l

    ----------------------------------------------------------------------
       592         36          0          8          0        632   Library Totals

    ----------------------------------------------------------------------

==============================================================================


      Code (inc. data)   RO Data    RW Data    ZI Data      Debug   

     38868       1352     109348        380    1230532     775287   Grand Totals
     38868       1352     109348        208    1230532     775287   ELF Image Totals (compressed)
     38868       1352     109348        208          0          0   ROM Totals

==============================================================================

    Total RO  Size (Code + RO Data)               148216 ( 144.74kB)
    Total RW  Size (RW Data + ZI Data)           1230912 (1202.06kB)
    Total ROM Size (Code + RO Data + RW Data)     148424 ( 144.95kB)

==============================================================================

